! UNIT_TEST ! 2024-04-22T19:20:16.577151091+00:00 [src/module_log.rs:65] INFO imbriqua_structure_loader::module_log: Log handle loaded 
! UNIT_TEST ! 2024-04-22T19:20:16.577257499+00:00 [src/module_file_manager.rs:83] TRACE imbriqua_structure_loader::module_file_manager: Path "tests/module_file_manager/module_flm_01_check_is_dir/folder_to_check" is a existing directory 
! UNIT_TEST ! 2024-04-22T19:20:16.577442962+00:00 [src/module_file_manager.rs:86] ERROR imbriqua_structure_loader::module_file_manager: PANIC_FLM01 - The 'folder' isn't a directory (or don't exist) : "tests/module_file_manager/module_flm_01_check_is_dir_panic_01/folder_to_check" 
! UNIT_TEST ! 2024-04-22T19:20:16.577747040+00:00 [src/module_file_manager.rs:83] TRACE imbriqua_structure_loader::module_file_manager: Path "tests/module_file_manager/module_flm_02_get_folder_content" is a existing directory 
! UNIT_TEST ! 2024-04-22T19:20:16.577888716+00:00 [src/module_file_manager.rs:109] TRACE imbriqua_structure_loader::module_file_manager: Path "tests/module_file_manager/module_flm_02_get_folder_content" content provided  
! UNIT_TEST ! 2024-04-22T19:20:16.577944366+00:00 [src/module_file_manager.rs:83] TRACE imbriqua_structure_loader::module_file_manager: Path "tests/module_file_manager/module_flm_02_get_folder_content/random_folder_01" is a existing directory 
! UNIT_TEST ! 2024-04-22T19:20:16.578002978+00:00 [src/module_file_manager.rs:109] TRACE imbriqua_structure_loader::module_file_manager: Path "tests/module_file_manager/module_flm_02_get_folder_content/random_folder_01" content provided  
! UNIT_TEST ! 2024-04-22T19:20:16.578033582+00:00 [src/module_file_manager.rs:83] TRACE imbriqua_structure_loader::module_file_manager: Path "tests/module_file_manager/module_flm_02_get_folder_content/random_folder_01/random_folder_03" is a existing directory 
! UNIT_TEST ! 2024-04-22T19:20:16.578075454+00:00 [src/module_file_manager.rs:109] TRACE imbriqua_structure_loader::module_file_manager: Path "tests/module_file_manager/module_flm_02_get_folder_content/random_folder_01/random_folder_03" content provided  
! UNIT_TEST ! 2024-04-22T19:20:16.578096026+00:00 [src/module_file_manager.rs:83] TRACE imbriqua_structure_loader::module_file_manager: Path "tests/module_file_manager/module_flm_02_get_folder_content/random_folder_02" is a existing directory 
! UNIT_TEST ! 2024-04-22T19:20:16.578134339+00:00 [src/module_file_manager.rs:109] TRACE imbriqua_structure_loader::module_file_manager: Path "tests/module_file_manager/module_flm_02_get_folder_content/random_folder_02" content provided  
! UNIT_TEST ! 2024-04-22T19:20:16.578397692+00:00 [src/module_file_manager.rs:83] TRACE imbriqua_structure_loader::module_file_manager: Path "tests/module_file_manager/module_flm_03_create_folder/folder_to_create" is a existing directory 
! UNIT_TEST ! 2024-04-22T19:20:16.578598496+00:00 [src/module_file_manager.rs:83] TRACE imbriqua_structure_loader::module_file_manager: Path "tests/module_file_manager/module_flm_04_copy_folder/to" is a existing directory 
! UNIT_TEST ! 2024-04-22T19:20:16.578924051+00:00 [src/module_file_manager.rs:203] TRACE imbriqua_structure_loader::module_file_manager: Folder "tests/module_file_manager/module_flm_03_create_folder/folder_to_create" deleted 
! UNIT_TEST ! 2024-04-22T19:20:16.578999718+00:00 [src/module_file_manager.rs:134] TRACE imbriqua_structure_loader::module_file_manager: Folder "tests/module_file_manager/module_flm_03_create_folder/folder_to_create" created 
! UNIT_TEST ! 2024-04-22T19:20:16.579021266+00:00 [src/module_file_manager.rs:83] TRACE imbriqua_structure_loader::module_file_manager: Path "tests/module_file_manager/module_flm_03_create_folder/folder_to_create" is a existing directory 
! UNIT_TEST ! 2024-04-22T19:20:16.580226659+00:00 [src/module_file_manager.rs:83] TRACE imbriqua_structure_loader::module_file_manager: Path "tests/module_file_manager/module_flm_05_move_folder/to" is a existing directory 
! UNIT_TEST ! 2024-04-22T19:20:16.580534059+00:00 [src/module_file_manager.rs:203] TRACE imbriqua_structure_loader::module_file_manager: Folder "tests/module_file_manager/module_flm_04_copy_folder/to" deleted 
! UNIT_TEST ! 2024-04-22T19:20:16.580572964+00:00 [src/module_file_manager.rs:83] TRACE imbriqua_structure_loader::module_file_manager: Path "tests/module_file_manager/module_flm_04_copy_folder/from" is a existing directory 
! UNIT_TEST ! 2024-04-22T19:20:16.580619575+00:00 [src/module_file_manager.rs:83] TRACE imbriqua_structure_loader::module_file_manager: Path "tests/module_file_manager/module_flm_06_delete_folder/from" is a existing directory 
! UNIT_TEST ! 2024-04-22T19:20:16.580699413+00:00 [src/module_file_manager.rs:134] TRACE imbriqua_structure_loader::module_file_manager: Folder "tests/module_file_manager/module_flm_06_delete_folder/empty_folder_to_delete" created 
! UNIT_TEST ! 2024-04-22T19:20:16.580717808+00:00 [src/module_file_manager.rs:134] TRACE imbriqua_structure_loader::module_file_manager: Folder "tests/module_file_manager/module_flm_04_copy_folder/to" created 
! UNIT_TEST ! 2024-04-22T19:20:16.580741425+00:00 [src/module_file_manager.rs:83] TRACE imbriqua_structure_loader::module_file_manager: Path "tests/module_file_manager/module_flm_06_delete_folder/empty_folder_to_delete" is a existing directory 
! UNIT_TEST ! 2024-04-22T19:20:16.580756822+00:00 [src/module_file_manager.rs:83] TRACE imbriqua_structure_loader::module_file_manager: Path "tests/module_file_manager/module_flm_04_copy_folder/to" is a existing directory 
! UNIT_TEST ! 2024-04-22T19:20:16.580774481+00:00 [src/module_file_manager.rs:83] TRACE imbriqua_structure_loader::module_file_manager: Path "tests/module_file_manager/module_flm_04_copy_folder/to" is a existing directory 
! UNIT_TEST ! 2024-04-22T19:20:16.580789208+00:00 [src/module_file_manager.rs:83] TRACE imbriqua_structure_loader::module_file_manager: Path "tests/module_file_manager/module_flm_04_copy_folder/from" is a existing directory 
! UNIT_TEST ! 2024-04-22T19:20:16.580906227+00:00 [src/module_file_manager.rs:109] TRACE imbriqua_structure_loader::module_file_manager: Path "tests/module_file_manager/module_flm_04_copy_folder/from" content provided  
! UNIT_TEST ! 2024-04-22T19:20:16.581272267+00:00 [src/module_file_manager.rs:158] TRACE imbriqua_structure_loader::module_file_manager: File "tests/module_file_manager/module_flm_04_copy_folder/from" copied 
! UNIT_TEST ! 2024-04-22T19:20:16.581295498+00:00 [src/module_file_manager.rs:83] TRACE imbriqua_structure_loader::module_file_manager: Path "tests/module_file_manager/module_flm_04_copy_folder/to" is a existing directory 
! UNIT_TEST ! 2024-04-22T19:20:16.581347244+00:00 [src/module_file_manager.rs:109] TRACE imbriqua_structure_loader::module_file_manager: Path "tests/module_file_manager/module_flm_04_copy_folder/to" content provided  
! UNIT_TEST ! 2024-04-22T19:20:16.581368373+00:00 [src/module_file_manager.rs:83] TRACE imbriqua_structure_loader::module_file_manager: Path "tests/module_file_manager/module_flm_04_copy_folder/to/random_folder_01" is a existing directory 
! UNIT_TEST ! 2024-04-22T19:20:16.581410800+00:00 [src/module_file_manager.rs:109] TRACE imbriqua_structure_loader::module_file_manager: Path "tests/module_file_manager/module_flm_04_copy_folder/to/random_folder_01" content provided  
! UNIT_TEST ! 2024-04-22T19:20:16.581431041+00:00 [src/module_file_manager.rs:83] TRACE imbriqua_structure_loader::module_file_manager: Path "tests/module_file_manager/module_flm_04_copy_folder/to/random_folder_01/random_folder_03" is a existing directory 
! UNIT_TEST ! 2024-04-22T19:20:16.581468906+00:00 [src/module_file_manager.rs:109] TRACE imbriqua_structure_loader::module_file_manager: Path "tests/module_file_manager/module_flm_04_copy_folder/to/random_folder_01/random_folder_03" content provided  
! UNIT_TEST ! 2024-04-22T19:20:16.581488647+00:00 [src/module_file_manager.rs:83] TRACE imbriqua_structure_loader::module_file_manager: Path "tests/module_file_manager/module_flm_04_copy_folder/to/random_folder_02" is a existing directory 
! UNIT_TEST ! 2024-04-22T19:20:16.581525305+00:00 [src/module_file_manager.rs:109] TRACE imbriqua_structure_loader::module_file_manager: Path "tests/module_file_manager/module_flm_04_copy_folder/to/random_folder_02" content provided  
! UNIT_TEST ! 2024-04-22T19:20:16.581585592+00:00 [src/module_file_manager.rs:203] TRACE imbriqua_structure_loader::module_file_manager: Folder "tests/module_file_manager/module_flm_05_move_folder/to" deleted 
! UNIT_TEST ! 2024-04-22T19:20:16.581610289+00:00 [src/module_file_manager.rs:83] TRACE imbriqua_structure_loader::module_file_manager: Path "tests/module_file_manager/module_flm_05_move_folder/from_template" is a existing directory 
! UNIT_TEST ! 2024-04-22T19:20:16.581659465+00:00 [src/module_file_manager.rs:134] TRACE imbriqua_structure_loader::module_file_manager: Folder "tests/module_file_manager/module_flm_05_move_folder/from" created 
! UNIT_TEST ! 2024-04-22T19:20:16.581678597+00:00 [src/module_file_manager.rs:83] TRACE imbriqua_structure_loader::module_file_manager: Path "tests/module_file_manager/module_flm_05_move_folder/from" is a existing directory 
! UNIT_TEST ! 2024-04-22T19:20:16.581694290+00:00 [src/module_file_manager.rs:83] TRACE imbriqua_structure_loader::module_file_manager: Path "tests/module_file_manager/module_flm_05_move_folder/from" is a existing directory 
! UNIT_TEST ! 2024-04-22T19:20:16.581709015+00:00 [src/module_file_manager.rs:83] TRACE imbriqua_structure_loader::module_file_manager: Path "tests/module_file_manager/module_flm_05_move_folder/from_template" is a existing directory 
! UNIT_TEST ! 2024-04-22T19:20:16.581766155+00:00 [src/module_file_manager.rs:109] TRACE imbriqua_structure_loader::module_file_manager: Path "tests/module_file_manager/module_flm_05_move_folder/from_template" content provided  
! UNIT_TEST ! 2024-04-22T19:20:16.582139026+00:00 [src/module_file_manager.rs:158] TRACE imbriqua_structure_loader::module_file_manager: File "tests/module_file_manager/module_flm_05_move_folder/from_template" copied 
! UNIT_TEST ! 2024-04-22T19:20:16.582164002+00:00 [src/module_file_manager.rs:83] TRACE imbriqua_structure_loader::module_file_manager: Path "tests/module_file_manager/module_flm_05_move_folder/from" is a existing directory 
! UNIT_TEST ! 2024-04-22T19:20:16.582216006+00:00 [src/module_file_manager.rs:109] TRACE imbriqua_structure_loader::module_file_manager: Path "tests/module_file_manager/module_flm_05_move_folder/from" content provided  
! UNIT_TEST ! 2024-04-22T19:20:16.582237315+00:00 [src/module_file_manager.rs:83] TRACE imbriqua_structure_loader::module_file_manager: Path "tests/module_file_manager/module_flm_05_move_folder/from/random_folder_01" is a existing directory 
! UNIT_TEST ! 2024-04-22T19:20:16.582283116+00:00 [src/module_file_manager.rs:109] TRACE imbriqua_structure_loader::module_file_manager: Path "tests/module_file_manager/module_flm_05_move_folder/from/random_folder_01" content provided  
! UNIT_TEST ! 2024-04-22T19:20:16.582302950+00:00 [src/module_file_manager.rs:83] TRACE imbriqua_structure_loader::module_file_manager: Path "tests/module_file_manager/module_flm_05_move_folder/from/random_folder_01/random_folder_03" is a existing directory 
! UNIT_TEST ! 2024-04-22T19:20:16.582339964+00:00 [src/module_file_manager.rs:109] TRACE imbriqua_structure_loader::module_file_manager: Path "tests/module_file_manager/module_flm_05_move_folder/from/random_folder_01/random_folder_03" content provided  
! UNIT_TEST ! 2024-04-22T19:20:16.582359752+00:00 [src/module_file_manager.rs:83] TRACE imbriqua_structure_loader::module_file_manager: Path "tests/module_file_manager/module_flm_05_move_folder/from/random_folder_02" is a existing directory 
! UNIT_TEST ! 2024-04-22T19:20:16.582396236+00:00 [src/module_file_manager.rs:109] TRACE imbriqua_structure_loader::module_file_manager: Path "tests/module_file_manager/module_flm_05_move_folder/from/random_folder_02" content provided  
! UNIT_TEST ! 2024-04-22T19:20:16.582415296+00:00 [src/module_file_manager.rs:83] TRACE imbriqua_structure_loader::module_file_manager: Path "tests/module_file_manager/module_flm_05_move_folder/from" is a existing directory 
! UNIT_TEST ! 2024-04-22T19:20:16.582463240+00:00 [src/module_file_manager.rs:134] TRACE imbriqua_structure_loader::module_file_manager: Folder "tests/module_file_manager/module_flm_05_move_folder/to" created 
! UNIT_TEST ! 2024-04-22T19:20:16.582487922+00:00 [src/module_file_manager.rs:83] TRACE imbriqua_structure_loader::module_file_manager: Path "tests/module_file_manager/module_flm_05_move_folder/to" is a existing directory 
! UNIT_TEST ! 2024-04-22T19:20:16.582503858+00:00 [src/module_file_manager.rs:83] TRACE imbriqua_structure_loader::module_file_manager: Path "tests/module_file_manager/module_flm_05_move_folder/to" is a existing directory 
! UNIT_TEST ! 2024-04-22T19:20:16.582518100+00:00 [src/module_file_manager.rs:83] TRACE imbriqua_structure_loader::module_file_manager: Path "tests/module_file_manager/module_flm_05_move_folder/from" is a existing directory 
! UNIT_TEST ! 2024-04-22T19:20:16.582565478+00:00 [src/module_file_manager.rs:109] TRACE imbriqua_structure_loader::module_file_manager: Path "tests/module_file_manager/module_flm_05_move_folder/from" content provided  
! UNIT_TEST ! 2024-04-22T19:20:16.582887780+00:00 [src/module_file_manager.rs:83] TRACE imbriqua_structure_loader::module_file_manager: Path "tests/module_file_manager/module_flm_06_delete_folder/empty_folder_to_delete" is a existing directory 
! UNIT_TEST ! 2024-04-22T19:20:16.582928884+00:00 [src/module_file_manager.rs:83] TRACE imbriqua_structure_loader::module_file_manager: Path "tests/module_file_manager/module_flm_06_delete_folder/from" is a existing directory 
! UNIT_TEST ! 2024-04-22T19:20:16.582990236+00:00 [src/module_file_manager.rs:109] TRACE imbriqua_structure_loader::module_file_manager: Path "tests/module_file_manager/module_flm_06_delete_folder/from" content provided  
! UNIT_TEST ! 2024-04-22T19:20:16.583176724+00:00 [src/module_file_manager.rs:180] TRACE imbriqua_structure_loader::module_file_manager: File "tests/module_file_manager/module_flm_05_move_folder/from" moved 
! UNIT_TEST ! 2024-04-22T19:20:16.583200527+00:00 [src/module_file_manager.rs:83] TRACE imbriqua_structure_loader::module_file_manager: Path "tests/module_file_manager/module_flm_05_move_folder/from" is a existing directory 
! UNIT_TEST ! 2024-04-22T19:20:16.583216677+00:00 [src/module_file_manager.rs:83] TRACE imbriqua_structure_loader::module_file_manager: Path "tests/module_file_manager/module_flm_05_move_folder/from" is a existing directory 
! UNIT_TEST ! 2024-04-22T19:20:16.583250405+00:00 [src/module_file_manager.rs:109] TRACE imbriqua_structure_loader::module_file_manager: Path "tests/module_file_manager/module_flm_05_move_folder/from" content provided  
! UNIT_TEST ! 2024-04-22T19:20:16.583314280+00:00 [src/module_file_manager.rs:203] TRACE imbriqua_structure_loader::module_file_manager: Folder "tests/module_file_manager/module_flm_05_move_folder/from" deleted 
! UNIT_TEST ! 2024-04-22T19:20:16.583337075+00:00 [src/module_file_manager.rs:83] TRACE imbriqua_structure_loader::module_file_manager: Path "tests/module_file_manager/module_flm_05_move_folder/to" is a existing directory 
! UNIT_TEST ! 2024-04-22T19:20:16.583362753+00:00 [src/module_file_manager.rs:158] TRACE imbriqua_structure_loader::module_file_manager: File "tests/module_file_manager/module_flm_06_delete_folder/from" copied 
! UNIT_TEST ! 2024-04-22T19:20:16.583387635+00:00 [src/module_file_manager.rs:109] TRACE imbriqua_structure_loader::module_file_manager: Path "tests/module_file_manager/module_flm_05_move_folder/to" content provided  
! UNIT_TEST ! 2024-04-22T19:20:16.583401526+00:00 [src/module_file_manager.rs:83] TRACE imbriqua_structure_loader::module_file_manager: Path "tests/module_file_manager/module_flm_06_delete_folder/empty_folder_to_delete" is a existing directory 
! UNIT_TEST ! 2024-04-22T19:20:16.583623959+00:00 [src/module_file_manager.rs:203] TRACE imbriqua_structure_loader::module_file_manager: Folder "tests/module_file_manager/module_flm_06_delete_folder/empty_folder_to_delete" deleted 
! UNIT_TEST ! 2024-04-22T19:20:16.583647772+00:00 [src/module_file_manager.rs:83] TRACE imbriqua_structure_loader::module_file_manager: Path "tests/module_file_manager/module_flm_06_delete_folder/not_empty_folder_to_delete" is a existing directory 
! UNIT_TEST ! 2024-04-22T19:20:16.583669438+00:00 [src/module_file_manager.rs:83] TRACE imbriqua_structure_loader::module_file_manager: Path "tests/module_file_manager/module_flm_06_delete_folder/not_empty_folder_to_delete" is a existing directory 
! UNIT_TEST ! 2024-04-22T19:20:16.583722190+00:00 [src/module_file_manager.rs:109] TRACE imbriqua_structure_loader::module_file_manager: Path "tests/module_file_manager/module_flm_06_delete_folder/not_empty_folder_to_delete" content provided  
! UNIT_TEST ! 2024-04-22T19:20:16.583741611+00:00 [src/module_file_manager.rs:197] TRACE imbriqua_structure_loader::module_file_manager: Folder "tests/module_file_manager/module_flm_06_delete_folder/not_empty_folder_to_delete" isn't empty (don't delete) 
! UNIT_TEST ! 2024-04-22T19:20:16.585612991+00:00 [src/module_file_manager.rs:83] TRACE imbriqua_structure_loader::module_file_manager: Path "tests/module_file_manager/module_flm_07_purge_folder/not_empty_folder_to_purge" is a existing directory 
! UNIT_TEST ! 2024-04-22T19:20:16.585727716+00:00 [src/module_file_manager.rs:235] TRACE imbriqua_structure_loader::module_file_manager: Path "tests/module_file_manager/module_flm_08_check_is_file/file_to_check" is a existing file 
! UNIT_TEST ! 2024-04-22T19:20:16.586116929+00:00 [src/module_file_manager.rs:238] ERROR imbriqua_structure_loader::module_file_manager: PANIC_FLM08 - The 'file' isn't a file (or don't exist) : "tests/module_file_manager/module_flm_08_check_is_file_panic_01/file_to_check" 
! UNIT_TEST ! 2024-04-22T19:20:16.586593255+00:00 [src/module_file_manager.rs:109] TRACE imbriqua_structure_loader::module_file_manager: Path "tests/module_file_manager/module_flm_07_purge_folder/not_empty_folder_to_purge" content provided  
! UNIT_TEST ! 2024-04-22T19:20:16.586664844+00:00 [src/module_file_manager.rs:83] TRACE imbriqua_structure_loader::module_file_manager: Path "tests/module_file_manager/module_flm_07_purge_folder/from" is a existing directory 
! UNIT_TEST ! 2024-04-22T19:20:16.586684661+00:00 [src/module_file_manager.rs:126] TRACE imbriqua_structure_loader::module_file_manager: Folder "tests/module_file_manager/module_flm_07_purge_folder/not_empty_folder_to_purge" already exist (don't create) 
! UNIT_TEST ! 2024-04-22T19:20:16.586700071+00:00 [src/module_file_manager.rs:83] TRACE imbriqua_structure_loader::module_file_manager: Path "tests/module_file_manager/module_flm_07_purge_folder/not_empty_folder_to_purge" is a existing directory 
! UNIT_TEST ! 2024-04-22T19:20:16.586714594+00:00 [src/module_file_manager.rs:83] TRACE imbriqua_structure_loader::module_file_manager: Path "tests/module_file_manager/module_flm_07_purge_folder/not_empty_folder_to_purge" is a existing directory 
! UNIT_TEST ! 2024-04-22T19:20:16.586729184+00:00 [src/module_file_manager.rs:83] TRACE imbriqua_structure_loader::module_file_manager: Path "tests/module_file_manager/module_flm_07_purge_folder/from" is a existing directory 
! UNIT_TEST ! 2024-04-22T19:20:16.586790691+00:00 [src/module_file_manager.rs:109] TRACE imbriqua_structure_loader::module_file_manager: Path "tests/module_file_manager/module_flm_07_purge_folder/from" content provided  
! UNIT_TEST ! 2024-04-22T19:20:16.587191196+00:00 [src/module_file_manager.rs:158] TRACE imbriqua_structure_loader::module_file_manager: File "tests/module_file_manager/module_flm_07_purge_folder/from" copied 
! UNIT_TEST ! 2024-04-22T19:20:16.587215849+00:00 [src/module_file_manager.rs:83] TRACE imbriqua_structure_loader::module_file_manager: Path "tests/module_file_manager/module_flm_07_purge_folder/not_empty_folder_to_purge" is a existing directory 
! UNIT_TEST ! 2024-04-22T19:20:16.587267514+00:00 [src/module_file_manager.rs:109] TRACE imbriqua_structure_loader::module_file_manager: Path "tests/module_file_manager/module_flm_07_purge_folder/not_empty_folder_to_purge" content provided  
! UNIT_TEST ! 2024-04-22T19:20:16.587289522+00:00 [src/module_file_manager.rs:83] TRACE imbriqua_structure_loader::module_file_manager: Path "tests/module_file_manager/module_flm_07_purge_folder/not_empty_folder_to_purge" is a existing directory 
! UNIT_TEST ! 2024-04-22T19:20:16.587312237+00:00 [src/module_file_manager.rs:83] TRACE imbriqua_structure_loader::module_file_manager: Path "tests/module_file_manager/module_flm_07_purge_folder/not_empty_folder_to_purge" is a existing directory 
! UNIT_TEST ! 2024-04-22T19:20:16.587359168+00:00 [src/module_file_manager.rs:109] TRACE imbriqua_structure_loader::module_file_manager: Path "tests/module_file_manager/module_flm_07_purge_folder/not_empty_folder_to_purge" content provided  
! UNIT_TEST ! 2024-04-22T19:20:16.587576970+00:00 [src/module_file_manager.rs:221] TRACE imbriqua_structure_loader::module_file_manager: Purging content of "tests/module_file_manager/module_flm_07_purge_folder/not_empty_folder_to_purge" 
! UNIT_TEST ! 2024-04-22T19:20:16.587601294+00:00 [src/module_file_manager.rs:83] TRACE imbriqua_structure_loader::module_file_manager: Path "tests/module_file_manager/module_flm_07_purge_folder/not_empty_folder_to_purge" is a existing directory 
! UNIT_TEST ! 2024-04-22T19:20:16.587632847+00:00 [src/module_file_manager.rs:109] TRACE imbriqua_structure_loader::module_file_manager: Path "tests/module_file_manager/module_flm_07_purge_folder/not_empty_folder_to_purge" content provided  
! UNIT_TEST ! 2024-04-22T19:20:16.587665649+00:00 [src/module_file_manager.rs:83] TRACE imbriqua_structure_loader::module_file_manager: Path "tests/module_file_manager/module_flm_05_move_folder/to/random_folder_01" is a existing directory 
! UNIT_TEST ! 2024-04-22T19:20:16.587716762+00:00 [src/module_file_manager.rs:109] TRACE imbriqua_structure_loader::module_file_manager: Path "tests/module_file_manager/module_flm_05_move_folder/to/random_folder_01" content provided  
! UNIT_TEST ! 2024-04-22T19:20:16.587738605+00:00 [src/module_file_manager.rs:83] TRACE imbriqua_structure_loader::module_file_manager: Path "tests/module_file_manager/module_flm_05_move_folder/to/random_folder_01/random_folder_03" is a existing directory 
! UNIT_TEST ! 2024-04-22T19:20:16.587778272+00:00 [src/module_file_manager.rs:109] TRACE imbriqua_structure_loader::module_file_manager: Path "tests/module_file_manager/module_flm_05_move_folder/to/random_folder_01/random_folder_03" content provided  
! UNIT_TEST ! 2024-04-22T19:20:16.587798601+00:00 [src/module_file_manager.rs:83] TRACE imbriqua_structure_loader::module_file_manager: Path "tests/module_file_manager/module_flm_05_move_folder/to/random_folder_02" is a existing directory 
! UNIT_TEST ! 2024-04-22T19:20:16.587837486+00:00 [src/module_file_manager.rs:109] TRACE imbriqua_structure_loader::module_file_manager: Path "tests/module_file_manager/module_flm_05_move_folder/to/random_folder_02" content provided  
! UNIT_TEST ! 2024-04-22T19:20:16.587991580+00:00 [src/module_file_manager.rs:235] TRACE imbriqua_structure_loader::module_file_manager: Path "tests/module_file_manager/module_flm_09_write_new_file/writing_file.txt" is a existing file 
! UNIT_TEST ! 2024-04-22T19:20:16.588075274+00:00 [src/module_file_manager.rs:347] TRACE imbriqua_structure_loader::module_file_manager: File "tests/module_file_manager/module_flm_09_write_new_file/writing_file.txt" deleted 
! UNIT_TEST ! 2024-04-22T19:20:16.588115709+00:00 [src/module_file_manager.rs:254] TRACE imbriqua_structure_loader::module_file_manager: The 'file' was created : "tests/module_file_manager/module_flm_09_write_new_file/writing_file.txt" 
! UNIT_TEST ! 2024-04-22T19:20:16.588134319+00:00 [src/module_file_manager.rs:235] TRACE imbriqua_structure_loader::module_file_manager: Path "tests/module_file_manager/module_flm_09_write_new_file/writing_file.txt" is a existing file 
! UNIT_TEST ! 2024-04-22T19:20:16.588270966+00:00 [src/module_file_manager.rs:235] TRACE imbriqua_structure_loader::module_file_manager: Path "tests/module_log/module_log_02_check_configuration_by_file/config_log.yml" is a existing file 
! UNIT_TEST ! 2024-04-22T19:20:16.588314467+00:00 [src/module_file_manager.rs:273] TRACE imbriqua_structure_loader::module_file_manager: The 'file' is readable : "tests/module_log/module_log_02_check_configuration_by_file/config_log.yml" 
! UNIT_TEST ! 2024-04-22T19:20:16.588968724+00:00 [src/module_file_manager.rs:235] TRACE imbriqua_structure_loader::module_file_manager: Path "tests/module_file_manager/module_flm_10_get_file_content/file_to_read.txt" is a existing file 
! UNIT_TEST ! 2024-04-22T19:20:16.589041851+00:00 [src/module_file_manager.rs:273] TRACE imbriqua_structure_loader::module_file_manager: The 'file' is readable : "tests/module_file_manager/module_flm_10_get_file_content/file_to_read.txt" 
! UNIT_TEST ! 2024-04-22T19:20:46.468126487+00:00 [src/module_log.rs:65] INFO imbriqua_structure_loader::module_log: Log handle loaded 
! UNIT_TEST ! 2024-04-22T19:20:46.468200682+00:00 [src/module_file_manager.rs:86] ERROR imbriqua_structure_loader::module_file_manager: PANIC_FLM01 - The 'folder' isn't a directory (or don't exist) : "tests/module_file_manager/module_flm_01_check_is_dir_panic_01/folder_to_check" 
! UNIT_TEST ! 2024-04-22T19:20:46.468439976+00:00 [src/module_file_manager.rs:83] TRACE imbriqua_structure_loader::module_file_manager: Path "tests/module_file_manager/module_flm_01_check_is_dir/folder_to_check" is a existing directory 
! UNIT_TEST ! 2024-04-22T19:20:46.468818655+00:00 [src/module_file_manager.rs:83] TRACE imbriqua_structure_loader::module_file_manager: Path "tests/module_file_manager/module_flm_04_copy_folder/to" is a existing directory 
! UNIT_TEST ! 2024-04-22T19:20:46.468917180+00:00 [src/module_file_manager.rs:83] TRACE imbriqua_structure_loader::module_file_manager: Path "tests/module_file_manager/module_flm_02_get_folder_content" is a existing directory 
! UNIT_TEST ! 2024-04-22T19:20:46.468998025+00:00 [src/module_file_manager.rs:83] TRACE imbriqua_structure_loader::module_file_manager: Path "tests/module_file_manager/module_flm_03_create_folder/folder_to_create" is a existing directory 
! UNIT_TEST ! 2024-04-22T19:20:46.469036463+00:00 [src/module_file_manager.rs:109] TRACE imbriqua_structure_loader::module_file_manager: Path "tests/module_file_manager/module_flm_02_get_folder_content" content provided  
! UNIT_TEST ! 2024-04-22T19:20:46.469070634+00:00 [src/module_file_manager.rs:83] TRACE imbriqua_structure_loader::module_file_manager: Path "tests/module_file_manager/module_flm_02_get_folder_content/random_folder_01" is a existing directory 
! UNIT_TEST ! 2024-04-22T19:20:46.469143924+00:00 [src/module_file_manager.rs:109] TRACE imbriqua_structure_loader::module_file_manager: Path "tests/module_file_manager/module_flm_02_get_folder_content/random_folder_01" content provided  
! UNIT_TEST ! 2024-04-22T19:20:46.469172947+00:00 [src/module_file_manager.rs:83] TRACE imbriqua_structure_loader::module_file_manager: Path "tests/module_file_manager/module_flm_02_get_folder_content/random_folder_01/random_folder_03" is a existing directory 
! UNIT_TEST ! 2024-04-22T19:20:46.469222274+00:00 [src/module_file_manager.rs:109] TRACE imbriqua_structure_loader::module_file_manager: Path "tests/module_file_manager/module_flm_02_get_folder_content/random_folder_01/random_folder_03" content provided  
! UNIT_TEST ! 2024-04-22T19:20:46.469248642+00:00 [src/module_file_manager.rs:83] TRACE imbriqua_structure_loader::module_file_manager: Path "tests/module_file_manager/module_flm_02_get_folder_content/random_folder_02" is a existing directory 
! UNIT_TEST ! 2024-04-22T19:20:46.469296154+00:00 [src/module_file_manager.rs:109] TRACE imbriqua_structure_loader::module_file_manager: Path "tests/module_file_manager/module_flm_02_get_folder_content/random_folder_02" content provided  
! UNIT_TEST ! 2024-04-22T19:20:46.470024473+00:00 [src/module_file_manager.rs:203] TRACE imbriqua_structure_loader::module_file_manager: Folder "tests/module_file_manager/module_flm_03_create_folder/folder_to_create" deleted 
! UNIT_TEST ! 2024-04-22T19:20:46.470118883+00:00 [src/module_file_manager.rs:134] TRACE imbriqua_structure_loader::module_file_manager: Folder "tests/module_file_manager/module_flm_03_create_folder/folder_to_create" created 
! UNIT_TEST ! 2024-04-22T19:20:46.470154250+00:00 [src/module_file_manager.rs:83] TRACE imbriqua_structure_loader::module_file_manager: Path "tests/module_file_manager/module_flm_03_create_folder/folder_to_create" is a existing directory 
! UNIT_TEST ! 2024-04-22T19:20:46.471330037+00:00 [src/module_file_manager.rs:83] TRACE imbriqua_structure_loader::module_file_manager: Path "tests/module_file_manager/module_flm_05_move_folder/to" is a existing directory 
! UNIT_TEST ! 2024-04-22T19:20:46.471676883+00:00 [src/module_file_manager.rs:203] TRACE imbriqua_structure_loader::module_file_manager: Folder "tests/module_file_manager/module_flm_05_move_folder/to" deleted 
! UNIT_TEST ! 2024-04-22T19:20:46.471708347+00:00 [src/module_file_manager.rs:83] TRACE imbriqua_structure_loader::module_file_manager: Path "tests/module_file_manager/module_flm_05_move_folder/from_template" is a existing directory 
! UNIT_TEST ! 2024-04-22T19:20:46.471773041+00:00 [src/module_file_manager.rs:134] TRACE imbriqua_structure_loader::module_file_manager: Folder "tests/module_file_manager/module_flm_05_move_folder/from" created 
! UNIT_TEST ! 2024-04-22T19:20:46.471795722+00:00 [src/module_file_manager.rs:83] TRACE imbriqua_structure_loader::module_file_manager: Path "tests/module_file_manager/module_flm_05_move_folder/from" is a existing directory 
! UNIT_TEST ! 2024-04-22T19:20:46.471812896+00:00 [src/module_file_manager.rs:83] TRACE imbriqua_structure_loader::module_file_manager: Path "tests/module_file_manager/module_flm_05_move_folder/from" is a existing directory 
! UNIT_TEST ! 2024-04-22T19:20:46.471829646+00:00 [src/module_file_manager.rs:83] TRACE imbriqua_structure_loader::module_file_manager: Path "tests/module_file_manager/module_flm_05_move_folder/from_template" is a existing directory 
! UNIT_TEST ! 2024-04-22T19:20:46.471945741+00:00 [src/module_file_manager.rs:109] TRACE imbriqua_structure_loader::module_file_manager: Path "tests/module_file_manager/module_flm_05_move_folder/from_template" content provided  
! UNIT_TEST ! 2024-04-22T19:20:46.472393561+00:00 [src/module_file_manager.rs:158] TRACE imbriqua_structure_loader::module_file_manager: File "tests/module_file_manager/module_flm_05_move_folder/from_template" copied 
! UNIT_TEST ! 2024-04-22T19:20:46.472420479+00:00 [src/module_file_manager.rs:83] TRACE imbriqua_structure_loader::module_file_manager: Path "tests/module_file_manager/module_flm_05_move_folder/from" is a existing directory 
! UNIT_TEST ! 2024-04-22T19:20:46.472480913+00:00 [src/module_file_manager.rs:109] TRACE imbriqua_structure_loader::module_file_manager: Path "tests/module_file_manager/module_flm_05_move_folder/from" content provided  
! UNIT_TEST ! 2024-04-22T19:20:46.472505653+00:00 [src/module_file_manager.rs:83] TRACE imbriqua_structure_loader::module_file_manager: Path "tests/module_file_manager/module_flm_05_move_folder/from/random_folder_01" is a existing directory 
! UNIT_TEST ! 2024-04-22T19:20:46.472555739+00:00 [src/module_file_manager.rs:109] TRACE imbriqua_structure_loader::module_file_manager: Path "tests/module_file_manager/module_flm_05_move_folder/from/random_folder_01" content provided  
! UNIT_TEST ! 2024-04-22T19:20:46.472579190+00:00 [src/module_file_manager.rs:83] TRACE imbriqua_structure_loader::module_file_manager: Path "tests/module_file_manager/module_flm_05_move_folder/from/random_folder_01/random_folder_03" is a existing directory 
! UNIT_TEST ! 2024-04-22T19:20:46.472622279+00:00 [src/module_file_manager.rs:109] TRACE imbriqua_structure_loader::module_file_manager: Path "tests/module_file_manager/module_flm_05_move_folder/from/random_folder_01/random_folder_03" content provided  
! UNIT_TEST ! 2024-04-22T19:20:46.472645125+00:00 [src/module_file_manager.rs:83] TRACE imbriqua_structure_loader::module_file_manager: Path "tests/module_file_manager/module_flm_05_move_folder/from/random_folder_02" is a existing directory 
! UNIT_TEST ! 2024-04-22T19:20:46.472688754+00:00 [src/module_file_manager.rs:109] TRACE imbriqua_structure_loader::module_file_manager: Path "tests/module_file_manager/module_flm_05_move_folder/from/random_folder_02" content provided  
! UNIT_TEST ! 2024-04-22T19:20:46.472719372+00:00 [src/module_file_manager.rs:83] TRACE imbriqua_structure_loader::module_file_manager: Path "tests/module_file_manager/module_flm_05_move_folder/from" is a existing directory 
! UNIT_TEST ! 2024-04-22T19:20:46.472776672+00:00 [src/module_file_manager.rs:134] TRACE imbriqua_structure_loader::module_file_manager: Folder "tests/module_file_manager/module_flm_05_move_folder/to" created 
! UNIT_TEST ! 2024-04-22T19:20:46.472798483+00:00 [src/module_file_manager.rs:83] TRACE imbriqua_structure_loader::module_file_manager: Path "tests/module_file_manager/module_flm_05_move_folder/to" is a existing directory 
! UNIT_TEST ! 2024-04-22T19:20:46.472815643+00:00 [src/module_file_manager.rs:83] TRACE imbriqua_structure_loader::module_file_manager: Path "tests/module_file_manager/module_flm_05_move_folder/to" is a existing directory 
! UNIT_TEST ! 2024-04-22T19:20:46.472831806+00:00 [src/module_file_manager.rs:83] TRACE imbriqua_structure_loader::module_file_manager: Path "tests/module_file_manager/module_flm_05_move_folder/from" is a existing directory 
! UNIT_TEST ! 2024-04-22T19:20:46.474700378+00:00 [src/module_file_manager.rs:203] TRACE imbriqua_structure_loader::module_file_manager: Folder "tests/module_file_manager/module_flm_04_copy_folder/to" deleted 
! UNIT_TEST ! 2024-04-22T19:20:46.474784879+00:00 [src/module_file_manager.rs:83] TRACE imbriqua_structure_loader::module_file_manager: Path "tests/module_file_manager/module_flm_06_delete_folder/from" is a existing directory 
! UNIT_TEST ! 2024-04-22T19:20:46.474925409+00:00 [src/module_file_manager.rs:83] TRACE imbriqua_structure_loader::module_file_manager: Path "tests/module_file_manager/module_flm_04_copy_folder/from" is a existing directory 
! UNIT_TEST ! 2024-04-22T19:20:46.474959205+00:00 [src/module_file_manager.rs:109] TRACE imbriqua_structure_loader::module_file_manager: Path "tests/module_file_manager/module_flm_05_move_folder/from" content provided  
! UNIT_TEST ! 2024-04-22T19:20:46.475013888+00:00 [src/module_file_manager.rs:134] TRACE imbriqua_structure_loader::module_file_manager: Folder "tests/module_file_manager/module_flm_06_delete_folder/empty_folder_to_delete" created 
! UNIT_TEST ! 2024-04-22T19:20:46.475037433+00:00 [src/module_file_manager.rs:83] TRACE imbriqua_structure_loader::module_file_manager: Path "tests/module_file_manager/module_flm_06_delete_folder/empty_folder_to_delete" is a existing directory 
! UNIT_TEST ! 2024-04-22T19:20:46.475056542+00:00 [src/module_file_manager.rs:83] TRACE imbriqua_structure_loader::module_file_manager: Path "tests/module_file_manager/module_flm_06_delete_folder/empty_folder_to_delete" is a existing directory 
! UNIT_TEST ! 2024-04-22T19:20:46.475074897+00:00 [src/module_file_manager.rs:83] TRACE imbriqua_structure_loader::module_file_manager: Path "tests/module_file_manager/module_flm_06_delete_folder/from" is a existing directory 
! UNIT_TEST ! 2024-04-22T19:20:46.475138021+00:00 [src/module_file_manager.rs:109] TRACE imbriqua_structure_loader::module_file_manager: Path "tests/module_file_manager/module_flm_06_delete_folder/from" content provided  
! UNIT_TEST ! 2024-04-22T19:20:46.475572925+00:00 [src/module_file_manager.rs:158] TRACE imbriqua_structure_loader::module_file_manager: File "tests/module_file_manager/module_flm_06_delete_folder/from" copied 
! UNIT_TEST ! 2024-04-22T19:20:46.475605659+00:00 [src/module_file_manager.rs:83] TRACE imbriqua_structure_loader::module_file_manager: Path "tests/module_file_manager/module_flm_06_delete_folder/empty_folder_to_delete" is a existing directory 
! UNIT_TEST ! 2024-04-22T19:20:46.475881397+00:00 [src/module_file_manager.rs:134] TRACE imbriqua_structure_loader::module_file_manager: Folder "tests/module_file_manager/module_flm_04_copy_folder/to" created 
! UNIT_TEST ! 2024-04-22T19:20:46.475919753+00:00 [src/module_file_manager.rs:83] TRACE imbriqua_structure_loader::module_file_manager: Path "tests/module_file_manager/module_flm_04_copy_folder/to" is a existing directory 
! UNIT_TEST ! 2024-04-22T19:20:46.475946110+00:00 [src/module_file_manager.rs:83] TRACE imbriqua_structure_loader::module_file_manager: Path "tests/module_file_manager/module_flm_04_copy_folder/to" is a existing directory 
! UNIT_TEST ! 2024-04-22T19:20:46.475964235+00:00 [src/module_file_manager.rs:83] TRACE imbriqua_structure_loader::module_file_manager: Path "tests/module_file_manager/module_flm_04_copy_folder/from" is a existing directory 
! UNIT_TEST ! 2024-04-22T19:20:46.476029594+00:00 [src/module_file_manager.rs:109] TRACE imbriqua_structure_loader::module_file_manager: Path "tests/module_file_manager/module_flm_04_copy_folder/from" content provided  
! UNIT_TEST ! 2024-04-22T19:20:46.476433943+00:00 [src/module_file_manager.rs:158] TRACE imbriqua_structure_loader::module_file_manager: File "tests/module_file_manager/module_flm_04_copy_folder/from" copied 
! UNIT_TEST ! 2024-04-22T19:20:46.476459736+00:00 [src/module_file_manager.rs:83] TRACE imbriqua_structure_loader::module_file_manager: Path "tests/module_file_manager/module_flm_04_copy_folder/to" is a existing directory 
! UNIT_TEST ! 2024-04-22T19:20:46.476519040+00:00 [src/module_file_manager.rs:109] TRACE imbriqua_structure_loader::module_file_manager: Path "tests/module_file_manager/module_flm_04_copy_folder/to" content provided  
! UNIT_TEST ! 2024-04-22T19:20:46.476543542+00:00 [src/module_file_manager.rs:83] TRACE imbriqua_structure_loader::module_file_manager: Path "tests/module_file_manager/module_flm_04_copy_folder/to/random_folder_01" is a existing directory 
! UNIT_TEST ! 2024-04-22T19:20:46.476559373+00:00 [src/module_file_manager.rs:180] TRACE imbriqua_structure_loader::module_file_manager: File "tests/module_file_manager/module_flm_05_move_folder/from" moved 
! UNIT_TEST ! 2024-04-22T19:20:46.476586813+00:00 [src/module_file_manager.rs:83] TRACE imbriqua_structure_loader::module_file_manager: Path "tests/module_file_manager/module_flm_05_move_folder/from" is a existing directory 
! UNIT_TEST ! 2024-04-22T19:20:46.476600852+00:00 [src/module_file_manager.rs:109] TRACE imbriqua_structure_loader::module_file_manager: Path "tests/module_file_manager/module_flm_04_copy_folder/to/random_folder_01" content provided  
! UNIT_TEST ! 2024-04-22T19:20:46.476618178+00:00 [src/module_file_manager.rs:203] TRACE imbriqua_structure_loader::module_file_manager: Folder "tests/module_file_manager/module_flm_06_delete_folder/empty_folder_to_delete" deleted 
! UNIT_TEST ! 2024-04-22T19:20:46.476632859+00:00 [src/module_file_manager.rs:83] TRACE imbriqua_structure_loader::module_file_manager: Path "tests/module_file_manager/module_flm_04_copy_folder/to/random_folder_01/random_folder_03" is a existing directory 
! UNIT_TEST ! 2024-04-22T19:20:46.476647798+00:00 [src/module_file_manager.rs:83] TRACE imbriqua_structure_loader::module_file_manager: Path "tests/module_file_manager/module_flm_06_delete_folder/not_empty_folder_to_delete" is a existing directory 
! UNIT_TEST ! 2024-04-22T19:20:46.476666579+00:00 [src/module_file_manager.rs:83] TRACE imbriqua_structure_loader::module_file_manager: Path "tests/module_file_manager/module_flm_06_delete_folder/not_empty_folder_to_delete" is a existing directory 
! UNIT_TEST ! 2024-04-22T19:20:46.476724730+00:00 [src/module_file_manager.rs:109] TRACE imbriqua_structure_loader::module_file_manager: Path "tests/module_file_manager/module_flm_06_delete_folder/not_empty_folder_to_delete" content provided  
! UNIT_TEST ! 2024-04-22T19:20:46.476746769+00:00 [src/module_file_manager.rs:197] TRACE imbriqua_structure_loader::module_file_manager: Folder "tests/module_file_manager/module_flm_06_delete_folder/not_empty_folder_to_delete" isn't empty (don't delete) 
! UNIT_TEST ! 2024-04-22T19:20:46.476880807+00:00 [src/module_file_manager.rs:109] TRACE imbriqua_structure_loader::module_file_manager: Path "tests/module_file_manager/module_flm_04_copy_folder/to/random_folder_01/random_folder_03" content provided  
! UNIT_TEST ! 2024-04-22T19:20:46.476922928+00:00 [src/module_file_manager.rs:83] TRACE imbriqua_structure_loader::module_file_manager: Path "tests/module_file_manager/module_flm_04_copy_folder/to/random_folder_02" is a existing directory 
! UNIT_TEST ! 2024-04-22T19:20:46.476981714+00:00 [src/module_file_manager.rs:109] TRACE imbriqua_structure_loader::module_file_manager: Path "tests/module_file_manager/module_flm_04_copy_folder/to/random_folder_02" content provided  
! UNIT_TEST ! 2024-04-22T19:20:46.477319844+00:00 [src/module_file_manager.rs:83] TRACE imbriqua_structure_loader::module_file_manager: Path "tests/module_file_manager/module_flm_07_purge_folder/not_empty_folder_to_purge" is a existing directory 
! UNIT_TEST ! 2024-04-22T19:20:46.477387189+00:00 [src/module_file_manager.rs:109] TRACE imbriqua_structure_loader::module_file_manager: Path "tests/module_file_manager/module_flm_07_purge_folder/not_empty_folder_to_purge" content provided  
! UNIT_TEST ! 2024-04-22T19:20:46.477413372+00:00 [src/module_file_manager.rs:83] TRACE imbriqua_structure_loader::module_file_manager: Path "tests/module_file_manager/module_flm_07_purge_folder/from" is a existing directory 
! UNIT_TEST ! 2024-04-22T19:20:46.477431228+00:00 [src/module_file_manager.rs:126] TRACE imbriqua_structure_loader::module_file_manager: Folder "tests/module_file_manager/module_flm_07_purge_folder/not_empty_folder_to_purge" already exist (don't create) 
! UNIT_TEST ! 2024-04-22T19:20:46.477447547+00:00 [src/module_file_manager.rs:83] TRACE imbriqua_structure_loader::module_file_manager: Path "tests/module_file_manager/module_flm_07_purge_folder/not_empty_folder_to_purge" is a existing directory 
! UNIT_TEST ! 2024-04-22T19:20:46.477464125+00:00 [src/module_file_manager.rs:83] TRACE imbriqua_structure_loader::module_file_manager: Path "tests/module_file_manager/module_flm_07_purge_folder/not_empty_folder_to_purge" is a existing directory 
! UNIT_TEST ! 2024-04-22T19:20:46.477480762+00:00 [src/module_file_manager.rs:83] TRACE imbriqua_structure_loader::module_file_manager: Path "tests/module_file_manager/module_flm_07_purge_folder/from" is a existing directory 
! UNIT_TEST ! 2024-04-22T19:20:46.477538053+00:00 [src/module_file_manager.rs:109] TRACE imbriqua_structure_loader::module_file_manager: Path "tests/module_file_manager/module_flm_07_purge_folder/from" content provided  
! UNIT_TEST ! 2024-04-22T19:20:46.477898097+00:00 [src/module_file_manager.rs:83] TRACE imbriqua_structure_loader::module_file_manager: Path "tests/module_file_manager/module_flm_05_move_folder/from" is a existing directory 
! UNIT_TEST ! 2024-04-22T19:20:46.477927946+00:00 [src/module_file_manager.rs:235] TRACE imbriqua_structure_loader::module_file_manager: Path "tests/module_file_manager/module_flm_08_check_is_file/file_to_check" is a existing file 
! UNIT_TEST ! 2024-04-22T19:20:46.477963763+00:00 [src/module_file_manager.rs:109] TRACE imbriqua_structure_loader::module_file_manager: Path "tests/module_file_manager/module_flm_05_move_folder/from" content provided  
! UNIT_TEST ! 2024-04-22T19:20:46.478045008+00:00 [src/module_file_manager.rs:203] TRACE imbriqua_structure_loader::module_file_manager: Folder "tests/module_file_manager/module_flm_05_move_folder/from" deleted 
! UNIT_TEST ! 2024-04-22T19:20:46.478071416+00:00 [src/module_file_manager.rs:83] TRACE imbriqua_structure_loader::module_file_manager: Path "tests/module_file_manager/module_flm_05_move_folder/to" is a existing directory 
! UNIT_TEST ! 2024-04-22T19:20:46.478132535+00:00 [src/module_file_manager.rs:109] TRACE imbriqua_structure_loader::module_file_manager: Path "tests/module_file_manager/module_flm_05_move_folder/to" content provided  
! UNIT_TEST ! 2024-04-22T19:20:46.478157315+00:00 [src/module_file_manager.rs:83] TRACE imbriqua_structure_loader::module_file_manager: Path "tests/module_file_manager/module_flm_05_move_folder/to/random_folder_01" is a existing directory 
! UNIT_TEST ! 2024-04-22T19:20:46.479979827+00:00 [src/module_file_manager.rs:109] TRACE imbriqua_structure_loader::module_file_manager: Path "tests/module_file_manager/module_flm_05_move_folder/to/random_folder_01" content provided  
! UNIT_TEST ! 2024-04-22T19:20:46.480016948+00:00 [src/module_file_manager.rs:158] TRACE imbriqua_structure_loader::module_file_manager: File "tests/module_file_manager/module_flm_07_purge_folder/from" copied 
! UNIT_TEST ! 2024-04-22T19:20:46.480058184+00:00 [src/module_file_manager.rs:83] TRACE imbriqua_structure_loader::module_file_manager: Path "tests/module_file_manager/module_flm_07_purge_folder/not_empty_folder_to_purge" is a existing directory 
! UNIT_TEST ! 2024-04-22T19:20:46.480083864+00:00 [src/module_file_manager.rs:83] TRACE imbriqua_structure_loader::module_file_manager: Path "tests/module_file_manager/module_flm_05_move_folder/to/random_folder_01/random_folder_03" is a existing directory 
! UNIT_TEST ! 2024-04-22T19:20:46.480137420+00:00 [src/module_file_manager.rs:109] TRACE imbriqua_structure_loader::module_file_manager: Path "tests/module_file_manager/module_flm_07_purge_folder/not_empty_folder_to_purge" content provided  
! UNIT_TEST ! 2024-04-22T19:20:46.480155493+00:00 [src/module_file_manager.rs:238] ERROR imbriqua_structure_loader::module_file_manager: PANIC_FLM08 - The 'file' isn't a file (or don't exist) : "tests/module_file_manager/module_flm_08_check_is_file_panic_01/file_to_check" 
! UNIT_TEST ! 2024-04-22T19:20:46.480249634+00:00 [src/module_file_manager.rs:109] TRACE imbriqua_structure_loader::module_file_manager: Path "tests/module_file_manager/module_flm_05_move_folder/to/random_folder_01/random_folder_03" content provided  
! UNIT_TEST ! 2024-04-22T19:20:46.480280010+00:00 [src/module_file_manager.rs:83] TRACE imbriqua_structure_loader::module_file_manager: Path "tests/module_file_manager/module_flm_05_move_folder/to/random_folder_02" is a existing directory 
! UNIT_TEST ! 2024-04-22T19:20:46.480330400+00:00 [src/module_file_manager.rs:109] TRACE imbriqua_structure_loader::module_file_manager: Path "tests/module_file_manager/module_flm_05_move_folder/to/random_folder_02" content provided  
! UNIT_TEST ! 2024-04-22T19:20:46.480739668+00:00 [src/module_file_manager.rs:235] TRACE imbriqua_structure_loader::module_file_manager: Path "tests/module_file_manager/module_flm_09_write_new_file/writing_file.txt" is a existing file 
! UNIT_TEST ! 2024-04-22T19:20:46.480809429+00:00 [src/module_file_manager.rs:347] TRACE imbriqua_structure_loader::module_file_manager: File "tests/module_file_manager/module_flm_09_write_new_file/writing_file.txt" deleted 
! UNIT_TEST ! 2024-04-22T19:20:46.480871226+00:00 [src/module_file_manager.rs:83] TRACE imbriqua_structure_loader::module_file_manager: Path "tests/module_file_manager/module_flm_07_purge_folder/not_empty_folder_to_purge" is a existing directory 
! UNIT_TEST ! 2024-04-22T19:20:46.480903053+00:00 [src/module_file_manager.rs:254] TRACE imbriqua_structure_loader::module_file_manager: The 'file' was created : "tests/module_file_manager/module_flm_09_write_new_file/writing_file.txt" 
! UNIT_TEST ! 2024-04-22T19:20:46.480922103+00:00 [src/module_file_manager.rs:83] TRACE imbriqua_structure_loader::module_file_manager: Path "tests/module_file_manager/module_flm_07_purge_folder/not_empty_folder_to_purge" is a existing directory 
! UNIT_TEST ! 2024-04-22T19:20:46.480937263+00:00 [src/module_file_manager.rs:235] TRACE imbriqua_structure_loader::module_file_manager: Path "tests/module_file_manager/module_flm_09_write_new_file/writing_file.txt" is a existing file 
! UNIT_TEST ! 2024-04-22T19:20:46.481016914+00:00 [src/module_file_manager.rs:109] TRACE imbriqua_structure_loader::module_file_manager: Path "tests/module_file_manager/module_flm_07_purge_folder/not_empty_folder_to_purge" content provided  
! UNIT_TEST ! 2024-04-22T19:20:46.482260662+00:00 [src/module_file_manager.rs:221] TRACE imbriqua_structure_loader::module_file_manager: Purging content of "tests/module_file_manager/module_flm_07_purge_folder/not_empty_folder_to_purge" 
! UNIT_TEST ! 2024-04-22T19:20:46.482298553+00:00 [src/module_file_manager.rs:83] TRACE imbriqua_structure_loader::module_file_manager: Path "tests/module_file_manager/module_flm_07_purge_folder/not_empty_folder_to_purge" is a existing directory 
! UNIT_TEST ! 2024-04-22T19:20:46.482348100+00:00 [src/module_file_manager.rs:109] TRACE imbriqua_structure_loader::module_file_manager: Path "tests/module_file_manager/module_flm_07_purge_folder/not_empty_folder_to_purge" content provided  
! UNIT_TEST ! 2024-04-22T19:20:46.482936013+00:00 [src/module_file_manager.rs:235] TRACE imbriqua_structure_loader::module_file_manager: Path "tests/module_file_manager/module_flm_10_get_file_content/file_to_read.txt" is a existing file 
! UNIT_TEST ! 2024-04-22T19:20:46.482993818+00:00 [src/module_file_manager.rs:273] TRACE imbriqua_structure_loader::module_file_manager: The 'file' is readable : "tests/module_file_manager/module_flm_10_get_file_content/file_to_read.txt" 
! UNIT_TEST ! 2024-04-22T19:20:46.483563587+00:00 [src/module_file_manager.rs:235] TRACE imbriqua_structure_loader::module_file_manager: Path "tests/module_log/module_log_02_check_configuration_by_file/config_log.yml" is a existing file 
! UNIT_TEST ! 2024-04-22T19:20:46.483614694+00:00 [src/module_file_manager.rs:273] TRACE imbriqua_structure_loader::module_file_manager: The 'file' is readable : "tests/module_log/module_log_02_check_configuration_by_file/config_log.yml" 
! UNIT_TEST ! 2024-04-22T19:31:06.278628728+00:00 [src/module_log.rs:65] INFO imbriqua_structure_loader::module_log: Log handle loaded 
! UNIT_TEST ! 2024-04-22T19:31:06.279056537+00:00 [src/module_file_manager.rs:83] TRACE imbriqua_structure_loader::module_file_manager: Path "tests/module_file_manager/module_flm_01_check_is_dir/folder_to_check" is a existing directory 
! UNIT_TEST ! 2024-04-22T19:31:06.279285810+00:00 [src/module_file_manager.rs:83] TRACE imbriqua_structure_loader::module_file_manager: Path "tests/module_file_manager/module_flm_02_get_folder_content" is a existing directory 
! UNIT_TEST ! 2024-04-22T19:31:06.279424503+00:00 [src/module_file_manager.rs:109] TRACE imbriqua_structure_loader::module_file_manager: Path "tests/module_file_manager/module_flm_02_get_folder_content" content provided  
! UNIT_TEST ! 2024-04-22T19:31:06.279463233+00:00 [src/module_file_manager.rs:83] TRACE imbriqua_structure_loader::module_file_manager: Path "tests/module_file_manager/module_flm_02_get_folder_content/random_folder_01" is a existing directory 
! UNIT_TEST ! 2024-04-22T19:31:06.279521139+00:00 [src/module_file_manager.rs:109] TRACE imbriqua_structure_loader::module_file_manager: Path "tests/module_file_manager/module_flm_02_get_folder_content/random_folder_01" content provided  
! UNIT_TEST ! 2024-04-22T19:31:06.279552839+00:00 [src/module_file_manager.rs:83] TRACE imbriqua_structure_loader::module_file_manager: Path "tests/module_file_manager/module_flm_02_get_folder_content/random_folder_01/random_folder_03" is a existing directory 
! UNIT_TEST ! 2024-04-22T19:31:06.279599019+00:00 [src/module_file_manager.rs:109] TRACE imbriqua_structure_loader::module_file_manager: Path "tests/module_file_manager/module_flm_02_get_folder_content/random_folder_01/random_folder_03" content provided  
! UNIT_TEST ! 2024-04-22T19:31:06.279622640+00:00 [src/module_file_manager.rs:83] TRACE imbriqua_structure_loader::module_file_manager: Path "tests/module_file_manager/module_flm_02_get_folder_content/random_folder_02" is a existing directory 
! UNIT_TEST ! 2024-04-22T19:31:06.279665931+00:00 [src/module_file_manager.rs:109] TRACE imbriqua_structure_loader::module_file_manager: Path "tests/module_file_manager/module_flm_02_get_folder_content/random_folder_02" content provided  
! UNIT_TEST ! 2024-04-22T19:31:06.280361114+00:00 [src/module_file_manager.rs:83] TRACE imbriqua_structure_loader::module_file_manager: Path "tests/module_file_manager/module_flm_03_create_folder/folder_to_create" is a existing directory 
! UNIT_TEST ! 2024-04-22T19:31:06.280573228+00:00 [src/module_file_manager.rs:83] TRACE imbriqua_structure_loader::module_file_manager: Path "tests/module_file_manager/module_flm_04_copy_folder/to" is a existing directory 
! UNIT_TEST ! 2024-04-22T19:31:06.280986208+00:00 [src/module_file_manager.rs:86] ERROR imbriqua_structure_loader::module_file_manager: PANIC_FLM01 - The 'folder' isn't a directory (or don't exist) : "tests/module_file_manager/module_flm_01_check_is_dir_panic_01/folder_to_check" 
! UNIT_TEST ! 2024-04-22T19:31:06.281382731+00:00 [src/module_file_manager.rs:203] TRACE imbriqua_structure_loader::module_file_manager: Folder "tests/module_file_manager/module_flm_03_create_folder/folder_to_create" deleted 
! UNIT_TEST ! 2024-04-22T19:31:06.281482050+00:00 [src/module_file_manager.rs:134] TRACE imbriqua_structure_loader::module_file_manager: Folder "tests/module_file_manager/module_flm_03_create_folder/folder_to_create" created 
! UNIT_TEST ! 2024-04-22T19:31:06.281503663+00:00 [src/module_file_manager.rs:83] TRACE imbriqua_structure_loader::module_file_manager: Path "tests/module_file_manager/module_flm_03_create_folder/folder_to_create" is a existing directory 
! UNIT_TEST ! 2024-04-22T19:31:06.282356766+00:00 [src/module_file_manager.rs:83] TRACE imbriqua_structure_loader::module_file_manager: Path "tests/module_file_manager/module_flm_06_delete_folder/from" is a existing directory 
! UNIT_TEST ! 2024-04-22T19:31:06.282440913+00:00 [src/module_file_manager.rs:134] TRACE imbriqua_structure_loader::module_file_manager: Folder "tests/module_file_manager/module_flm_06_delete_folder/empty_folder_to_delete" created 
! UNIT_TEST ! 2024-04-22T19:31:06.282478370+00:00 [src/module_file_manager.rs:83] TRACE imbriqua_structure_loader::module_file_manager: Path "tests/module_file_manager/module_flm_06_delete_folder/empty_folder_to_delete" is a existing directory 
! UNIT_TEST ! 2024-04-22T19:31:06.282495306+00:00 [src/module_file_manager.rs:83] TRACE imbriqua_structure_loader::module_file_manager: Path "tests/module_file_manager/module_flm_06_delete_folder/empty_folder_to_delete" is a existing directory 
! UNIT_TEST ! 2024-04-22T19:31:06.282511978+00:00 [src/module_file_manager.rs:83] TRACE imbriqua_structure_loader::module_file_manager: Path "tests/module_file_manager/module_flm_06_delete_folder/from" is a existing directory 
! UNIT_TEST ! 2024-04-22T19:31:06.282580761+00:00 [src/module_file_manager.rs:109] TRACE imbriqua_structure_loader::module_file_manager: Path "tests/module_file_manager/module_flm_06_delete_folder/from" content provided  
! UNIT_TEST ! 2024-04-22T19:31:06.283389165+00:00 [src/module_file_manager.rs:203] TRACE imbriqua_structure_loader::module_file_manager: Folder "tests/module_file_manager/module_flm_04_copy_folder/to" deleted 
! UNIT_TEST ! 2024-04-22T19:31:06.283548224+00:00 [src/module_file_manager.rs:83] TRACE imbriqua_structure_loader::module_file_manager: Path "tests/module_file_manager/module_flm_05_move_folder/to" is a existing directory 
! UNIT_TEST ! 2024-04-22T19:31:06.283597825+00:00 [src/module_file_manager.rs:83] TRACE imbriqua_structure_loader::module_file_manager: Path "tests/module_file_manager/module_flm_04_copy_folder/from" is a existing directory 
! UNIT_TEST ! 2024-04-22T19:31:06.283669249+00:00 [src/module_file_manager.rs:134] TRACE imbriqua_structure_loader::module_file_manager: Folder "tests/module_file_manager/module_flm_04_copy_folder/to" created 
! UNIT_TEST ! 2024-04-22T19:31:06.283692610+00:00 [src/module_file_manager.rs:83] TRACE imbriqua_structure_loader::module_file_manager: Path "tests/module_file_manager/module_flm_04_copy_folder/to" is a existing directory 
! UNIT_TEST ! 2024-04-22T19:31:06.283710151+00:00 [src/module_file_manager.rs:83] TRACE imbriqua_structure_loader::module_file_manager: Path "tests/module_file_manager/module_flm_04_copy_folder/to" is a existing directory 
! UNIT_TEST ! 2024-04-22T19:31:06.283725585+00:00 [src/module_file_manager.rs:83] TRACE imbriqua_structure_loader::module_file_manager: Path "tests/module_file_manager/module_flm_04_copy_folder/from" is a existing directory 
! UNIT_TEST ! 2024-04-22T19:31:06.283788609+00:00 [src/module_file_manager.rs:109] TRACE imbriqua_structure_loader::module_file_manager: Path "tests/module_file_manager/module_flm_04_copy_folder/from" content provided  
! UNIT_TEST ! 2024-04-22T19:31:06.283873736+00:00 [src/module_file_manager.rs:203] TRACE imbriqua_structure_loader::module_file_manager: Folder "tests/module_file_manager/module_flm_05_move_folder/to" deleted 
! UNIT_TEST ! 2024-04-22T19:31:06.283927671+00:00 [src/module_file_manager.rs:83] TRACE imbriqua_structure_loader::module_file_manager: Path "tests/module_file_manager/module_flm_05_move_folder/from_template" is a existing directory 
! UNIT_TEST ! 2024-04-22T19:31:06.283983424+00:00 [src/module_file_manager.rs:134] TRACE imbriqua_structure_loader::module_file_manager: Folder "tests/module_file_manager/module_flm_05_move_folder/from" created 
! UNIT_TEST ! 2024-04-22T19:31:06.284003979+00:00 [src/module_file_manager.rs:83] TRACE imbriqua_structure_loader::module_file_manager: Path "tests/module_file_manager/module_flm_05_move_folder/from" is a existing directory 
! UNIT_TEST ! 2024-04-22T19:31:06.284020043+00:00 [src/module_file_manager.rs:83] TRACE imbriqua_structure_loader::module_file_manager: Path "tests/module_file_manager/module_flm_05_move_folder/from" is a existing directory 
! UNIT_TEST ! 2024-04-22T19:31:06.284035351+00:00 [src/module_file_manager.rs:83] TRACE imbriqua_structure_loader::module_file_manager: Path "tests/module_file_manager/module_flm_05_move_folder/from_template" is a existing directory 
! UNIT_TEST ! 2024-04-22T19:31:06.284101694+00:00 [src/module_file_manager.rs:109] TRACE imbriqua_structure_loader::module_file_manager: Path "tests/module_file_manager/module_flm_05_move_folder/from_template" content provided  
! UNIT_TEST ! 2024-04-22T19:31:06.284196099+00:00 [src/module_file_manager.rs:158] TRACE imbriqua_structure_loader::module_file_manager: File "tests/module_file_manager/module_flm_04_copy_folder/from" copied 
! UNIT_TEST ! 2024-04-22T19:31:06.284220268+00:00 [src/module_file_manager.rs:83] TRACE imbriqua_structure_loader::module_file_manager: Path "tests/module_file_manager/module_flm_04_copy_folder/to" is a existing directory 
! UNIT_TEST ! 2024-04-22T19:31:06.284274465+00:00 [src/module_file_manager.rs:109] TRACE imbriqua_structure_loader::module_file_manager: Path "tests/module_file_manager/module_flm_04_copy_folder/to" content provided  
! UNIT_TEST ! 2024-04-22T19:31:06.284296799+00:00 [src/module_file_manager.rs:83] TRACE imbriqua_structure_loader::module_file_manager: Path "tests/module_file_manager/module_flm_04_copy_folder/to/random_folder_01" is a existing directory 
! UNIT_TEST ! 2024-04-22T19:31:06.284342230+00:00 [src/module_file_manager.rs:109] TRACE imbriqua_structure_loader::module_file_manager: Path "tests/module_file_manager/module_flm_04_copy_folder/to/random_folder_01" content provided  
! UNIT_TEST ! 2024-04-22T19:31:06.284363647+00:00 [src/module_file_manager.rs:83] TRACE imbriqua_structure_loader::module_file_manager: Path "tests/module_file_manager/module_flm_04_copy_folder/to/random_folder_01/random_folder_03" is a existing directory 
! UNIT_TEST ! 2024-04-22T19:31:06.284403102+00:00 [src/module_file_manager.rs:109] TRACE imbriqua_structure_loader::module_file_manager: Path "tests/module_file_manager/module_flm_04_copy_folder/to/random_folder_01/random_folder_03" content provided  
! UNIT_TEST ! 2024-04-22T19:31:06.284436203+00:00 [src/module_file_manager.rs:83] TRACE imbriqua_structure_loader::module_file_manager: Path "tests/module_file_manager/module_flm_04_copy_folder/to/random_folder_02" is a existing directory 
! UNIT_TEST ! 2024-04-22T19:31:06.284472868+00:00 [src/module_file_manager.rs:109] TRACE imbriqua_structure_loader::module_file_manager: Path "tests/module_file_manager/module_flm_04_copy_folder/to/random_folder_02" content provided  
! UNIT_TEST ! 2024-04-22T19:31:06.285047833+00:00 [src/module_file_manager.rs:158] TRACE imbriqua_structure_loader::module_file_manager: File "tests/module_file_manager/module_flm_06_delete_folder/from" copied 
! UNIT_TEST ! 2024-04-22T19:31:06.285091320+00:00 [src/module_file_manager.rs:83] TRACE imbriqua_structure_loader::module_file_manager: Path "tests/module_file_manager/module_flm_06_delete_folder/empty_folder_to_delete" is a existing directory 
! UNIT_TEST ! 2024-04-22T19:31:06.285332706+00:00 [src/module_file_manager.rs:203] TRACE imbriqua_structure_loader::module_file_manager: Folder "tests/module_file_manager/module_flm_06_delete_folder/empty_folder_to_delete" deleted 
! UNIT_TEST ! 2024-04-22T19:31:06.285366740+00:00 [src/module_file_manager.rs:83] TRACE imbriqua_structure_loader::module_file_manager: Path "tests/module_file_manager/module_flm_06_delete_folder/not_empty_folder_to_delete" is a existing directory 
! UNIT_TEST ! 2024-04-22T19:31:06.285384018+00:00 [src/module_file_manager.rs:83] TRACE imbriqua_structure_loader::module_file_manager: Path "tests/module_file_manager/module_flm_06_delete_folder/not_empty_folder_to_delete" is a existing directory 
! UNIT_TEST ! 2024-04-22T19:31:06.285468210+00:00 [src/module_file_manager.rs:109] TRACE imbriqua_structure_loader::module_file_manager: Path "tests/module_file_manager/module_flm_06_delete_folder/not_empty_folder_to_delete" content provided  
! UNIT_TEST ! 2024-04-22T19:31:06.285490725+00:00 [src/module_file_manager.rs:197] TRACE imbriqua_structure_loader::module_file_manager: Folder "tests/module_file_manager/module_flm_06_delete_folder/not_empty_folder_to_delete" isn't empty (don't delete) 
! UNIT_TEST ! 2024-04-22T19:31:06.285674415+00:00 [src/module_file_manager.rs:83] TRACE imbriqua_structure_loader::module_file_manager: Path "tests/module_file_manager/module_flm_07_purge_folder/not_empty_folder_to_purge" is a existing directory 
! UNIT_TEST ! 2024-04-22T19:31:06.285732855+00:00 [src/module_file_manager.rs:109] TRACE imbriqua_structure_loader::module_file_manager: Path "tests/module_file_manager/module_flm_07_purge_folder/not_empty_folder_to_purge" content provided  
! UNIT_TEST ! 2024-04-22T19:31:06.285756228+00:00 [src/module_file_manager.rs:83] TRACE imbriqua_structure_loader::module_file_manager: Path "tests/module_file_manager/module_flm_07_purge_folder/from" is a existing directory 
! UNIT_TEST ! 2024-04-22T19:31:06.285773086+00:00 [src/module_file_manager.rs:126] TRACE imbriqua_structure_loader::module_file_manager: Folder "tests/module_file_manager/module_flm_07_purge_folder/not_empty_folder_to_purge" already exist (don't create) 
! UNIT_TEST ! 2024-04-22T19:31:06.285788835+00:00 [src/module_file_manager.rs:83] TRACE imbriqua_structure_loader::module_file_manager: Path "tests/module_file_manager/module_flm_07_purge_folder/not_empty_folder_to_purge" is a existing directory 
! UNIT_TEST ! 2024-04-22T19:31:06.285803957+00:00 [src/module_file_manager.rs:83] TRACE imbriqua_structure_loader::module_file_manager: Path "tests/module_file_manager/module_flm_07_purge_folder/not_empty_folder_to_purge" is a existing directory 
! UNIT_TEST ! 2024-04-22T19:31:06.285819390+00:00 [src/module_file_manager.rs:83] TRACE imbriqua_structure_loader::module_file_manager: Path "tests/module_file_manager/module_flm_07_purge_folder/from" is a existing directory 
! UNIT_TEST ! 2024-04-22T19:31:06.285898488+00:00 [src/module_file_manager.rs:109] TRACE imbriqua_structure_loader::module_file_manager: Path "tests/module_file_manager/module_flm_07_purge_folder/from" content provided  
! UNIT_TEST ! 2024-04-22T19:31:06.286289728+00:00 [src/module_file_manager.rs:158] TRACE imbriqua_structure_loader::module_file_manager: File "tests/module_file_manager/module_flm_07_purge_folder/from" copied 
! UNIT_TEST ! 2024-04-22T19:31:06.286315616+00:00 [src/module_file_manager.rs:83] TRACE imbriqua_structure_loader::module_file_manager: Path "tests/module_file_manager/module_flm_07_purge_folder/not_empty_folder_to_purge" is a existing directory 
! UNIT_TEST ! 2024-04-22T19:31:06.286370313+00:00 [src/module_file_manager.rs:109] TRACE imbriqua_structure_loader::module_file_manager: Path "tests/module_file_manager/module_flm_07_purge_folder/not_empty_folder_to_purge" content provided  
! UNIT_TEST ! 2024-04-22T19:31:06.286394737+00:00 [src/module_file_manager.rs:83] TRACE imbriqua_structure_loader::module_file_manager: Path "tests/module_file_manager/module_flm_07_purge_folder/not_empty_folder_to_purge" is a existing directory 
! UNIT_TEST ! 2024-04-22T19:31:06.286411165+00:00 [src/module_file_manager.rs:83] TRACE imbriqua_structure_loader::module_file_manager: Path "tests/module_file_manager/module_flm_07_purge_folder/not_empty_folder_to_purge" is a existing directory 
! UNIT_TEST ! 2024-04-22T19:31:06.286468247+00:00 [src/module_file_manager.rs:109] TRACE imbriqua_structure_loader::module_file_manager: Path "tests/module_file_manager/module_flm_07_purge_folder/not_empty_folder_to_purge" content provided  
! UNIT_TEST ! 2024-04-22T19:31:06.286674931+00:00 [src/module_file_manager.rs:221] TRACE imbriqua_structure_loader::module_file_manager: Purging content of "tests/module_file_manager/module_flm_07_purge_folder/not_empty_folder_to_purge" 
! UNIT_TEST ! 2024-04-22T19:31:06.286700384+00:00 [src/module_file_manager.rs:83] TRACE imbriqua_structure_loader::module_file_manager: Path "tests/module_file_manager/module_flm_07_purge_folder/not_empty_folder_to_purge" is a existing directory 
! UNIT_TEST ! 2024-04-22T19:31:06.286734094+00:00 [src/module_file_manager.rs:109] TRACE imbriqua_structure_loader::module_file_manager: Path "tests/module_file_manager/module_flm_07_purge_folder/not_empty_folder_to_purge" content provided  
! UNIT_TEST ! 2024-04-22T19:31:06.286941767+00:00 [src/module_file_manager.rs:235] TRACE imbriqua_structure_loader::module_file_manager: Path "tests/module_file_manager/module_flm_08_check_is_file/file_to_check" is a existing file 
! UNIT_TEST ! 2024-04-22T19:31:06.286996720+00:00 [src/module_file_manager.rs:158] TRACE imbriqua_structure_loader::module_file_manager: File "tests/module_file_manager/module_flm_05_move_folder/from_template" copied 
! UNIT_TEST ! 2024-04-22T19:31:06.287021772+00:00 [src/module_file_manager.rs:83] TRACE imbriqua_structure_loader::module_file_manager: Path "tests/module_file_manager/module_flm_05_move_folder/from" is a existing directory 
! UNIT_TEST ! 2024-04-22T19:31:06.287085650+00:00 [src/module_file_manager.rs:109] TRACE imbriqua_structure_loader::module_file_manager: Path "tests/module_file_manager/module_flm_05_move_folder/from" content provided  
! UNIT_TEST ! 2024-04-22T19:31:06.287109380+00:00 [src/module_file_manager.rs:83] TRACE imbriqua_structure_loader::module_file_manager: Path "tests/module_file_manager/module_flm_05_move_folder/from/random_folder_01" is a existing directory 
! UNIT_TEST ! 2024-04-22T19:31:06.287158771+00:00 [src/module_file_manager.rs:109] TRACE imbriqua_structure_loader::module_file_manager: Path "tests/module_file_manager/module_flm_05_move_folder/from/random_folder_01" content provided  
! UNIT_TEST ! 2024-04-22T19:31:06.287180703+00:00 [src/module_file_manager.rs:83] TRACE imbriqua_structure_loader::module_file_manager: Path "tests/module_file_manager/module_flm_05_move_folder/from/random_folder_01/random_folder_03" is a existing directory 
! UNIT_TEST ! 2024-04-22T19:31:06.287222961+00:00 [src/module_file_manager.rs:109] TRACE imbriqua_structure_loader::module_file_manager: Path "tests/module_file_manager/module_flm_05_move_folder/from/random_folder_01/random_folder_03" content provided  
! UNIT_TEST ! 2024-04-22T19:31:06.287244668+00:00 [src/module_file_manager.rs:83] TRACE imbriqua_structure_loader::module_file_manager: Path "tests/module_file_manager/module_flm_05_move_folder/from/random_folder_02" is a existing directory 
! UNIT_TEST ! 2024-04-22T19:31:06.287286287+00:00 [src/module_file_manager.rs:109] TRACE imbriqua_structure_loader::module_file_manager: Path "tests/module_file_manager/module_flm_05_move_folder/from/random_folder_02" content provided  
! UNIT_TEST ! 2024-04-22T19:31:06.287307616+00:00 [src/module_file_manager.rs:83] TRACE imbriqua_structure_loader::module_file_manager: Path "tests/module_file_manager/module_flm_05_move_folder/from" is a existing directory 
! UNIT_TEST ! 2024-04-22T19:31:06.287365683+00:00 [src/module_file_manager.rs:134] TRACE imbriqua_structure_loader::module_file_manager: Folder "tests/module_file_manager/module_flm_05_move_folder/to" created 
! UNIT_TEST ! 2024-04-22T19:31:06.287385917+00:00 [src/module_file_manager.rs:83] TRACE imbriqua_structure_loader::module_file_manager: Path "tests/module_file_manager/module_flm_05_move_folder/to" is a existing directory 
! UNIT_TEST ! 2024-04-22T19:31:06.287408858+00:00 [src/module_file_manager.rs:83] TRACE imbriqua_structure_loader::module_file_manager: Path "tests/module_file_manager/module_flm_05_move_folder/to" is a existing directory 
! UNIT_TEST ! 2024-04-22T19:31:06.287424875+00:00 [src/module_file_manager.rs:83] TRACE imbriqua_structure_loader::module_file_manager: Path "tests/module_file_manager/module_flm_05_move_folder/from" is a existing directory 
! UNIT_TEST ! 2024-04-22T19:31:06.287476183+00:00 [src/module_file_manager.rs:109] TRACE imbriqua_structure_loader::module_file_manager: Path "tests/module_file_manager/module_flm_05_move_folder/from" content provided  
! UNIT_TEST ! 2024-04-22T19:31:06.288174615+00:00 [src/module_file_manager.rs:180] TRACE imbriqua_structure_loader::module_file_manager: File "tests/module_file_manager/module_flm_05_move_folder/from" moved 
! UNIT_TEST ! 2024-04-22T19:31:06.288205340+00:00 [src/module_file_manager.rs:83] TRACE imbriqua_structure_loader::module_file_manager: Path "tests/module_file_manager/module_flm_05_move_folder/from" is a existing directory 
! UNIT_TEST ! 2024-04-22T19:31:06.288222571+00:00 [src/module_file_manager.rs:83] TRACE imbriqua_structure_loader::module_file_manager: Path "tests/module_file_manager/module_flm_05_move_folder/from" is a existing directory 
! UNIT_TEST ! 2024-04-22T19:31:06.288257975+00:00 [src/module_file_manager.rs:109] TRACE imbriqua_structure_loader::module_file_manager: Path "tests/module_file_manager/module_flm_05_move_folder/from" content provided  
! UNIT_TEST ! 2024-04-22T19:31:06.288335402+00:00 [src/module_file_manager.rs:203] TRACE imbriqua_structure_loader::module_file_manager: Folder "tests/module_file_manager/module_flm_05_move_folder/from" deleted 
! UNIT_TEST ! 2024-04-22T19:31:06.288359713+00:00 [src/module_file_manager.rs:83] TRACE imbriqua_structure_loader::module_file_manager: Path "tests/module_file_manager/module_flm_05_move_folder/to" is a existing directory 
! UNIT_TEST ! 2024-04-22T19:31:06.288425548+00:00 [src/module_file_manager.rs:109] TRACE imbriqua_structure_loader::module_file_manager: Path "tests/module_file_manager/module_flm_05_move_folder/to" content provided  
! UNIT_TEST ! 2024-04-22T19:31:06.288448674+00:00 [src/module_file_manager.rs:83] TRACE imbriqua_structure_loader::module_file_manager: Path "tests/module_file_manager/module_flm_05_move_folder/to/random_folder_01" is a existing directory 
! UNIT_TEST ! 2024-04-22T19:31:06.288493080+00:00 [src/module_file_manager.rs:109] TRACE imbriqua_structure_loader::module_file_manager: Path "tests/module_file_manager/module_flm_05_move_folder/to/random_folder_01" content provided  
! UNIT_TEST ! 2024-04-22T19:31:06.288514459+00:00 [src/module_file_manager.rs:83] TRACE imbriqua_structure_loader::module_file_manager: Path "tests/module_file_manager/module_flm_05_move_folder/to/random_folder_01/random_folder_03" is a existing directory 
! UNIT_TEST ! 2024-04-22T19:31:06.288553865+00:00 [src/module_file_manager.rs:109] TRACE imbriqua_structure_loader::module_file_manager: Path "tests/module_file_manager/module_flm_05_move_folder/to/random_folder_01/random_folder_03" content provided  
! UNIT_TEST ! 2024-04-22T19:31:06.288574992+00:00 [src/module_file_manager.rs:83] TRACE imbriqua_structure_loader::module_file_manager: Path "tests/module_file_manager/module_flm_05_move_folder/to/random_folder_02" is a existing directory 
! UNIT_TEST ! 2024-04-22T19:31:06.288616128+00:00 [src/module_file_manager.rs:109] TRACE imbriqua_structure_loader::module_file_manager: Path "tests/module_file_manager/module_flm_05_move_folder/to/random_folder_02" content provided  
! UNIT_TEST ! 2024-04-22T19:31:06.290077866+00:00 [src/module_file_manager.rs:238] ERROR imbriqua_structure_loader::module_file_manager: PANIC_FLM08 - The 'file' isn't a file (or don't exist) : "tests/module_file_manager/module_flm_08_check_is_file_panic_01/file_to_check" 
! UNIT_TEST ! 2024-04-22T19:31:06.291968066+00:00 [src/module_file_manager.rs:235] TRACE imbriqua_structure_loader::module_file_manager: Path "tests/module_file_manager/module_flm_09_write_new_file/writing_file.txt" is a existing file 
! UNIT_TEST ! 2024-04-22T19:31:06.292100052+00:00 [src/module_file_manager.rs:347] TRACE imbriqua_structure_loader::module_file_manager: File "tests/module_file_manager/module_flm_09_write_new_file/writing_file.txt" deleted 
! UNIT_TEST ! 2024-04-22T19:31:06.292151103+00:00 [src/module_file_manager.rs:254] TRACE imbriqua_structure_loader::module_file_manager: The 'file' was created : "tests/module_file_manager/module_flm_09_write_new_file/writing_file.txt" 
! UNIT_TEST ! 2024-04-22T19:31:06.292171686+00:00 [src/module_file_manager.rs:235] TRACE imbriqua_structure_loader::module_file_manager: Path "tests/module_file_manager/module_flm_09_write_new_file/writing_file.txt" is a existing file 
! UNIT_TEST ! 2024-04-22T19:31:06.292922988+00:00 [src/module_file_manager.rs:235] TRACE imbriqua_structure_loader::module_file_manager: Path "tests/module_file_manager/module_flm_10_get_file_content/file_to_read.txt" is a existing file 
! UNIT_TEST ! 2024-04-22T19:31:06.293021119+00:00 [src/module_file_manager.rs:273] TRACE imbriqua_structure_loader::module_file_manager: The 'file' is readable : "tests/module_file_manager/module_flm_10_get_file_content/file_to_read.txt" 
! UNIT_TEST ! 2024-04-22T19:31:06.296059018+00:00 [src/module_file_manager.rs:235] TRACE imbriqua_structure_loader::module_file_manager: Path "tests/module_log/module_log_02_check_configuration_by_file/config_log.yml" is a existing file 
! UNIT_TEST ! 2024-04-22T19:31:06.296193989+00:00 [src/module_file_manager.rs:273] TRACE imbriqua_structure_loader::module_file_manager: The 'file' is readable : "tests/module_log/module_log_02_check_configuration_by_file/config_log.yml" 
! UNIT_TEST ! 2024-04-22T19:41:26.466256245+00:00 [src/module_log.rs:65] INFO imbriqua_structure_loader::module_log: Log handle loaded 
! UNIT_TEST ! 2024-04-22T19:41:26.466358963+00:00 [src/module_file_manager.rs:83] TRACE imbriqua_structure_loader::module_file_manager: Path "tests/module_file_manager/module_flm_01_check_is_dir/folder_to_check" is a existing directory 
! UNIT_TEST ! 2024-04-22T19:41:26.466913807+00:00 [src/module_file_manager.rs:83] TRACE imbriqua_structure_loader::module_file_manager: Path "tests/module_file_manager/module_flm_02_get_folder_content" is a existing directory 
! UNIT_TEST ! 2024-04-22T19:41:26.467019378+00:00 [src/module_file_manager.rs:86] ERROR imbriqua_structure_loader::module_file_manager: PANIC_FLM01 - The 'folder' isn't a directory (or don't exist) : "tests/module_file_manager/module_flm_01_check_is_dir_panic_01/folder_to_check" 
! UNIT_TEST ! 2024-04-22T19:41:26.467086687+00:00 [src/module_file_manager.rs:83] TRACE imbriqua_structure_loader::module_file_manager: Path "tests/module_file_manager/module_flm_03_create_folder/folder_to_create" is a existing directory 
! UNIT_TEST ! 2024-04-22T19:41:26.467241227+00:00 [src/module_file_manager.rs:203] TRACE imbriqua_structure_loader::module_file_manager: Folder "tests/module_file_manager/module_flm_03_create_folder/folder_to_create" deleted 
! UNIT_TEST ! 2024-04-22T19:41:26.467328477+00:00 [src/module_file_manager.rs:134] TRACE imbriqua_structure_loader::module_file_manager: Folder "tests/module_file_manager/module_flm_03_create_folder/folder_to_create" created 
! UNIT_TEST ! 2024-04-22T19:41:26.467352514+00:00 [src/module_file_manager.rs:83] TRACE imbriqua_structure_loader::module_file_manager: Path "tests/module_file_manager/module_flm_03_create_folder/folder_to_create" is a existing directory 
! UNIT_TEST ! 2024-04-22T19:41:26.467488621+00:00 [src/module_file_manager.rs:83] TRACE imbriqua_structure_loader::module_file_manager: Path "tests/module_file_manager/module_flm_04_copy_folder/to" is a existing directory 
! UNIT_TEST ! 2024-04-22T19:41:26.467929397+00:00 [src/module_file_manager.rs:83] TRACE imbriqua_structure_loader::module_file_manager: Path "tests/module_file_manager/module_flm_05_move_folder/to" is a existing directory 
! UNIT_TEST ! 2024-04-22T19:41:26.469346680+00:00 [src/module_file_manager.rs:203] TRACE imbriqua_structure_loader::module_file_manager: Folder "tests/module_file_manager/module_flm_04_copy_folder/to" deleted 
! UNIT_TEST ! 2024-04-22T19:41:26.469507366+00:00 [src/module_file_manager.rs:109] TRACE imbriqua_structure_loader::module_file_manager: Path "tests/module_file_manager/module_flm_02_get_folder_content" content provided  
! UNIT_TEST ! 2024-04-22T19:41:26.469584943+00:00 [src/module_file_manager.rs:83] TRACE imbriqua_structure_loader::module_file_manager: Path "tests/module_file_manager/module_flm_02_get_folder_content/random_folder_01" is a existing directory 
! UNIT_TEST ! 2024-04-22T19:41:26.469662895+00:00 [src/module_file_manager.rs:203] TRACE imbriqua_structure_loader::module_file_manager: Folder "tests/module_file_manager/module_flm_05_move_folder/to" deleted 
! UNIT_TEST ! 2024-04-22T19:41:26.469729288+00:00 [src/module_file_manager.rs:109] TRACE imbriqua_structure_loader::module_file_manager: Path "tests/module_file_manager/module_flm_02_get_folder_content/random_folder_01" content provided  
! UNIT_TEST ! 2024-04-22T19:41:26.469768262+00:00 [src/module_file_manager.rs:83] TRACE imbriqua_structure_loader::module_file_manager: Path "tests/module_file_manager/module_flm_05_move_folder/from_template" is a existing directory 
! UNIT_TEST ! 2024-04-22T19:41:26.469803745+00:00 [src/module_file_manager.rs:83] TRACE imbriqua_structure_loader::module_file_manager: Path "tests/module_file_manager/module_flm_02_get_folder_content/random_folder_01/random_folder_03" is a existing directory 
! UNIT_TEST ! 2024-04-22T19:41:26.469878876+00:00 [src/module_file_manager.rs:109] TRACE imbriqua_structure_loader::module_file_manager: Path "tests/module_file_manager/module_flm_02_get_folder_content/random_folder_01/random_folder_03" content provided  
! UNIT_TEST ! 2024-04-22T19:41:26.469899627+00:00 [src/module_file_manager.rs:134] TRACE imbriqua_structure_loader::module_file_manager: Folder "tests/module_file_manager/module_flm_05_move_folder/from" created 
! UNIT_TEST ! 2024-04-22T19:41:26.469917334+00:00 [src/module_file_manager.rs:83] TRACE imbriqua_structure_loader::module_file_manager: Path "tests/module_file_manager/module_flm_02_get_folder_content/random_folder_02" is a existing directory 
! UNIT_TEST ! 2024-04-22T19:41:26.469931418+00:00 [src/module_file_manager.rs:83] TRACE imbriqua_structure_loader::module_file_manager: Path "tests/module_file_manager/module_flm_05_move_folder/from" is a existing directory 
! UNIT_TEST ! 2024-04-22T19:41:26.469948135+00:00 [src/module_file_manager.rs:83] TRACE imbriqua_structure_loader::module_file_manager: Path "tests/module_file_manager/module_flm_05_move_folder/from" is a existing directory 
! UNIT_TEST ! 2024-04-22T19:41:26.469959906+00:00 [src/module_file_manager.rs:109] TRACE imbriqua_structure_loader::module_file_manager: Path "tests/module_file_manager/module_flm_02_get_folder_content/random_folder_02" content provided  
! UNIT_TEST ! 2024-04-22T19:41:26.470009049+00:00 [src/module_file_manager.rs:83] TRACE imbriqua_structure_loader::module_file_manager: Path "tests/module_file_manager/module_flm_05_move_folder/from_template" is a existing directory 
! UNIT_TEST ! 2024-04-22T19:41:26.470139181+00:00 [src/module_file_manager.rs:83] TRACE imbriqua_structure_loader::module_file_manager: Path "tests/module_file_manager/module_flm_04_copy_folder/from" is a existing directory 
! UNIT_TEST ! 2024-04-22T19:41:26.470179185+00:00 [src/module_file_manager.rs:109] TRACE imbriqua_structure_loader::module_file_manager: Path "tests/module_file_manager/module_flm_05_move_folder/from_template" content provided  
! UNIT_TEST ! 2024-04-22T19:41:26.470208241+00:00 [src/module_file_manager.rs:134] TRACE imbriqua_structure_loader::module_file_manager: Folder "tests/module_file_manager/module_flm_04_copy_folder/to" created 
! UNIT_TEST ! 2024-04-22T19:41:26.470228811+00:00 [src/module_file_manager.rs:83] TRACE imbriqua_structure_loader::module_file_manager: Path "tests/module_file_manager/module_flm_04_copy_folder/to" is a existing directory 
! UNIT_TEST ! 2024-04-22T19:41:26.470251706+00:00 [src/module_file_manager.rs:83] TRACE imbriqua_structure_loader::module_file_manager: Path "tests/module_file_manager/module_flm_04_copy_folder/to" is a existing directory 
! UNIT_TEST ! 2024-04-22T19:41:26.470267651+00:00 [src/module_file_manager.rs:83] TRACE imbriqua_structure_loader::module_file_manager: Path "tests/module_file_manager/module_flm_04_copy_folder/from" is a existing directory 
! UNIT_TEST ! 2024-04-22T19:41:26.470324836+00:00 [src/module_file_manager.rs:109] TRACE imbriqua_structure_loader::module_file_manager: Path "tests/module_file_manager/module_flm_04_copy_folder/from" content provided  
! UNIT_TEST ! 2024-04-22T19:41:26.470564444+00:00 [src/module_file_manager.rs:158] TRACE imbriqua_structure_loader::module_file_manager: File "tests/module_file_manager/module_flm_05_move_folder/from_template" copied 
! UNIT_TEST ! 2024-04-22T19:41:26.470588025+00:00 [src/module_file_manager.rs:83] TRACE imbriqua_structure_loader::module_file_manager: Path "tests/module_file_manager/module_flm_05_move_folder/from" is a existing directory 
! UNIT_TEST ! 2024-04-22T19:41:26.470639853+00:00 [src/module_file_manager.rs:109] TRACE imbriqua_structure_loader::module_file_manager: Path "tests/module_file_manager/module_flm_05_move_folder/from" content provided  
! UNIT_TEST ! 2024-04-22T19:41:26.470661694+00:00 [src/module_file_manager.rs:83] TRACE imbriqua_structure_loader::module_file_manager: Path "tests/module_file_manager/module_flm_05_move_folder/from/random_folder_01" is a existing directory 
! UNIT_TEST ! 2024-04-22T19:41:26.470699100+00:00 [src/module_file_manager.rs:158] TRACE imbriqua_structure_loader::module_file_manager: File "tests/module_file_manager/module_flm_04_copy_folder/from" copied 
! UNIT_TEST ! 2024-04-22T19:41:26.470722291+00:00 [src/module_file_manager.rs:83] TRACE imbriqua_structure_loader::module_file_manager: Path "tests/module_file_manager/module_flm_04_copy_folder/to" is a existing directory 
! UNIT_TEST ! 2024-04-22T19:41:26.470771516+00:00 [src/module_file_manager.rs:109] TRACE imbriqua_structure_loader::module_file_manager: Path "tests/module_file_manager/module_flm_04_copy_folder/to" content provided  
! UNIT_TEST ! 2024-04-22T19:41:26.470792349+00:00 [src/module_file_manager.rs:83] TRACE imbriqua_structure_loader::module_file_manager: Path "tests/module_file_manager/module_flm_04_copy_folder/to/random_folder_01" is a existing directory 
! UNIT_TEST ! 2024-04-22T19:41:26.470834637+00:00 [src/module_file_manager.rs:109] TRACE imbriqua_structure_loader::module_file_manager: Path "tests/module_file_manager/module_flm_04_copy_folder/to/random_folder_01" content provided  
! UNIT_TEST ! 2024-04-22T19:41:26.471546258+00:00 [src/module_file_manager.rs:83] TRACE imbriqua_structure_loader::module_file_manager: Path "tests/module_file_manager/module_flm_04_copy_folder/to/random_folder_01/random_folder_03" is a existing directory 
! UNIT_TEST ! 2024-04-22T19:41:26.471599903+00:00 [src/module_file_manager.rs:109] TRACE imbriqua_structure_loader::module_file_manager: Path "tests/module_file_manager/module_flm_04_copy_folder/to/random_folder_01/random_folder_03" content provided  
! UNIT_TEST ! 2024-04-22T19:41:26.471622026+00:00 [src/module_file_manager.rs:83] TRACE imbriqua_structure_loader::module_file_manager: Path "tests/module_file_manager/module_flm_04_copy_folder/to/random_folder_02" is a existing directory 
! UNIT_TEST ! 2024-04-22T19:41:26.471662758+00:00 [src/module_file_manager.rs:109] TRACE imbriqua_structure_loader::module_file_manager: Path "tests/module_file_manager/module_flm_04_copy_folder/to/random_folder_02" content provided  
! UNIT_TEST ! 2024-04-22T19:41:26.471762270+00:00 [src/module_file_manager.rs:83] TRACE imbriqua_structure_loader::module_file_manager: Path "tests/module_file_manager/module_flm_06_delete_folder/from" is a existing directory 
! UNIT_TEST ! 2024-04-22T19:41:26.471836653+00:00 [src/module_file_manager.rs:134] TRACE imbriqua_structure_loader::module_file_manager: Folder "tests/module_file_manager/module_flm_06_delete_folder/empty_folder_to_delete" created 
! UNIT_TEST ! 2024-04-22T19:41:26.471884270+00:00 [src/module_file_manager.rs:83] TRACE imbriqua_structure_loader::module_file_manager: Path "tests/module_file_manager/module_flm_06_delete_folder/empty_folder_to_delete" is a existing directory 
! UNIT_TEST ! 2024-04-22T19:41:26.471902141+00:00 [src/module_file_manager.rs:83] TRACE imbriqua_structure_loader::module_file_manager: Path "tests/module_file_manager/module_flm_06_delete_folder/empty_folder_to_delete" is a existing directory 
! UNIT_TEST ! 2024-04-22T19:41:26.471917233+00:00 [src/module_file_manager.rs:83] TRACE imbriqua_structure_loader::module_file_manager: Path "tests/module_file_manager/module_flm_06_delete_folder/from" is a existing directory 
! UNIT_TEST ! 2024-04-22T19:41:26.471971988+00:00 [src/module_file_manager.rs:109] TRACE imbriqua_structure_loader::module_file_manager: Path "tests/module_file_manager/module_flm_06_delete_folder/from" content provided  
! UNIT_TEST ! 2024-04-22T19:41:26.472342132+00:00 [src/module_file_manager.rs:158] TRACE imbriqua_structure_loader::module_file_manager: File "tests/module_file_manager/module_flm_06_delete_folder/from" copied 
! UNIT_TEST ! 2024-04-22T19:41:26.472371493+00:00 [src/module_file_manager.rs:83] TRACE imbriqua_structure_loader::module_file_manager: Path "tests/module_file_manager/module_flm_06_delete_folder/empty_folder_to_delete" is a existing directory 
! UNIT_TEST ! 2024-04-22T19:41:26.472947215+00:00 [src/module_file_manager.rs:109] TRACE imbriqua_structure_loader::module_file_manager: Path "tests/module_file_manager/module_flm_05_move_folder/from/random_folder_01" content provided  
! UNIT_TEST ! 2024-04-22T19:41:26.473005592+00:00 [src/module_file_manager.rs:83] TRACE imbriqua_structure_loader::module_file_manager: Path "tests/module_file_manager/module_flm_05_move_folder/from/random_folder_01/random_folder_03" is a existing directory 
! UNIT_TEST ! 2024-04-22T19:41:26.473060833+00:00 [src/module_file_manager.rs:109] TRACE imbriqua_structure_loader::module_file_manager: Path "tests/module_file_manager/module_flm_05_move_folder/from/random_folder_01/random_folder_03" content provided  
! UNIT_TEST ! 2024-04-22T19:41:26.473083289+00:00 [src/module_file_manager.rs:83] TRACE imbriqua_structure_loader::module_file_manager: Path "tests/module_file_manager/module_flm_05_move_folder/from/random_folder_02" is a existing directory 
! UNIT_TEST ! 2024-04-22T19:41:26.473126209+00:00 [src/module_file_manager.rs:109] TRACE imbriqua_structure_loader::module_file_manager: Path "tests/module_file_manager/module_flm_05_move_folder/from/random_folder_02" content provided  
! UNIT_TEST ! 2024-04-22T19:41:26.473147860+00:00 [src/module_file_manager.rs:83] TRACE imbriqua_structure_loader::module_file_manager: Path "tests/module_file_manager/module_flm_05_move_folder/from" is a existing directory 
! UNIT_TEST ! 2024-04-22T19:41:26.473189995+00:00 [src/module_file_manager.rs:83] TRACE imbriqua_structure_loader::module_file_manager: Path "tests/module_file_manager/module_flm_07_purge_folder/not_empty_folder_to_purge" is a existing directory 
! UNIT_TEST ! 2024-04-22T19:41:26.473214721+00:00 [src/module_file_manager.rs:134] TRACE imbriqua_structure_loader::module_file_manager: Folder "tests/module_file_manager/module_flm_05_move_folder/to" created 
! UNIT_TEST ! 2024-04-22T19:41:26.473235391+00:00 [src/module_file_manager.rs:83] TRACE imbriqua_structure_loader::module_file_manager: Path "tests/module_file_manager/module_flm_05_move_folder/to" is a existing directory 
! UNIT_TEST ! 2024-04-22T19:41:26.473250232+00:00 [src/module_file_manager.rs:83] TRACE imbriqua_structure_loader::module_file_manager: Path "tests/module_file_manager/module_flm_05_move_folder/to" is a existing directory 
! UNIT_TEST ! 2024-04-22T19:41:26.473264230+00:00 [src/module_file_manager.rs:83] TRACE imbriqua_structure_loader::module_file_manager: Path "tests/module_file_manager/module_flm_05_move_folder/from" is a existing directory 
! UNIT_TEST ! 2024-04-22T19:41:26.473326459+00:00 [src/module_file_manager.rs:109] TRACE imbriqua_structure_loader::module_file_manager: Path "tests/module_file_manager/module_flm_05_move_folder/from" content provided  
! UNIT_TEST ! 2024-04-22T19:41:26.473364133+00:00 [src/module_file_manager.rs:109] TRACE imbriqua_structure_loader::module_file_manager: Path "tests/module_file_manager/module_flm_07_purge_folder/not_empty_folder_to_purge" content provided  
! UNIT_TEST ! 2024-04-22T19:41:26.473392956+00:00 [src/module_file_manager.rs:83] TRACE imbriqua_structure_loader::module_file_manager: Path "tests/module_file_manager/module_flm_07_purge_folder/from" is a existing directory 
! UNIT_TEST ! 2024-04-22T19:41:26.473409387+00:00 [src/module_file_manager.rs:126] TRACE imbriqua_structure_loader::module_file_manager: Folder "tests/module_file_manager/module_flm_07_purge_folder/not_empty_folder_to_purge" already exist (don't create) 
! UNIT_TEST ! 2024-04-22T19:41:26.473424337+00:00 [src/module_file_manager.rs:83] TRACE imbriqua_structure_loader::module_file_manager: Path "tests/module_file_manager/module_flm_07_purge_folder/not_empty_folder_to_purge" is a existing directory 
! UNIT_TEST ! 2024-04-22T19:41:26.473439103+00:00 [src/module_file_manager.rs:83] TRACE imbriqua_structure_loader::module_file_manager: Path "tests/module_file_manager/module_flm_07_purge_folder/not_empty_folder_to_purge" is a existing directory 
! UNIT_TEST ! 2024-04-22T19:41:26.473453641+00:00 [src/module_file_manager.rs:83] TRACE imbriqua_structure_loader::module_file_manager: Path "tests/module_file_manager/module_flm_07_purge_folder/from" is a existing directory 
! UNIT_TEST ! 2024-04-22T19:41:26.473506304+00:00 [src/module_file_manager.rs:109] TRACE imbriqua_structure_loader::module_file_manager: Path "tests/module_file_manager/module_flm_07_purge_folder/from" content provided  
! UNIT_TEST ! 2024-04-22T19:41:26.473894063+00:00 [src/module_file_manager.rs:203] TRACE imbriqua_structure_loader::module_file_manager: Folder "tests/module_file_manager/module_flm_06_delete_folder/empty_folder_to_delete" deleted 
! UNIT_TEST ! 2024-04-22T19:41:26.473923196+00:00 [src/module_file_manager.rs:83] TRACE imbriqua_structure_loader::module_file_manager: Path "tests/module_file_manager/module_flm_06_delete_folder/not_empty_folder_to_delete" is a existing directory 
! UNIT_TEST ! 2024-04-22T19:41:26.473939780+00:00 [src/module_file_manager.rs:83] TRACE imbriqua_structure_loader::module_file_manager: Path "tests/module_file_manager/module_flm_06_delete_folder/not_empty_folder_to_delete" is a existing directory 
! UNIT_TEST ! 2024-04-22T19:41:26.473993778+00:00 [src/module_file_manager.rs:109] TRACE imbriqua_structure_loader::module_file_manager: Path "tests/module_file_manager/module_flm_06_delete_folder/not_empty_folder_to_delete" content provided  
! UNIT_TEST ! 2024-04-22T19:41:26.474012672+00:00 [src/module_file_manager.rs:197] TRACE imbriqua_structure_loader::module_file_manager: Folder "tests/module_file_manager/module_flm_06_delete_folder/not_empty_folder_to_delete" isn't empty (don't delete) 
! UNIT_TEST ! 2024-04-22T19:41:26.474330417+00:00 [src/module_file_manager.rs:235] TRACE imbriqua_structure_loader::module_file_manager: Path "tests/module_file_manager/module_flm_08_check_is_file/file_to_check" is a existing file 
! UNIT_TEST ! 2024-04-22T19:41:26.475995652+00:00 [src/module_file_manager.rs:238] ERROR imbriqua_structure_loader::module_file_manager: PANIC_FLM08 - The 'file' isn't a file (or don't exist) : "tests/module_file_manager/module_flm_08_check_is_file_panic_01/file_to_check" 
! UNIT_TEST ! 2024-04-22T19:41:26.476203262+00:00 [src/module_file_manager.rs:158] TRACE imbriqua_structure_loader::module_file_manager: File "tests/module_file_manager/module_flm_07_purge_folder/from" copied 
! UNIT_TEST ! 2024-04-22T19:41:26.476243241+00:00 [src/module_file_manager.rs:235] TRACE imbriqua_structure_loader::module_file_manager: Path "tests/module_file_manager/module_flm_09_write_new_file/writing_file.txt" is a existing file 
! UNIT_TEST ! 2024-04-22T19:41:26.476291487+00:00 [src/module_file_manager.rs:83] TRACE imbriqua_structure_loader::module_file_manager: Path "tests/module_file_manager/module_flm_07_purge_folder/not_empty_folder_to_purge" is a existing directory 
! UNIT_TEST ! 2024-04-22T19:41:26.476335272+00:00 [src/module_file_manager.rs:347] TRACE imbriqua_structure_loader::module_file_manager: File "tests/module_file_manager/module_flm_09_write_new_file/writing_file.txt" deleted 
! UNIT_TEST ! 2024-04-22T19:41:26.476367923+00:00 [src/module_file_manager.rs:109] TRACE imbriqua_structure_loader::module_file_manager: Path "tests/module_file_manager/module_flm_07_purge_folder/not_empty_folder_to_purge" content provided  
! UNIT_TEST ! 2024-04-22T19:41:26.476383782+00:00 [src/module_file_manager.rs:254] TRACE imbriqua_structure_loader::module_file_manager: The 'file' was created : "tests/module_file_manager/module_flm_09_write_new_file/writing_file.txt" 
! UNIT_TEST ! 2024-04-22T19:41:26.476399101+00:00 [src/module_file_manager.rs:83] TRACE imbriqua_structure_loader::module_file_manager: Path "tests/module_file_manager/module_flm_07_purge_folder/not_empty_folder_to_purge" is a existing directory 
! UNIT_TEST ! 2024-04-22T19:41:26.476412224+00:00 [src/module_file_manager.rs:235] TRACE imbriqua_structure_loader::module_file_manager: Path "tests/module_file_manager/module_flm_09_write_new_file/writing_file.txt" is a existing file 
! UNIT_TEST ! 2024-04-22T19:41:26.476425134+00:00 [src/module_file_manager.rs:83] TRACE imbriqua_structure_loader::module_file_manager: Path "tests/module_file_manager/module_flm_07_purge_folder/not_empty_folder_to_purge" is a existing directory 
! UNIT_TEST ! 2024-04-22T19:41:26.476501431+00:00 [src/module_file_manager.rs:109] TRACE imbriqua_structure_loader::module_file_manager: Path "tests/module_file_manager/module_flm_07_purge_folder/not_empty_folder_to_purge" content provided  
! UNIT_TEST ! 2024-04-22T19:41:26.476717512+00:00 [src/module_file_manager.rs:221] TRACE imbriqua_structure_loader::module_file_manager: Purging content of "tests/module_file_manager/module_flm_07_purge_folder/not_empty_folder_to_purge" 
! UNIT_TEST ! 2024-04-22T19:41:26.476741115+00:00 [src/module_file_manager.rs:83] TRACE imbriqua_structure_loader::module_file_manager: Path "tests/module_file_manager/module_flm_07_purge_folder/not_empty_folder_to_purge" is a existing directory 
! UNIT_TEST ! 2024-04-22T19:41:26.476773987+00:00 [src/module_file_manager.rs:109] TRACE imbriqua_structure_loader::module_file_manager: Path "tests/module_file_manager/module_flm_07_purge_folder/not_empty_folder_to_purge" content provided  
! UNIT_TEST ! 2024-04-22T19:41:26.476939701+00:00 [src/module_file_manager.rs:180] TRACE imbriqua_structure_loader::module_file_manager: File "tests/module_file_manager/module_flm_05_move_folder/from" moved 
! UNIT_TEST ! 2024-04-22T19:41:26.476976032+00:00 [src/module_file_manager.rs:83] TRACE imbriqua_structure_loader::module_file_manager: Path "tests/module_file_manager/module_flm_05_move_folder/from" is a existing directory 
! UNIT_TEST ! 2024-04-22T19:41:26.476993789+00:00 [src/module_file_manager.rs:83] TRACE imbriqua_structure_loader::module_file_manager: Path "tests/module_file_manager/module_flm_05_move_folder/from" is a existing directory 
! UNIT_TEST ! 2024-04-22T19:41:26.477019544+00:00 [src/module_file_manager.rs:235] TRACE imbriqua_structure_loader::module_file_manager: Path "tests/module_file_manager/module_flm_11_get_file_content_as_element/file_to_read.txt" is a existing file 
! UNIT_TEST ! 2024-04-22T19:41:26.477067650+00:00 [src/module_file_manager.rs:109] TRACE imbriqua_structure_loader::module_file_manager: Path "tests/module_file_manager/module_flm_05_move_folder/from" content provided  
! UNIT_TEST ! 2024-04-22T19:41:26.477153252+00:00 [src/module_file_manager.rs:203] TRACE imbriqua_structure_loader::module_file_manager: Folder "tests/module_file_manager/module_flm_05_move_folder/from" deleted 
! UNIT_TEST ! 2024-04-22T19:41:26.477178172+00:00 [src/module_file_manager.rs:83] TRACE imbriqua_structure_loader::module_file_manager: Path "tests/module_file_manager/module_flm_05_move_folder/to" is a existing directory 
! UNIT_TEST ! 2024-04-22T19:41:26.477200692+00:00 [src/module_file_manager.rs:235] TRACE imbriqua_structure_loader::module_file_manager: Path "tests/module_file_manager/module_flm_11_get_file_content_as_element/file_to_read.txt" is a existing file 
! UNIT_TEST ! 2024-04-22T19:41:26.477245978+00:00 [src/module_file_manager.rs:109] TRACE imbriqua_structure_loader::module_file_manager: Path "tests/module_file_manager/module_flm_05_move_folder/to" content provided  
! UNIT_TEST ! 2024-04-22T19:41:26.477260278+00:00 [src/module_file_manager.rs:273] TRACE imbriqua_structure_loader::module_file_manager: The 'file' is readable : "tests/module_file_manager/module_flm_11_get_file_content_as_element/file_to_read.txt" 
! UNIT_TEST ! 2024-04-22T19:41:26.477275921+00:00 [src/module_file_manager.rs:83] TRACE imbriqua_structure_loader::module_file_manager: Path "tests/module_file_manager/module_flm_05_move_folder/to/random_folder_01" is a existing directory 
! UNIT_TEST ! 2024-04-22T19:41:26.477331690+00:00 [src/module_file_manager.rs:109] TRACE imbriqua_structure_loader::module_file_manager: Path "tests/module_file_manager/module_flm_05_move_folder/to/random_folder_01" content provided  
! UNIT_TEST ! 2024-04-22T19:41:26.477353498+00:00 [src/module_file_manager.rs:83] TRACE imbriqua_structure_loader::module_file_manager: Path "tests/module_file_manager/module_flm_05_move_folder/to/random_folder_01/random_folder_03" is a existing directory 
! UNIT_TEST ! 2024-04-22T19:41:26.477366874+00:00 [src/module_file_manager.rs:235] TRACE imbriqua_structure_loader::module_file_manager: Path "tests/module_file_manager/module_flm_10_get_file_content/file_to_read.txt" is a existing file 
! UNIT_TEST ! 2024-04-22T19:41:26.477396295+00:00 [src/module_file_manager.rs:109] TRACE imbriqua_structure_loader::module_file_manager: Path "tests/module_file_manager/module_flm_05_move_folder/to/random_folder_01/random_folder_03" content provided  
! UNIT_TEST ! 2024-04-22T19:41:26.477410661+00:00 [src/module_file_manager.rs:273] TRACE imbriqua_structure_loader::module_file_manager: The 'file' is readable : "tests/module_file_manager/module_flm_10_get_file_content/file_to_read.txt" 
! UNIT_TEST ! 2024-04-22T19:41:26.477425096+00:00 [src/module_file_manager.rs:83] TRACE imbriqua_structure_loader::module_file_manager: Path "tests/module_file_manager/module_flm_05_move_folder/to/random_folder_02" is a existing directory 
! UNIT_TEST ! 2024-04-22T19:41:26.477472627+00:00 [src/module_file_manager.rs:109] TRACE imbriqua_structure_loader::module_file_manager: Path "tests/module_file_manager/module_flm_05_move_folder/to/random_folder_02" content provided  
! UNIT_TEST ! 2024-04-22T19:41:26.477778395+00:00 [src/module_file_manager.rs:292] TRACE imbriqua_structure_loader::module_file_manager: Parsing Element : "tests/module_file_manager/module_flm_11_get_file_content_as_element/file_to_read.txt" 
! UNIT_TEST ! 2024-04-22T19:41:26.480153817+00:00 [src/module_file_manager.rs:235] TRACE imbriqua_structure_loader::module_file_manager: Path "tests/module_log/module_log_02_check_configuration_by_file/config_log.yml" is a existing file 
! UNIT_TEST ! 2024-04-22T19:41:26.480237229+00:00 [src/module_file_manager.rs:273] TRACE imbriqua_structure_loader::module_file_manager: The 'file' is readable : "tests/module_log/module_log_02_check_configuration_by_file/config_log.yml" 
! UNIT_TEST ! 2024-04-22T20:12:22.546525147+00:00 [src/module_log.rs:65] INFO imbriqua_structure_loader::module_log: Log handle loaded 
! UNIT_TEST ! 2024-04-22T20:12:22.546594560+00:00 [src/module_file_manager.rs:86] ERROR imbriqua_structure_loader::module_file_manager: PANIC_FLM01 - The 'folder' isn't a directory (or don't exist) : "tests/module_file_manager/module_flm_01_check_is_dir_panic_01/folder_to_check" 
! UNIT_TEST ! 2024-04-22T20:12:22.546626718+00:00 [src/module_file_manager.rs:83] TRACE imbriqua_structure_loader::module_file_manager: Path "tests/module_file_manager/module_flm_01_check_is_dir/folder_to_check" is a existing directory 
! UNIT_TEST ! 2024-04-22T20:12:22.546699344+00:00 [src/module_file_manager.rs:83] TRACE imbriqua_structure_loader::module_file_manager: Path "tests/module_file_manager/module_flm_02_get_folder_content" is a existing directory 
! UNIT_TEST ! 2024-04-22T20:12:22.547344523+00:00 [src/module_file_manager.rs:83] TRACE imbriqua_structure_loader::module_file_manager: Path "tests/module_file_manager/module_flm_03_create_folder/folder_to_create" is a existing directory 
! UNIT_TEST ! 2024-04-22T20:12:22.547420772+00:00 [src/module_file_manager.rs:109] TRACE imbriqua_structure_loader::module_file_manager: Path "tests/module_file_manager/module_flm_02_get_folder_content" content provided  
! UNIT_TEST ! 2024-04-22T20:12:22.547455696+00:00 [src/module_file_manager.rs:83] TRACE imbriqua_structure_loader::module_file_manager: Path "tests/module_file_manager/module_flm_02_get_folder_content/random_folder_01" is a existing directory 
! UNIT_TEST ! 2024-04-22T20:12:22.547510288+00:00 [src/module_file_manager.rs:203] TRACE imbriqua_structure_loader::module_file_manager: Folder "tests/module_file_manager/module_flm_03_create_folder/folder_to_create" deleted 
! UNIT_TEST ! 2024-04-22T20:12:22.547590446+00:00 [src/module_file_manager.rs:134] TRACE imbriqua_structure_loader::module_file_manager: Folder "tests/module_file_manager/module_flm_03_create_folder/folder_to_create" created 
! UNIT_TEST ! 2024-04-22T20:12:22.547612209+00:00 [src/module_file_manager.rs:83] TRACE imbriqua_structure_loader::module_file_manager: Path "tests/module_file_manager/module_flm_03_create_folder/folder_to_create" is a existing directory 
! UNIT_TEST ! 2024-04-22T20:12:22.547930648+00:00 [src/module_file_manager.rs:83] TRACE imbriqua_structure_loader::module_file_manager: Path "tests/module_file_manager/module_flm_04_copy_folder/to" is a existing directory 
! UNIT_TEST ! 2024-04-22T20:12:22.548054978+00:00 [src/module_file_manager.rs:83] TRACE imbriqua_structure_loader::module_file_manager: Path "tests/module_file_manager/module_flm_05_move_folder/to" is a existing directory 
! UNIT_TEST ! 2024-04-22T20:12:22.548230087+00:00 [src/module_file_manager.rs:203] TRACE imbriqua_structure_loader::module_file_manager: Folder "tests/module_file_manager/module_flm_04_copy_folder/to" deleted 
! UNIT_TEST ! 2024-04-22T20:12:22.548255448+00:00 [src/module_file_manager.rs:83] TRACE imbriqua_structure_loader::module_file_manager: Path "tests/module_file_manager/module_flm_04_copy_folder/from" is a existing directory 
! UNIT_TEST ! 2024-04-22T20:12:22.548329237+00:00 [src/module_file_manager.rs:109] TRACE imbriqua_structure_loader::module_file_manager: Path "tests/module_file_manager/module_flm_02_get_folder_content/random_folder_01" content provided  
! UNIT_TEST ! 2024-04-22T20:12:22.548364491+00:00 [src/module_file_manager.rs:83] TRACE imbriqua_structure_loader::module_file_manager: Path "tests/module_file_manager/module_flm_02_get_folder_content/random_folder_01/random_folder_03" is a existing directory 
! UNIT_TEST ! 2024-04-22T20:12:22.548426830+00:00 [src/module_file_manager.rs:109] TRACE imbriqua_structure_loader::module_file_manager: Path "tests/module_file_manager/module_flm_02_get_folder_content/random_folder_01/random_folder_03" content provided  
! UNIT_TEST ! 2024-04-22T20:12:22.548449814+00:00 [src/module_file_manager.rs:83] TRACE imbriqua_structure_loader::module_file_manager: Path "tests/module_file_manager/module_flm_02_get_folder_content/random_folder_02" is a existing directory 
! UNIT_TEST ! 2024-04-22T20:12:22.548489289+00:00 [src/module_file_manager.rs:109] TRACE imbriqua_structure_loader::module_file_manager: Path "tests/module_file_manager/module_flm_02_get_folder_content/random_folder_02" content provided  
! UNIT_TEST ! 2024-04-22T20:12:22.548593882+00:00 [src/module_file_manager.rs:134] TRACE imbriqua_structure_loader::module_file_manager: Folder "tests/module_file_manager/module_flm_04_copy_folder/to" created 
! UNIT_TEST ! 2024-04-22T20:12:22.548624809+00:00 [src/module_file_manager.rs:83] TRACE imbriqua_structure_loader::module_file_manager: Path "tests/module_file_manager/module_flm_04_copy_folder/to" is a existing directory 
! UNIT_TEST ! 2024-04-22T20:12:22.548648644+00:00 [src/module_file_manager.rs:83] TRACE imbriqua_structure_loader::module_file_manager: Path "tests/module_file_manager/module_flm_04_copy_folder/to" is a existing directory 
! UNIT_TEST ! 2024-04-22T20:12:22.548664478+00:00 [src/module_file_manager.rs:83] TRACE imbriqua_structure_loader::module_file_manager: Path "tests/module_file_manager/module_flm_04_copy_folder/from" is a existing directory 
! UNIT_TEST ! 2024-04-22T20:12:22.548722206+00:00 [src/module_file_manager.rs:109] TRACE imbriqua_structure_loader::module_file_manager: Path "tests/module_file_manager/module_flm_04_copy_folder/from" content provided  
! UNIT_TEST ! 2024-04-22T20:12:22.548799683+00:00 [src/module_file_manager.rs:83] TRACE imbriqua_structure_loader::module_file_manager: Path "tests/module_file_manager/module_flm_06_delete_folder/from" is a existing directory 
! UNIT_TEST ! 2024-04-22T20:12:22.548894559+00:00 [src/module_file_manager.rs:134] TRACE imbriqua_structure_loader::module_file_manager: Folder "tests/module_file_manager/module_flm_06_delete_folder/empty_folder_to_delete" created 
! UNIT_TEST ! 2024-04-22T20:12:22.548918852+00:00 [src/module_file_manager.rs:83] TRACE imbriqua_structure_loader::module_file_manager: Path "tests/module_file_manager/module_flm_06_delete_folder/empty_folder_to_delete" is a existing directory 
! UNIT_TEST ! 2024-04-22T20:12:22.548934966+00:00 [src/module_file_manager.rs:83] TRACE imbriqua_structure_loader::module_file_manager: Path "tests/module_file_manager/module_flm_06_delete_folder/empty_folder_to_delete" is a existing directory 
! UNIT_TEST ! 2024-04-22T20:12:22.548949754+00:00 [src/module_file_manager.rs:83] TRACE imbriqua_structure_loader::module_file_manager: Path "tests/module_file_manager/module_flm_06_delete_folder/from" is a existing directory 
! UNIT_TEST ! 2024-04-22T20:12:22.549003398+00:00 [src/module_file_manager.rs:109] TRACE imbriqua_structure_loader::module_file_manager: Path "tests/module_file_manager/module_flm_06_delete_folder/from" content provided  
! UNIT_TEST ! 2024-04-22T20:12:22.549259158+00:00 [src/module_file_manager.rs:158] TRACE imbriqua_structure_loader::module_file_manager: File "tests/module_file_manager/module_flm_04_copy_folder/from" copied 
! UNIT_TEST ! 2024-04-22T20:12:22.549284752+00:00 [src/module_file_manager.rs:83] TRACE imbriqua_structure_loader::module_file_manager: Path "tests/module_file_manager/module_flm_04_copy_folder/to" is a existing directory 
! UNIT_TEST ! 2024-04-22T20:12:22.549336715+00:00 [src/module_file_manager.rs:109] TRACE imbriqua_structure_loader::module_file_manager: Path "tests/module_file_manager/module_flm_04_copy_folder/to" content provided  
! UNIT_TEST ! 2024-04-22T20:12:22.549358144+00:00 [src/module_file_manager.rs:83] TRACE imbriqua_structure_loader::module_file_manager: Path "tests/module_file_manager/module_flm_04_copy_folder/to/random_folder_01" is a existing directory 
! UNIT_TEST ! 2024-04-22T20:12:22.549372805+00:00 [src/module_file_manager.rs:203] TRACE imbriqua_structure_loader::module_file_manager: Folder "tests/module_file_manager/module_flm_05_move_folder/to" deleted 
! UNIT_TEST ! 2024-04-22T20:12:22.549398765+00:00 [src/module_file_manager.rs:83] TRACE imbriqua_structure_loader::module_file_manager: Path "tests/module_file_manager/module_flm_05_move_folder/from_template" is a existing directory 
! UNIT_TEST ! 2024-04-22T20:12:22.549438010+00:00 [src/module_file_manager.rs:109] TRACE imbriqua_structure_loader::module_file_manager: Path "tests/module_file_manager/module_flm_04_copy_folder/to/random_folder_01" content provided  
! UNIT_TEST ! 2024-04-22T20:12:22.549454967+00:00 [src/module_file_manager.rs:134] TRACE imbriqua_structure_loader::module_file_manager: Folder "tests/module_file_manager/module_flm_05_move_folder/from" created 
! UNIT_TEST ! 2024-04-22T20:12:22.549470473+00:00 [src/module_file_manager.rs:83] TRACE imbriqua_structure_loader::module_file_manager: Path "tests/module_file_manager/module_flm_04_copy_folder/to/random_folder_01/random_folder_03" is a existing directory 
! UNIT_TEST ! 2024-04-22T20:12:22.549491580+00:00 [src/module_file_manager.rs:158] TRACE imbriqua_structure_loader::module_file_manager: File "tests/module_file_manager/module_flm_06_delete_folder/from" copied 
! UNIT_TEST ! 2024-04-22T20:12:22.549531470+00:00 [src/module_file_manager.rs:109] TRACE imbriqua_structure_loader::module_file_manager: Path "tests/module_file_manager/module_flm_04_copy_folder/to/random_folder_01/random_folder_03" content provided  
! UNIT_TEST ! 2024-04-22T20:12:22.549562023+00:00 [src/module_file_manager.rs:83] TRACE imbriqua_structure_loader::module_file_manager: Path "tests/module_file_manager/module_flm_05_move_folder/from" is a existing directory 
! UNIT_TEST ! 2024-04-22T20:12:22.549581850+00:00 [src/module_file_manager.rs:83] TRACE imbriqua_structure_loader::module_file_manager: Path "tests/module_file_manager/module_flm_04_copy_folder/to/random_folder_02" is a existing directory 
! UNIT_TEST ! 2024-04-22T20:12:22.549609423+00:00 [src/module_file_manager.rs:83] TRACE imbriqua_structure_loader::module_file_manager: Path "tests/module_file_manager/module_flm_05_move_folder/from" is a existing directory 
! UNIT_TEST ! 2024-04-22T20:12:22.549628462+00:00 [src/module_file_manager.rs:83] TRACE imbriqua_structure_loader::module_file_manager: Path "tests/module_file_manager/module_flm_05_move_folder/from_template" is a existing directory 
! UNIT_TEST ! 2024-04-22T20:12:22.549645615+00:00 [src/module_file_manager.rs:109] TRACE imbriqua_structure_loader::module_file_manager: Path "tests/module_file_manager/module_flm_04_copy_folder/to/random_folder_02" content provided  
! UNIT_TEST ! 2024-04-22T20:12:22.549698644+00:00 [src/module_file_manager.rs:109] TRACE imbriqua_structure_loader::module_file_manager: Path "tests/module_file_manager/module_flm_05_move_folder/from_template" content provided  
! UNIT_TEST ! 2024-04-22T20:12:22.550110147+00:00 [src/module_file_manager.rs:158] TRACE imbriqua_structure_loader::module_file_manager: File "tests/module_file_manager/module_flm_05_move_folder/from_template" copied 
! UNIT_TEST ! 2024-04-22T20:12:22.550135172+00:00 [src/module_file_manager.rs:83] TRACE imbriqua_structure_loader::module_file_manager: Path "tests/module_file_manager/module_flm_05_move_folder/from" is a existing directory 
! UNIT_TEST ! 2024-04-22T20:12:22.550185890+00:00 [src/module_file_manager.rs:109] TRACE imbriqua_structure_loader::module_file_manager: Path "tests/module_file_manager/module_flm_05_move_folder/from" content provided  
! UNIT_TEST ! 2024-04-22T20:12:22.550207023+00:00 [src/module_file_manager.rs:83] TRACE imbriqua_structure_loader::module_file_manager: Path "tests/module_file_manager/module_flm_05_move_folder/from/random_folder_01" is a existing directory 
! UNIT_TEST ! 2024-04-22T20:12:22.550249508+00:00 [src/module_file_manager.rs:109] TRACE imbriqua_structure_loader::module_file_manager: Path "tests/module_file_manager/module_flm_05_move_folder/from/random_folder_01" content provided  
! UNIT_TEST ! 2024-04-22T20:12:22.550269725+00:00 [src/module_file_manager.rs:83] TRACE imbriqua_structure_loader::module_file_manager: Path "tests/module_file_manager/module_flm_05_move_folder/from/random_folder_01/random_folder_03" is a existing directory 
! UNIT_TEST ! 2024-04-22T20:12:22.550306885+00:00 [src/module_file_manager.rs:109] TRACE imbriqua_structure_loader::module_file_manager: Path "tests/module_file_manager/module_flm_05_move_folder/from/random_folder_01/random_folder_03" content provided  
! UNIT_TEST ! 2024-04-22T20:12:22.550326707+00:00 [src/module_file_manager.rs:83] TRACE imbriqua_structure_loader::module_file_manager: Path "tests/module_file_manager/module_flm_05_move_folder/from/random_folder_02" is a existing directory 
! UNIT_TEST ! 2024-04-22T20:12:22.550365178+00:00 [src/module_file_manager.rs:109] TRACE imbriqua_structure_loader::module_file_manager: Path "tests/module_file_manager/module_flm_05_move_folder/from/random_folder_02" content provided  
! UNIT_TEST ! 2024-04-22T20:12:22.550384938+00:00 [src/module_file_manager.rs:83] TRACE imbriqua_structure_loader::module_file_manager: Path "tests/module_file_manager/module_flm_05_move_folder/from" is a existing directory 
! UNIT_TEST ! 2024-04-22T20:12:22.550439373+00:00 [src/module_file_manager.rs:134] TRACE imbriqua_structure_loader::module_file_manager: Folder "tests/module_file_manager/module_flm_05_move_folder/to" created 
! UNIT_TEST ! 2024-04-22T20:12:22.550458460+00:00 [src/module_file_manager.rs:83] TRACE imbriqua_structure_loader::module_file_manager: Path "tests/module_file_manager/module_flm_05_move_folder/to" is a existing directory 
! UNIT_TEST ! 2024-04-22T20:12:22.550472823+00:00 [src/module_file_manager.rs:83] TRACE imbriqua_structure_loader::module_file_manager: Path "tests/module_file_manager/module_flm_05_move_folder/to" is a existing directory 
! UNIT_TEST ! 2024-04-22T20:12:22.550487083+00:00 [src/module_file_manager.rs:83] TRACE imbriqua_structure_loader::module_file_manager: Path "tests/module_file_manager/module_flm_05_move_folder/from" is a existing directory 
! UNIT_TEST ! 2024-04-22T20:12:22.550533236+00:00 [src/module_file_manager.rs:109] TRACE imbriqua_structure_loader::module_file_manager: Path "tests/module_file_manager/module_flm_05_move_folder/from" content provided  
! UNIT_TEST ! 2024-04-22T20:12:22.551125562+00:00 [src/module_file_manager.rs:180] TRACE imbriqua_structure_loader::module_file_manager: File "tests/module_file_manager/module_flm_05_move_folder/from" moved 
! UNIT_TEST ! 2024-04-22T20:12:22.551159461+00:00 [src/module_file_manager.rs:83] TRACE imbriqua_structure_loader::module_file_manager: Path "tests/module_file_manager/module_flm_05_move_folder/from" is a existing directory 
! UNIT_TEST ! 2024-04-22T20:12:22.551176236+00:00 [src/module_file_manager.rs:83] TRACE imbriqua_structure_loader::module_file_manager: Path "tests/module_file_manager/module_flm_05_move_folder/from" is a existing directory 
! UNIT_TEST ! 2024-04-22T20:12:22.551210185+00:00 [src/module_file_manager.rs:109] TRACE imbriqua_structure_loader::module_file_manager: Path "tests/module_file_manager/module_flm_05_move_folder/from" content provided  
! UNIT_TEST ! 2024-04-22T20:12:22.551271454+00:00 [src/module_file_manager.rs:203] TRACE imbriqua_structure_loader::module_file_manager: Folder "tests/module_file_manager/module_flm_05_move_folder/from" deleted 
! UNIT_TEST ! 2024-04-22T20:12:22.551294236+00:00 [src/module_file_manager.rs:83] TRACE imbriqua_structure_loader::module_file_manager: Path "tests/module_file_manager/module_flm_05_move_folder/to" is a existing directory 
! UNIT_TEST ! 2024-04-22T20:12:22.551344926+00:00 [src/module_file_manager.rs:109] TRACE imbriqua_structure_loader::module_file_manager: Path "tests/module_file_manager/module_flm_05_move_folder/to" content provided  
! UNIT_TEST ! 2024-04-22T20:12:22.551366514+00:00 [src/module_file_manager.rs:83] TRACE imbriqua_structure_loader::module_file_manager: Path "tests/module_file_manager/module_flm_05_move_folder/to/random_folder_01" is a existing directory 
! UNIT_TEST ! 2024-04-22T20:12:22.551408853+00:00 [src/module_file_manager.rs:109] TRACE imbriqua_structure_loader::module_file_manager: Path "tests/module_file_manager/module_flm_05_move_folder/to/random_folder_01" content provided  
! UNIT_TEST ! 2024-04-22T20:12:22.551429066+00:00 [src/module_file_manager.rs:83] TRACE imbriqua_structure_loader::module_file_manager: Path "tests/module_file_manager/module_flm_05_move_folder/to/random_folder_01/random_folder_03" is a existing directory 
! UNIT_TEST ! 2024-04-22T20:12:22.551466490+00:00 [src/module_file_manager.rs:109] TRACE imbriqua_structure_loader::module_file_manager: Path "tests/module_file_manager/module_flm_05_move_folder/to/random_folder_01/random_folder_03" content provided  
! UNIT_TEST ! 2024-04-22T20:12:22.551485920+00:00 [src/module_file_manager.rs:83] TRACE imbriqua_structure_loader::module_file_manager: Path "tests/module_file_manager/module_flm_05_move_folder/to/random_folder_02" is a existing directory 
! UNIT_TEST ! 2024-04-22T20:12:22.551525002+00:00 [src/module_file_manager.rs:109] TRACE imbriqua_structure_loader::module_file_manager: Path "tests/module_file_manager/module_flm_05_move_folder/to/random_folder_02" content provided  
! UNIT_TEST ! 2024-04-22T20:12:22.551753929+00:00 [src/module_file_manager.rs:83] TRACE imbriqua_structure_loader::module_file_manager: Path "tests/module_file_manager/module_flm_07_purge_folder/not_empty_folder_to_purge" is a existing directory 
! UNIT_TEST ! 2024-04-22T20:12:22.551799448+00:00 [src/module_file_manager.rs:109] TRACE imbriqua_structure_loader::module_file_manager: Path "tests/module_file_manager/module_flm_07_purge_folder/not_empty_folder_to_purge" content provided  
! UNIT_TEST ! 2024-04-22T20:12:22.551819775+00:00 [src/module_file_manager.rs:83] TRACE imbriqua_structure_loader::module_file_manager: Path "tests/module_file_manager/module_flm_07_purge_folder/from" is a existing directory 
! UNIT_TEST ! 2024-04-22T20:12:22.551835535+00:00 [src/module_file_manager.rs:126] TRACE imbriqua_structure_loader::module_file_manager: Folder "tests/module_file_manager/module_flm_07_purge_folder/not_empty_folder_to_purge" already exist (don't create) 
! UNIT_TEST ! 2024-04-22T20:12:22.551875406+00:00 [src/module_file_manager.rs:83] TRACE imbriqua_structure_loader::module_file_manager: Path "tests/module_file_manager/module_flm_07_purge_folder/not_empty_folder_to_purge" is a existing directory 
! UNIT_TEST ! 2024-04-22T20:12:22.551892649+00:00 [src/module_file_manager.rs:83] TRACE imbriqua_structure_loader::module_file_manager: Path "tests/module_file_manager/module_flm_07_purge_folder/not_empty_folder_to_purge" is a existing directory 
! UNIT_TEST ! 2024-04-22T20:12:22.551908320+00:00 [src/module_file_manager.rs:83] TRACE imbriqua_structure_loader::module_file_manager: Path "tests/module_file_manager/module_flm_07_purge_folder/from" is a existing directory 
! UNIT_TEST ! 2024-04-22T20:12:22.551959425+00:00 [src/module_file_manager.rs:109] TRACE imbriqua_structure_loader::module_file_manager: Path "tests/module_file_manager/module_flm_07_purge_folder/from" content provided  
! UNIT_TEST ! 2024-04-22T20:12:22.552315967+00:00 [src/module_file_manager.rs:158] TRACE imbriqua_structure_loader::module_file_manager: File "tests/module_file_manager/module_flm_07_purge_folder/from" copied 
! UNIT_TEST ! 2024-04-22T20:12:22.552338494+00:00 [src/module_file_manager.rs:83] TRACE imbriqua_structure_loader::module_file_manager: Path "tests/module_file_manager/module_flm_07_purge_folder/not_empty_folder_to_purge" is a existing directory 
! UNIT_TEST ! 2024-04-22T20:12:22.552389777+00:00 [src/module_file_manager.rs:109] TRACE imbriqua_structure_loader::module_file_manager: Path "tests/module_file_manager/module_flm_07_purge_folder/not_empty_folder_to_purge" content provided  
! UNIT_TEST ! 2024-04-22T20:12:22.552411216+00:00 [src/module_file_manager.rs:83] TRACE imbriqua_structure_loader::module_file_manager: Path "tests/module_file_manager/module_flm_07_purge_folder/not_empty_folder_to_purge" is a existing directory 
! UNIT_TEST ! 2024-04-22T20:12:22.552427026+00:00 [src/module_file_manager.rs:83] TRACE imbriqua_structure_loader::module_file_manager: Path "tests/module_file_manager/module_flm_07_purge_folder/not_empty_folder_to_purge" is a existing directory 
! UNIT_TEST ! 2024-04-22T20:12:22.552473744+00:00 [src/module_file_manager.rs:109] TRACE imbriqua_structure_loader::module_file_manager: Path "tests/module_file_manager/module_flm_07_purge_folder/not_empty_folder_to_purge" content provided  
! UNIT_TEST ! 2024-04-22T20:12:22.552609178+00:00 [src/module_file_manager.rs:235] TRACE imbriqua_structure_loader::module_file_manager: Path "tests/module_file_manager/module_flm_08_check_is_file/file_to_check" is a existing file 
! UNIT_TEST ! 2024-04-22T20:12:22.552778206+00:00 [src/module_file_manager.rs:83] TRACE imbriqua_structure_loader::module_file_manager: Path "tests/module_file_manager/module_flm_06_delete_folder/empty_folder_to_delete" is a existing directory 
! UNIT_TEST ! 2024-04-22T20:12:22.553074129+00:00 [src/module_file_manager.rs:238] ERROR imbriqua_structure_loader::module_file_manager: PANIC_FLM08 - The 'file' isn't a file (or don't exist) : "tests/module_file_manager/module_flm_08_check_is_file_panic_01/file_to_check" 
! UNIT_TEST ! 2024-04-22T20:12:22.553243935+00:00 [src/module_file_manager.rs:235] TRACE imbriqua_structure_loader::module_file_manager: Path "tests/module_file_manager/module_flm_09_write_new_file/writing_file.txt" is a existing file 
! UNIT_TEST ! 2024-04-22T20:12:22.553305345+00:00 [src/module_file_manager.rs:347] TRACE imbriqua_structure_loader::module_file_manager: File "tests/module_file_manager/module_flm_09_write_new_file/writing_file.txt" deleted 
! UNIT_TEST ! 2024-04-22T20:12:22.553346006+00:00 [src/module_file_manager.rs:254] TRACE imbriqua_structure_loader::module_file_manager: The 'file' was created : "tests/module_file_manager/module_flm_09_write_new_file/writing_file.txt" 
! UNIT_TEST ! 2024-04-22T20:12:22.553364193+00:00 [src/module_file_manager.rs:235] TRACE imbriqua_structure_loader::module_file_manager: Path "tests/module_file_manager/module_flm_09_write_new_file/writing_file.txt" is a existing file 
! UNIT_TEST ! 2024-04-22T20:12:22.553434301+00:00 [src/module_file_manager.rs:203] TRACE imbriqua_structure_loader::module_file_manager: Folder "tests/module_file_manager/module_flm_06_delete_folder/empty_folder_to_delete" deleted 
! UNIT_TEST ! 2024-04-22T20:12:22.553457121+00:00 [src/module_file_manager.rs:83] TRACE imbriqua_structure_loader::module_file_manager: Path "tests/module_file_manager/module_flm_06_delete_folder/not_empty_folder_to_delete" is a existing directory 
! UNIT_TEST ! 2024-04-22T20:12:22.553473477+00:00 [src/module_file_manager.rs:83] TRACE imbriqua_structure_loader::module_file_manager: Path "tests/module_file_manager/module_flm_06_delete_folder/not_empty_folder_to_delete" is a existing directory 
! UNIT_TEST ! 2024-04-22T20:12:22.553527561+00:00 [src/module_file_manager.rs:109] TRACE imbriqua_structure_loader::module_file_manager: Path "tests/module_file_manager/module_flm_06_delete_folder/not_empty_folder_to_delete" content provided  
! UNIT_TEST ! 2024-04-22T20:12:22.553546510+00:00 [src/module_file_manager.rs:197] TRACE imbriqua_structure_loader::module_file_manager: Folder "tests/module_file_manager/module_flm_06_delete_folder/not_empty_folder_to_delete" isn't empty (don't delete) 
! UNIT_TEST ! 2024-04-22T20:12:22.553764270+00:00 [src/module_file_manager.rs:235] TRACE imbriqua_structure_loader::module_file_manager: Path "tests/module_file_manager/module_flm_10_get_file_content/file_to_read.txt" is a existing file 
! UNIT_TEST ! 2024-04-22T20:12:22.553803591+00:00 [src/module_file_manager.rs:273] TRACE imbriqua_structure_loader::module_file_manager: The 'file' is readable : "tests/module_file_manager/module_flm_10_get_file_content/file_to_read.txt" 
! UNIT_TEST ! 2024-04-22T20:12:22.553891334+00:00 [src/module_file_manager.rs:235] TRACE imbriqua_structure_loader::module_file_manager: Path "tests/module_file_manager/module_flm_11_get_file_content_as_element/file_to_read.txt" is a existing file 
! UNIT_TEST ! 2024-04-22T20:12:22.553916234+00:00 [src/module_file_manager.rs:235] TRACE imbriqua_structure_loader::module_file_manager: Path "tests/module_file_manager/module_flm_11_get_file_content_as_element/file_to_read.txt" is a existing file 
! UNIT_TEST ! 2024-04-22T20:12:22.553945286+00:00 [src/module_file_manager.rs:273] TRACE imbriqua_structure_loader::module_file_manager: The 'file' is readable : "tests/module_file_manager/module_flm_11_get_file_content_as_element/file_to_read.txt" 
! UNIT_TEST ! 2024-04-22T20:12:22.554038035+00:00 [src/module_file_manager.rs:292] TRACE imbriqua_structure_loader::module_file_manager: Parsing Element : "tests/module_file_manager/module_flm_11_get_file_content_as_element/file_to_read.txt" 
! UNIT_TEST ! 2024-04-22T20:12:22.555464308+00:00 [src/module_file_manager.rs:221] TRACE imbriqua_structure_loader::module_file_manager: Purging content of "tests/module_file_manager/module_flm_07_purge_folder/not_empty_folder_to_purge" 
! UNIT_TEST ! 2024-04-22T20:12:22.555526160+00:00 [src/module_file_manager.rs:83] TRACE imbriqua_structure_loader::module_file_manager: Path "tests/module_file_manager/module_flm_07_purge_folder/not_empty_folder_to_purge" is a existing directory 
! UNIT_TEST ! 2024-04-22T20:12:22.555581317+00:00 [src/module_file_manager.rs:109] TRACE imbriqua_structure_loader::module_file_manager: Path "tests/module_file_manager/module_flm_07_purge_folder/not_empty_folder_to_purge" content provided  
! UNIT_TEST ! 2024-04-22T20:12:22.556073937+00:00 [src/module_file_manager.rs:238] ERROR imbriqua_structure_loader::module_file_manager: PANIC_FLM08 - The 'file' isn't a file (or don't exist) : "tests/module_file_manager/module_flm_11_get_file_content_as_element/from_file.txt" 
! UNIT_TEST ! 2024-04-22T20:12:22.556162797+00:00 [src/module_file_manager.rs:238] ERROR imbriqua_structure_loader::module_file_manager: PANIC_FLM08 - The 'file' isn't a file (or don't exist) : "tests/module_file_manager/module_flm_11_get_file_content_as_element/from_file.txt" 
! UNIT_TEST ! 2024-04-22T20:12:22.556976947+00:00 [src/module_file_manager.rs:235] TRACE imbriqua_structure_loader::module_file_manager: Path "tests/module_log/module_log_02_check_configuration_by_file/config_log.yml" is a existing file 
! UNIT_TEST ! 2024-04-22T20:12:22.557105858+00:00 [src/module_file_manager.rs:273] TRACE imbriqua_structure_loader::module_file_manager: The 'file' is readable : "tests/module_log/module_log_02_check_configuration_by_file/config_log.yml" 
! UNIT_TEST ! 2024-04-22T20:13:20.985683430+00:00 [src/module_log.rs:65] INFO imbriqua_structure_loader::module_log: Log handle loaded 
! UNIT_TEST ! 2024-04-22T20:13:20.985733085+00:00 [src/module_file_manager.rs:83] TRACE imbriqua_structure_loader::module_file_manager: Path "tests/module_file_manager/module_flm_01_check_is_dir/folder_to_check" is a existing directory 
! UNIT_TEST ! 2024-04-22T20:13:20.985928563+00:00 [src/module_file_manager.rs:83] TRACE imbriqua_structure_loader::module_file_manager: Path "tests/module_file_manager/module_flm_02_get_folder_content" is a existing directory 
! UNIT_TEST ! 2024-04-22T20:13:20.986082566+00:00 [src/module_file_manager.rs:109] TRACE imbriqua_structure_loader::module_file_manager: Path "tests/module_file_manager/module_flm_02_get_folder_content" content provided  
! UNIT_TEST ! 2024-04-22T20:13:20.986113550+00:00 [src/module_file_manager.rs:83] TRACE imbriqua_structure_loader::module_file_manager: Path "tests/module_file_manager/module_flm_02_get_folder_content/random_folder_01" is a existing directory 
! UNIT_TEST ! 2024-04-22T20:13:20.986173224+00:00 [src/module_file_manager.rs:109] TRACE imbriqua_structure_loader::module_file_manager: Path "tests/module_file_manager/module_flm_02_get_folder_content/random_folder_01" content provided  
! UNIT_TEST ! 2024-04-22T20:13:20.986203958+00:00 [src/module_file_manager.rs:83] TRACE imbriqua_structure_loader::module_file_manager: Path "tests/module_file_manager/module_flm_02_get_folder_content/random_folder_01/random_folder_03" is a existing directory 
! UNIT_TEST ! 2024-04-22T20:13:20.986249207+00:00 [src/module_file_manager.rs:109] TRACE imbriqua_structure_loader::module_file_manager: Path "tests/module_file_manager/module_flm_02_get_folder_content/random_folder_01/random_folder_03" content provided  
! UNIT_TEST ! 2024-04-22T20:13:20.986278792+00:00 [src/module_file_manager.rs:83] TRACE imbriqua_structure_loader::module_file_manager: Path "tests/module_file_manager/module_flm_02_get_folder_content/random_folder_02" is a existing directory 
! UNIT_TEST ! 2024-04-22T20:13:20.986295750+00:00 [src/module_file_manager.rs:86] ERROR imbriqua_structure_loader::module_file_manager: PANIC_FLM01 - The 'folder' isn't a directory (or don't exist) : "tests/module_file_manager/module_flm_01_check_is_dir_panic_01/folder_to_check" 
! UNIT_TEST ! 2024-04-22T20:13:20.986535601+00:00 [src/module_file_manager.rs:109] TRACE imbriqua_structure_loader::module_file_manager: Path "tests/module_file_manager/module_flm_02_get_folder_content/random_folder_02" content provided  
! UNIT_TEST ! 2024-04-22T20:13:20.986778364+00:00 [src/module_file_manager.rs:83] TRACE imbriqua_structure_loader::module_file_manager: Path "tests/module_file_manager/module_flm_04_copy_folder/to" is a existing directory 
! UNIT_TEST ! 2024-04-22T20:13:20.987351429+00:00 [src/module_file_manager.rs:83] TRACE imbriqua_structure_loader::module_file_manager: Path "tests/module_file_manager/module_flm_03_create_folder/folder_to_create" is a existing directory 
! UNIT_TEST ! 2024-04-22T20:13:20.987412631+00:00 [src/module_file_manager.rs:83] TRACE imbriqua_structure_loader::module_file_manager: Path "tests/module_file_manager/module_flm_05_move_folder/to" is a existing directory 
! UNIT_TEST ! 2024-04-22T20:13:20.987501518+00:00 [src/module_file_manager.rs:203] TRACE imbriqua_structure_loader::module_file_manager: Folder "tests/module_file_manager/module_flm_03_create_folder/folder_to_create" deleted 
! UNIT_TEST ! 2024-04-22T20:13:20.987570015+00:00 [src/module_file_manager.rs:134] TRACE imbriqua_structure_loader::module_file_manager: Folder "tests/module_file_manager/module_flm_03_create_folder/folder_to_create" created 
! UNIT_TEST ! 2024-04-22T20:13:20.987591514+00:00 [src/module_file_manager.rs:83] TRACE imbriqua_structure_loader::module_file_manager: Path "tests/module_file_manager/module_flm_03_create_folder/folder_to_create" is a existing directory 
! UNIT_TEST ! 2024-04-22T20:13:20.987739942+00:00 [src/module_file_manager.rs:203] TRACE imbriqua_structure_loader::module_file_manager: Folder "tests/module_file_manager/module_flm_05_move_folder/to" deleted 
! UNIT_TEST ! 2024-04-22T20:13:20.987761110+00:00 [src/module_file_manager.rs:83] TRACE imbriqua_structure_loader::module_file_manager: Path "tests/module_file_manager/module_flm_06_delete_folder/from" is a existing directory 
! UNIT_TEST ! 2024-04-22T20:13:20.987790587+00:00 [src/module_file_manager.rs:83] TRACE imbriqua_structure_loader::module_file_manager: Path "tests/module_file_manager/module_flm_05_move_folder/from_template" is a existing directory 
! UNIT_TEST ! 2024-04-22T20:13:20.987832764+00:00 [src/module_file_manager.rs:134] TRACE imbriqua_structure_loader::module_file_manager: Folder "tests/module_file_manager/module_flm_06_delete_folder/empty_folder_to_delete" created 
! UNIT_TEST ! 2024-04-22T20:13:20.987869986+00:00 [src/module_file_manager.rs:134] TRACE imbriqua_structure_loader::module_file_manager: Folder "tests/module_file_manager/module_flm_05_move_folder/from" created 
! UNIT_TEST ! 2024-04-22T20:13:20.987892445+00:00 [src/module_file_manager.rs:83] TRACE imbriqua_structure_loader::module_file_manager: Path "tests/module_file_manager/module_flm_05_move_folder/from" is a existing directory 
! UNIT_TEST ! 2024-04-22T20:13:20.987907977+00:00 [src/module_file_manager.rs:83] TRACE imbriqua_structure_loader::module_file_manager: Path "tests/module_file_manager/module_flm_05_move_folder/from" is a existing directory 
! UNIT_TEST ! 2024-04-22T20:13:20.987922762+00:00 [src/module_file_manager.rs:83] TRACE imbriqua_structure_loader::module_file_manager: Path "tests/module_file_manager/module_flm_05_move_folder/from_template" is a existing directory 
! UNIT_TEST ! 2024-04-22T20:13:20.987988726+00:00 [src/module_file_manager.rs:109] TRACE imbriqua_structure_loader::module_file_manager: Path "tests/module_file_manager/module_flm_05_move_folder/from_template" content provided  
! UNIT_TEST ! 2024-04-22T20:13:20.988545856+00:00 [src/module_file_manager.rs:203] TRACE imbriqua_structure_loader::module_file_manager: Folder "tests/module_file_manager/module_flm_04_copy_folder/to" deleted 
! UNIT_TEST ! 2024-04-22T20:13:20.988580022+00:00 [src/module_file_manager.rs:83] TRACE imbriqua_structure_loader::module_file_manager: Path "tests/module_file_manager/module_flm_04_copy_folder/from" is a existing directory 
! UNIT_TEST ! 2024-04-22T20:13:20.988632502+00:00 [src/module_file_manager.rs:134] TRACE imbriqua_structure_loader::module_file_manager: Folder "tests/module_file_manager/module_flm_04_copy_folder/to" created 
! UNIT_TEST ! 2024-04-22T20:13:20.988652473+00:00 [src/module_file_manager.rs:83] TRACE imbriqua_structure_loader::module_file_manager: Path "tests/module_file_manager/module_flm_04_copy_folder/to" is a existing directory 
! UNIT_TEST ! 2024-04-22T20:13:20.988674356+00:00 [src/module_file_manager.rs:83] TRACE imbriqua_structure_loader::module_file_manager: Path "tests/module_file_manager/module_flm_04_copy_folder/to" is a existing directory 
! UNIT_TEST ! 2024-04-22T20:13:20.988689949+00:00 [src/module_file_manager.rs:83] TRACE imbriqua_structure_loader::module_file_manager: Path "tests/module_file_manager/module_flm_04_copy_folder/from" is a existing directory 
! UNIT_TEST ! 2024-04-22T20:13:20.988745581+00:00 [src/module_file_manager.rs:109] TRACE imbriqua_structure_loader::module_file_manager: Path "tests/module_file_manager/module_flm_04_copy_folder/from" content provided  
! UNIT_TEST ! 2024-04-22T20:13:20.988924732+00:00 [src/module_file_manager.rs:158] TRACE imbriqua_structure_loader::module_file_manager: File "tests/module_file_manager/module_flm_05_move_folder/from_template" copied 
! UNIT_TEST ! 2024-04-22T20:13:20.988956600+00:00 [src/module_file_manager.rs:83] TRACE imbriqua_structure_loader::module_file_manager: Path "tests/module_file_manager/module_flm_05_move_folder/from" is a existing directory 
! UNIT_TEST ! 2024-04-22T20:13:20.989011628+00:00 [src/module_file_manager.rs:109] TRACE imbriqua_structure_loader::module_file_manager: Path "tests/module_file_manager/module_flm_05_move_folder/from" content provided  
! UNIT_TEST ! 2024-04-22T20:13:20.989034401+00:00 [src/module_file_manager.rs:83] TRACE imbriqua_structure_loader::module_file_manager: Path "tests/module_file_manager/module_flm_05_move_folder/from/random_folder_01" is a existing directory 
! UNIT_TEST ! 2024-04-22T20:13:20.989080620+00:00 [src/module_file_manager.rs:109] TRACE imbriqua_structure_loader::module_file_manager: Path "tests/module_file_manager/module_flm_05_move_folder/from/random_folder_01" content provided  
! UNIT_TEST ! 2024-04-22T20:13:20.989101640+00:00 [src/module_file_manager.rs:83] TRACE imbriqua_structure_loader::module_file_manager: Path "tests/module_file_manager/module_flm_05_move_folder/from/random_folder_01/random_folder_03" is a existing directory 
! UNIT_TEST ! 2024-04-22T20:13:20.989137424+00:00 [src/module_file_manager.rs:158] TRACE imbriqua_structure_loader::module_file_manager: File "tests/module_file_manager/module_flm_04_copy_folder/from" copied 
! UNIT_TEST ! 2024-04-22T20:13:20.989160434+00:00 [src/module_file_manager.rs:83] TRACE imbriqua_structure_loader::module_file_manager: Path "tests/module_file_manager/module_flm_04_copy_folder/to" is a existing directory 
! UNIT_TEST ! 2024-04-22T20:13:20.989212231+00:00 [src/module_file_manager.rs:109] TRACE imbriqua_structure_loader::module_file_manager: Path "tests/module_file_manager/module_flm_04_copy_folder/to" content provided  
! UNIT_TEST ! 2024-04-22T20:13:20.989233706+00:00 [src/module_file_manager.rs:83] TRACE imbriqua_structure_loader::module_file_manager: Path "tests/module_file_manager/module_flm_04_copy_folder/to/random_folder_01" is a existing directory 
! UNIT_TEST ! 2024-04-22T20:13:20.989276254+00:00 [src/module_file_manager.rs:109] TRACE imbriqua_structure_loader::module_file_manager: Path "tests/module_file_manager/module_flm_04_copy_folder/to/random_folder_01" content provided  
! UNIT_TEST ! 2024-04-22T20:13:20.989296464+00:00 [src/module_file_manager.rs:83] TRACE imbriqua_structure_loader::module_file_manager: Path "tests/module_file_manager/module_flm_04_copy_folder/to/random_folder_01/random_folder_03" is a existing directory 
! UNIT_TEST ! 2024-04-22T20:13:20.989334413+00:00 [src/module_file_manager.rs:109] TRACE imbriqua_structure_loader::module_file_manager: Path "tests/module_file_manager/module_flm_04_copy_folder/to/random_folder_01/random_folder_03" content provided  
! UNIT_TEST ! 2024-04-22T20:13:20.989354211+00:00 [src/module_file_manager.rs:83] TRACE imbriqua_structure_loader::module_file_manager: Path "tests/module_file_manager/module_flm_04_copy_folder/to/random_folder_02" is a existing directory 
! UNIT_TEST ! 2024-04-22T20:13:20.989391501+00:00 [src/module_file_manager.rs:109] TRACE imbriqua_structure_loader::module_file_manager: Path "tests/module_file_manager/module_flm_04_copy_folder/to/random_folder_02" content provided  
! UNIT_TEST ! 2024-04-22T20:13:20.989508245+00:00 [src/module_file_manager.rs:83] TRACE imbriqua_structure_loader::module_file_manager: Path "tests/module_file_manager/module_flm_06_delete_folder/empty_folder_to_delete" is a existing directory 
! UNIT_TEST ! 2024-04-22T20:13:20.989541169+00:00 [src/module_file_manager.rs:83] TRACE imbriqua_structure_loader::module_file_manager: Path "tests/module_file_manager/module_flm_06_delete_folder/empty_folder_to_delete" is a existing directory 
! UNIT_TEST ! 2024-04-22T20:13:20.989558497+00:00 [src/module_file_manager.rs:83] TRACE imbriqua_structure_loader::module_file_manager: Path "tests/module_file_manager/module_flm_06_delete_folder/from" is a existing directory 
! UNIT_TEST ! 2024-04-22T20:13:20.989573497+00:00 [src/module_file_manager.rs:109] TRACE imbriqua_structure_loader::module_file_manager: Path "tests/module_file_manager/module_flm_05_move_folder/from/random_folder_01/random_folder_03" content provided  
! UNIT_TEST ! 2024-04-22T20:13:20.989607038+00:00 [src/module_file_manager.rs:83] TRACE imbriqua_structure_loader::module_file_manager: Path "tests/module_file_manager/module_flm_05_move_folder/from/random_folder_02" is a existing directory 
! UNIT_TEST ! 2024-04-22T20:13:20.989619835+00:00 [src/module_file_manager.rs:109] TRACE imbriqua_structure_loader::module_file_manager: Path "tests/module_file_manager/module_flm_06_delete_folder/from" content provided  
! UNIT_TEST ! 2024-04-22T20:13:20.989653702+00:00 [src/module_file_manager.rs:109] TRACE imbriqua_structure_loader::module_file_manager: Path "tests/module_file_manager/module_flm_05_move_folder/from/random_folder_02" content provided  
! UNIT_TEST ! 2024-04-22T20:13:20.989675302+00:00 [src/module_file_manager.rs:83] TRACE imbriqua_structure_loader::module_file_manager: Path "tests/module_file_manager/module_flm_05_move_folder/from" is a existing directory 
! UNIT_TEST ! 2024-04-22T20:13:20.989727170+00:00 [src/module_file_manager.rs:134] TRACE imbriqua_structure_loader::module_file_manager: Folder "tests/module_file_manager/module_flm_05_move_folder/to" created 
! UNIT_TEST ! 2024-04-22T20:13:20.989746749+00:00 [src/module_file_manager.rs:83] TRACE imbriqua_structure_loader::module_file_manager: Path "tests/module_file_manager/module_flm_05_move_folder/to" is a existing directory 
! UNIT_TEST ! 2024-04-22T20:13:20.989761756+00:00 [src/module_file_manager.rs:83] TRACE imbriqua_structure_loader::module_file_manager: Path "tests/module_file_manager/module_flm_05_move_folder/to" is a existing directory 
! UNIT_TEST ! 2024-04-22T20:13:20.989776435+00:00 [src/module_file_manager.rs:83] TRACE imbriqua_structure_loader::module_file_manager: Path "tests/module_file_manager/module_flm_05_move_folder/from" is a existing directory 
! UNIT_TEST ! 2024-04-22T20:13:20.989825903+00:00 [src/module_file_manager.rs:109] TRACE imbriqua_structure_loader::module_file_manager: Path "tests/module_file_manager/module_flm_05_move_folder/from" content provided  
! UNIT_TEST ! 2024-04-22T20:13:20.990021723+00:00 [src/module_file_manager.rs:158] TRACE imbriqua_structure_loader::module_file_manager: File "tests/module_file_manager/module_flm_06_delete_folder/from" copied 
! UNIT_TEST ! 2024-04-22T20:13:20.990054089+00:00 [src/module_file_manager.rs:83] TRACE imbriqua_structure_loader::module_file_manager: Path "tests/module_file_manager/module_flm_06_delete_folder/empty_folder_to_delete" is a existing directory 
! UNIT_TEST ! 2024-04-22T20:13:20.990276555+00:00 [src/module_file_manager.rs:83] TRACE imbriqua_structure_loader::module_file_manager: Path "tests/module_file_manager/module_flm_07_purge_folder/not_empty_folder_to_purge" is a existing directory 
! UNIT_TEST ! 2024-04-22T20:13:20.990332+00:00 [src/module_file_manager.rs:109] TRACE imbriqua_structure_loader::module_file_manager: Path "tests/module_file_manager/module_flm_07_purge_folder/not_empty_folder_to_purge" content provided  
! UNIT_TEST ! 2024-04-22T20:13:20.990359909+00:00 [src/module_file_manager.rs:83] TRACE imbriqua_structure_loader::module_file_manager: Path "tests/module_file_manager/module_flm_07_purge_folder/from" is a existing directory 
! UNIT_TEST ! 2024-04-22T20:13:20.990376959+00:00 [src/module_file_manager.rs:126] TRACE imbriqua_structure_loader::module_file_manager: Folder "tests/module_file_manager/module_flm_07_purge_folder/not_empty_folder_to_purge" already exist (don't create) 
! UNIT_TEST ! 2024-04-22T20:13:20.990393477+00:00 [src/module_file_manager.rs:83] TRACE imbriqua_structure_loader::module_file_manager: Path "tests/module_file_manager/module_flm_07_purge_folder/not_empty_folder_to_purge" is a existing directory 
! UNIT_TEST ! 2024-04-22T20:13:20.990408758+00:00 [src/module_file_manager.rs:83] TRACE imbriqua_structure_loader::module_file_manager: Path "tests/module_file_manager/module_flm_07_purge_folder/not_empty_folder_to_purge" is a existing directory 
! UNIT_TEST ! 2024-04-22T20:13:20.990423900+00:00 [src/module_file_manager.rs:83] TRACE imbriqua_structure_loader::module_file_manager: Path "tests/module_file_manager/module_flm_07_purge_folder/from" is a existing directory 
! UNIT_TEST ! 2024-04-22T20:13:20.990474977+00:00 [src/module_file_manager.rs:109] TRACE imbriqua_structure_loader::module_file_manager: Path "tests/module_file_manager/module_flm_07_purge_folder/from" content provided  
! UNIT_TEST ! 2024-04-22T20:13:20.990832915+00:00 [src/module_file_manager.rs:158] TRACE imbriqua_structure_loader::module_file_manager: File "tests/module_file_manager/module_flm_07_purge_folder/from" copied 
! UNIT_TEST ! 2024-04-22T20:13:20.991884254+00:00 [src/module_file_manager.rs:203] TRACE imbriqua_structure_loader::module_file_manager: Folder "tests/module_file_manager/module_flm_06_delete_folder/empty_folder_to_delete" deleted 
! UNIT_TEST ! 2024-04-22T20:13:20.991907106+00:00 [src/module_file_manager.rs:83] TRACE imbriqua_structure_loader::module_file_manager: Path "tests/module_file_manager/module_flm_07_purge_folder/not_empty_folder_to_purge" is a existing directory 
! UNIT_TEST ! 2024-04-22T20:13:20.992154622+00:00 [src/module_file_manager.rs:83] TRACE imbriqua_structure_loader::module_file_manager: Path "tests/module_file_manager/module_flm_06_delete_folder/not_empty_folder_to_delete" is a existing directory 
! UNIT_TEST ! 2024-04-22T20:13:20.992182918+00:00 [src/module_file_manager.rs:83] TRACE imbriqua_structure_loader::module_file_manager: Path "tests/module_file_manager/module_flm_06_delete_folder/not_empty_folder_to_delete" is a existing directory 
! UNIT_TEST ! 2024-04-22T20:13:20.992194989+00:00 [src/module_file_manager.rs:109] TRACE imbriqua_structure_loader::module_file_manager: Path "tests/module_file_manager/module_flm_07_purge_folder/not_empty_folder_to_purge" content provided  
! UNIT_TEST ! 2024-04-22T20:13:20.992222629+00:00 [src/module_file_manager.rs:83] TRACE imbriqua_structure_loader::module_file_manager: Path "tests/module_file_manager/module_flm_07_purge_folder/not_empty_folder_to_purge" is a existing directory 
! UNIT_TEST ! 2024-04-22T20:13:20.992239707+00:00 [src/module_file_manager.rs:83] TRACE imbriqua_structure_loader::module_file_manager: Path "tests/module_file_manager/module_flm_07_purge_folder/not_empty_folder_to_purge" is a existing directory 
! UNIT_TEST ! 2024-04-22T20:13:20.992251719+00:00 [src/module_file_manager.rs:109] TRACE imbriqua_structure_loader::module_file_manager: Path "tests/module_file_manager/module_flm_06_delete_folder/not_empty_folder_to_delete" content provided  
! UNIT_TEST ! 2024-04-22T20:13:20.992272994+00:00 [src/module_file_manager.rs:197] TRACE imbriqua_structure_loader::module_file_manager: Folder "tests/module_file_manager/module_flm_06_delete_folder/not_empty_folder_to_delete" isn't empty (don't delete) 
! UNIT_TEST ! 2024-04-22T20:13:20.992288265+00:00 [src/module_file_manager.rs:109] TRACE imbriqua_structure_loader::module_file_manager: Path "tests/module_file_manager/module_flm_07_purge_folder/not_empty_folder_to_purge" content provided  
! UNIT_TEST ! 2024-04-22T20:13:20.992537663+00:00 [src/module_file_manager.rs:221] TRACE imbriqua_structure_loader::module_file_manager: Purging content of "tests/module_file_manager/module_flm_07_purge_folder/not_empty_folder_to_purge" 
! UNIT_TEST ! 2024-04-22T20:13:20.992566225+00:00 [src/module_file_manager.rs:83] TRACE imbriqua_structure_loader::module_file_manager: Path "tests/module_file_manager/module_flm_07_purge_folder/not_empty_folder_to_purge" is a existing directory 
! UNIT_TEST ! 2024-04-22T20:13:20.992579237+00:00 [src/module_file_manager.rs:180] TRACE imbriqua_structure_loader::module_file_manager: File "tests/module_file_manager/module_flm_05_move_folder/from" moved 
! UNIT_TEST ! 2024-04-22T20:13:20.992605227+00:00 [src/module_file_manager.rs:109] TRACE imbriqua_structure_loader::module_file_manager: Path "tests/module_file_manager/module_flm_07_purge_folder/not_empty_folder_to_purge" content provided  
! UNIT_TEST ! 2024-04-22T20:13:20.992619860+00:00 [src/module_file_manager.rs:83] TRACE imbriqua_structure_loader::module_file_manager: Path "tests/module_file_manager/module_flm_05_move_folder/from" is a existing directory 
! UNIT_TEST ! 2024-04-22T20:13:20.992637885+00:00 [src/module_file_manager.rs:83] TRACE imbriqua_structure_loader::module_file_manager: Path "tests/module_file_manager/module_flm_05_move_folder/from" is a existing directory 
! UNIT_TEST ! 2024-04-22T20:13:20.992673883+00:00 [src/module_file_manager.rs:109] TRACE imbriqua_structure_loader::module_file_manager: Path "tests/module_file_manager/module_flm_05_move_folder/from" content provided  
! UNIT_TEST ! 2024-04-22T20:13:20.992745771+00:00 [src/module_file_manager.rs:203] TRACE imbriqua_structure_loader::module_file_manager: Folder "tests/module_file_manager/module_flm_05_move_folder/from" deleted 
! UNIT_TEST ! 2024-04-22T20:13:20.992770111+00:00 [src/module_file_manager.rs:83] TRACE imbriqua_structure_loader::module_file_manager: Path "tests/module_file_manager/module_flm_05_move_folder/to" is a existing directory 
! UNIT_TEST ! 2024-04-22T20:13:20.992821965+00:00 [src/module_file_manager.rs:109] TRACE imbriqua_structure_loader::module_file_manager: Path "tests/module_file_manager/module_flm_05_move_folder/to" content provided  
! UNIT_TEST ! 2024-04-22T20:13:20.992871539+00:00 [src/module_file_manager.rs:83] TRACE imbriqua_structure_loader::module_file_manager: Path "tests/module_file_manager/module_flm_05_move_folder/to/random_folder_01" is a existing directory 
! UNIT_TEST ! 2024-04-22T20:13:20.992924879+00:00 [src/module_file_manager.rs:109] TRACE imbriqua_structure_loader::module_file_manager: Path "tests/module_file_manager/module_flm_05_move_folder/to/random_folder_01" content provided  
! UNIT_TEST ! 2024-04-22T20:13:20.992946433+00:00 [src/module_file_manager.rs:83] TRACE imbriqua_structure_loader::module_file_manager: Path "tests/module_file_manager/module_flm_05_move_folder/to/random_folder_01/random_folder_03" is a existing directory 
! UNIT_TEST ! 2024-04-22T20:13:20.992987255+00:00 [src/module_file_manager.rs:109] TRACE imbriqua_structure_loader::module_file_manager: Path "tests/module_file_manager/module_flm_05_move_folder/to/random_folder_01/random_folder_03" content provided  
! UNIT_TEST ! 2024-04-22T20:13:20.993007820+00:00 [src/module_file_manager.rs:83] TRACE imbriqua_structure_loader::module_file_manager: Path "tests/module_file_manager/module_flm_05_move_folder/to/random_folder_02" is a existing directory 
! UNIT_TEST ! 2024-04-22T20:13:20.993048199+00:00 [src/module_file_manager.rs:109] TRACE imbriqua_structure_loader::module_file_manager: Path "tests/module_file_manager/module_flm_05_move_folder/to/random_folder_02" content provided  
! UNIT_TEST ! 2024-04-22T20:13:20.993107622+00:00 [src/module_file_manager.rs:235] TRACE imbriqua_structure_loader::module_file_manager: Path "tests/module_file_manager/module_flm_08_check_is_file/file_to_check" is a existing file 
! UNIT_TEST ! 2024-04-22T20:13:20.993724599+00:00 [src/module_file_manager.rs:235] TRACE imbriqua_structure_loader::module_file_manager: Path "tests/module_file_manager/module_flm_09_write_new_file/writing_file.txt" is a existing file 
! UNIT_TEST ! 2024-04-22T20:13:20.993811389+00:00 [src/module_file_manager.rs:347] TRACE imbriqua_structure_loader::module_file_manager: File "tests/module_file_manager/module_flm_09_write_new_file/writing_file.txt" deleted 
! UNIT_TEST ! 2024-04-22T20:13:20.995136610+00:00 [src/module_file_manager.rs:254] TRACE imbriqua_structure_loader::module_file_manager: The 'file' was created : "tests/module_file_manager/module_flm_09_write_new_file/writing_file.txt" 
! UNIT_TEST ! 2024-04-22T20:13:20.995170949+00:00 [src/module_file_manager.rs:235] TRACE imbriqua_structure_loader::module_file_manager: Path "tests/module_file_manager/module_flm_09_write_new_file/writing_file.txt" is a existing file 
! UNIT_TEST ! 2024-04-22T20:13:20.995548656+00:00 [src/module_file_manager.rs:235] TRACE imbriqua_structure_loader::module_file_manager: Path "tests/module_file_manager/module_flm_10_get_file_content/file_to_read.txt" is a existing file 
! UNIT_TEST ! 2024-04-22T20:13:20.995600755+00:00 [src/module_file_manager.rs:273] TRACE imbriqua_structure_loader::module_file_manager: The 'file' is readable : "tests/module_file_manager/module_flm_10_get_file_content/file_to_read.txt" 
! UNIT_TEST ! 2024-04-22T20:13:20.995974446+00:00 [src/module_file_manager.rs:238] ERROR imbriqua_structure_loader::module_file_manager: PANIC_FLM08 - The 'file' isn't a file (or don't exist) : "tests/module_file_manager/module_flm_08_check_is_file_panic_01/file_to_check" 
! UNIT_TEST ! 2024-04-22T20:13:20.996264006+00:00 [src/module_file_manager.rs:235] TRACE imbriqua_structure_loader::module_file_manager: Path "tests/module_file_manager/module_flm_11_get_file_content_as_element/file_to_read.txt" is a existing file 
! UNIT_TEST ! 2024-04-22T20:13:20.996321181+00:00 [src/module_file_manager.rs:235] TRACE imbriqua_structure_loader::module_file_manager: Path "tests/module_file_manager/module_flm_11_get_file_content_as_element/file_to_read.txt" is a existing file 
! UNIT_TEST ! 2024-04-22T20:13:20.996357243+00:00 [src/module_file_manager.rs:273] TRACE imbriqua_structure_loader::module_file_manager: The 'file' is readable : "tests/module_file_manager/module_flm_11_get_file_content_as_element/file_to_read.txt" 
! UNIT_TEST ! 2024-04-22T20:13:20.996457155+00:00 [src/module_file_manager.rs:292] TRACE imbriqua_structure_loader::module_file_manager: Parsing Element : "tests/module_file_manager/module_flm_11_get_file_content_as_element/file_to_read.txt" 
! UNIT_TEST ! 2024-04-22T20:13:20.996798487+00:00 [src/module_file_manager.rs:235] TRACE imbriqua_structure_loader::module_file_manager: Path "tests/module_file_manager/module_flm_13_move_file/from_template_file.txt" is a existing file 
! UNIT_TEST ! 2024-04-22T20:13:20.996962600+00:00 [src/module_file_manager.rs:235] TRACE imbriqua_structure_loader::module_file_manager: Path "tests/module_file_manager/module_flm_12_copy_file/from_file.txt" is a existing file 
! UNIT_TEST ! 2024-04-22T20:13:20.997062812+00:00 [src/module_file_manager.rs:313] TRACE imbriqua_structure_loader::module_file_manager: File "tests/module_file_manager/module_flm_12_copy_file/from_file.txt" copied 
! UNIT_TEST ! 2024-04-22T20:13:20.997079409+00:00 [src/module_file_manager.rs:313] TRACE imbriqua_structure_loader::module_file_manager: File "tests/module_file_manager/module_flm_13_move_file/from_template_file.txt" copied 
! UNIT_TEST ! 2024-04-22T20:13:20.997113666+00:00 [src/module_file_manager.rs:235] TRACE imbriqua_structure_loader::module_file_manager: Path "tests/module_file_manager/module_flm_13_move_file/from_file.txt" is a existing file 
! UNIT_TEST ! 2024-04-22T20:13:20.997141945+00:00 [src/module_file_manager.rs:235] TRACE imbriqua_structure_loader::module_file_manager: Path "tests/module_file_manager/module_flm_12_copy_file/to_file.txt" is a existing file 
! UNIT_TEST ! 2024-04-22T20:13:20.997160773+00:00 [src/module_file_manager.rs:273] TRACE imbriqua_structure_loader::module_file_manager: The 'file' is readable : "tests/module_file_manager/module_flm_13_move_file/from_file.txt" 
! UNIT_TEST ! 2024-04-22T20:13:20.997181266+00:00 [src/module_file_manager.rs:273] TRACE imbriqua_structure_loader::module_file_manager: The 'file' is readable : "tests/module_file_manager/module_flm_12_copy_file/to_file.txt" 
! UNIT_TEST ! 2024-04-22T20:13:20.997194030+00:00 [src/module_file_manager.rs:235] TRACE imbriqua_structure_loader::module_file_manager: Path "tests/module_file_manager/module_flm_13_move_file/from_file.txt" is a existing file 
! UNIT_TEST ! 2024-04-22T20:13:20.997361683+00:00 [src/module_file_manager.rs:331] TRACE imbriqua_structure_loader::module_file_manager: File "tests/module_file_manager/module_flm_13_move_file/from_file.txt" moved 
! UNIT_TEST ! 2024-04-22T20:13:20.997386062+00:00 [src/module_file_manager.rs:235] TRACE imbriqua_structure_loader::module_file_manager: Path "tests/module_file_manager/module_flm_13_move_file/to_file.txt" is a existing file 
! UNIT_TEST ! 2024-04-22T20:13:20.997414936+00:00 [src/module_file_manager.rs:273] TRACE imbriqua_structure_loader::module_file_manager: The 'file' is readable : "tests/module_file_manager/module_flm_13_move_file/to_file.txt" 
! UNIT_TEST ! 2024-04-22T20:13:20.998346372+00:00 [src/module_file_manager.rs:235] TRACE imbriqua_structure_loader::module_file_manager: Path "tests/module_log/module_log_02_check_configuration_by_file/config_log.yml" is a existing file 
! UNIT_TEST ! 2024-04-22T20:13:20.998409557+00:00 [src/module_file_manager.rs:273] TRACE imbriqua_structure_loader::module_file_manager: The 'file' is readable : "tests/module_log/module_log_02_check_configuration_by_file/config_log.yml" 
! UNIT_TEST ! 2024-04-22T20:14:18.902680761+00:00 [src/module_log.rs:65] INFO imbriqua_structure_loader::module_log: Log handle loaded 
! UNIT_TEST ! 2024-04-22T20:14:18.902733563+00:00 [src/module_file_manager.rs:83] TRACE imbriqua_structure_loader::module_file_manager: Path "tests/module_file_manager/module_flm_01_check_is_dir/folder_to_check" is a existing directory 
! UNIT_TEST ! 2024-04-22T20:14:18.902932895+00:00 [src/module_file_manager.rs:83] TRACE imbriqua_structure_loader::module_file_manager: Path "tests/module_file_manager/module_flm_02_get_folder_content" is a existing directory 
! UNIT_TEST ! 2024-04-22T20:14:18.903090591+00:00 [src/module_file_manager.rs:86] ERROR imbriqua_structure_loader::module_file_manager: PANIC_FLM01 - The 'folder' isn't a directory (or don't exist) : "tests/module_file_manager/module_flm_01_check_is_dir_panic_01/folder_to_check" 
! UNIT_TEST ! 2024-04-22T20:14:18.903186919+00:00 [src/module_file_manager.rs:83] TRACE imbriqua_structure_loader::module_file_manager: Path "tests/module_file_manager/module_flm_03_create_folder/folder_to_create" is a existing directory 
! UNIT_TEST ! 2024-04-22T20:14:18.903354804+00:00 [src/module_file_manager.rs:109] TRACE imbriqua_structure_loader::module_file_manager: Path "tests/module_file_manager/module_flm_02_get_folder_content" content provided  
! UNIT_TEST ! 2024-04-22T20:14:18.903388128+00:00 [src/module_file_manager.rs:83] TRACE imbriqua_structure_loader::module_file_manager: Path "tests/module_file_manager/module_flm_02_get_folder_content/random_folder_01" is a existing directory 
! UNIT_TEST ! 2024-04-22T20:14:18.903447286+00:00 [src/module_file_manager.rs:109] TRACE imbriqua_structure_loader::module_file_manager: Path "tests/module_file_manager/module_flm_02_get_folder_content/random_folder_01" content provided  
! UNIT_TEST ! 2024-04-22T20:14:18.903670549+00:00 [src/module_file_manager.rs:83] TRACE imbriqua_structure_loader::module_file_manager: Path "tests/module_file_manager/module_flm_04_copy_folder/to" is a existing directory 
! UNIT_TEST ! 2024-04-22T20:14:18.903905186+00:00 [src/module_file_manager.rs:203] TRACE imbriqua_structure_loader::module_file_manager: Folder "tests/module_file_manager/module_flm_03_create_folder/folder_to_create" deleted 
! UNIT_TEST ! 2024-04-22T20:14:18.903975780+00:00 [src/module_file_manager.rs:134] TRACE imbriqua_structure_loader::module_file_manager: Folder "tests/module_file_manager/module_flm_03_create_folder/folder_to_create" created 
! UNIT_TEST ! 2024-04-22T20:14:18.904004845+00:00 [src/module_file_manager.rs:83] TRACE imbriqua_structure_loader::module_file_manager: Path "tests/module_file_manager/module_flm_03_create_folder/folder_to_create" is a existing directory 
! UNIT_TEST ! 2024-04-22T20:14:18.904070037+00:00 [src/module_file_manager.rs:83] TRACE imbriqua_structure_loader::module_file_manager: Path "tests/module_file_manager/module_flm_02_get_folder_content/random_folder_01/random_folder_03" is a existing directory 
! UNIT_TEST ! 2024-04-22T20:14:18.904121212+00:00 [src/module_file_manager.rs:109] TRACE imbriqua_structure_loader::module_file_manager: Path "tests/module_file_manager/module_flm_02_get_folder_content/random_folder_01/random_folder_03" content provided  
! UNIT_TEST ! 2024-04-22T20:14:18.904143031+00:00 [src/module_file_manager.rs:83] TRACE imbriqua_structure_loader::module_file_manager: Path "tests/module_file_manager/module_flm_02_get_folder_content/random_folder_02" is a existing directory 
! UNIT_TEST ! 2024-04-22T20:14:18.904182886+00:00 [src/module_file_manager.rs:109] TRACE imbriqua_structure_loader::module_file_manager: Path "tests/module_file_manager/module_flm_02_get_folder_content/random_folder_02" content provided  
! UNIT_TEST ! 2024-04-22T20:14:18.904377405+00:00 [src/module_file_manager.rs:83] TRACE imbriqua_structure_loader::module_file_manager: Path "tests/module_file_manager/module_flm_05_move_folder/to" is a existing directory 
! UNIT_TEST ! 2024-04-22T20:14:18.904674015+00:00 [src/module_file_manager.rs:83] TRACE imbriqua_structure_loader::module_file_manager: Path "tests/module_file_manager/module_flm_06_delete_folder/from" is a existing directory 
! UNIT_TEST ! 2024-04-22T20:14:18.904735483+00:00 [src/module_file_manager.rs:134] TRACE imbriqua_structure_loader::module_file_manager: Folder "tests/module_file_manager/module_flm_06_delete_folder/empty_folder_to_delete" created 
! UNIT_TEST ! 2024-04-22T20:14:18.904755892+00:00 [src/module_file_manager.rs:83] TRACE imbriqua_structure_loader::module_file_manager: Path "tests/module_file_manager/module_flm_06_delete_folder/empty_folder_to_delete" is a existing directory 
! UNIT_TEST ! 2024-04-22T20:14:18.904772275+00:00 [src/module_file_manager.rs:83] TRACE imbriqua_structure_loader::module_file_manager: Path "tests/module_file_manager/module_flm_06_delete_folder/empty_folder_to_delete" is a existing directory 
! UNIT_TEST ! 2024-04-22T20:14:18.904787091+00:00 [src/module_file_manager.rs:83] TRACE imbriqua_structure_loader::module_file_manager: Path "tests/module_file_manager/module_flm_06_delete_folder/from" is a existing directory 
! UNIT_TEST ! 2024-04-22T20:14:18.904841277+00:00 [src/module_file_manager.rs:109] TRACE imbriqua_structure_loader::module_file_manager: Path "tests/module_file_manager/module_flm_06_delete_folder/from" content provided  
! UNIT_TEST ! 2024-04-22T20:14:18.907976136+00:00 [src/module_file_manager.rs:158] TRACE imbriqua_structure_loader::module_file_manager: File "tests/module_file_manager/module_flm_06_delete_folder/from" copied 
! UNIT_TEST ! 2024-04-22T20:14:18.908013002+00:00 [src/module_file_manager.rs:83] TRACE imbriqua_structure_loader::module_file_manager: Path "tests/module_file_manager/module_flm_06_delete_folder/empty_folder_to_delete" is a existing directory 
! UNIT_TEST ! 2024-04-22T20:14:18.908249998+00:00 [src/module_file_manager.rs:203] TRACE imbriqua_structure_loader::module_file_manager: Folder "tests/module_file_manager/module_flm_06_delete_folder/empty_folder_to_delete" deleted 
! UNIT_TEST ! 2024-04-22T20:14:18.908274442+00:00 [src/module_file_manager.rs:83] TRACE imbriqua_structure_loader::module_file_manager: Path "tests/module_file_manager/module_flm_06_delete_folder/not_empty_folder_to_delete" is a existing directory 
! UNIT_TEST ! 2024-04-22T20:14:18.908290658+00:00 [src/module_file_manager.rs:83] TRACE imbriqua_structure_loader::module_file_manager: Path "tests/module_file_manager/module_flm_06_delete_folder/not_empty_folder_to_delete" is a existing directory 
! UNIT_TEST ! 2024-04-22T20:14:18.908371664+00:00 [src/module_file_manager.rs:109] TRACE imbriqua_structure_loader::module_file_manager: Path "tests/module_file_manager/module_flm_06_delete_folder/not_empty_folder_to_delete" content provided  
! UNIT_TEST ! 2024-04-22T20:14:18.908391788+00:00 [src/module_file_manager.rs:197] TRACE imbriqua_structure_loader::module_file_manager: Folder "tests/module_file_manager/module_flm_06_delete_folder/not_empty_folder_to_delete" isn't empty (don't delete) 
! UNIT_TEST ! 2024-04-22T20:14:18.909001793+00:00 [src/module_file_manager.rs:203] TRACE imbriqua_structure_loader::module_file_manager: Folder "tests/module_file_manager/module_flm_04_copy_folder/to" deleted 
! UNIT_TEST ! 2024-04-22T20:14:18.909058873+00:00 [src/module_file_manager.rs:83] TRACE imbriqua_structure_loader::module_file_manager: Path "tests/module_file_manager/module_flm_04_copy_folder/from" is a existing directory 
! UNIT_TEST ! 2024-04-22T20:14:18.909115631+00:00 [src/module_file_manager.rs:134] TRACE imbriqua_structure_loader::module_file_manager: Folder "tests/module_file_manager/module_flm_04_copy_folder/to" created 
! UNIT_TEST ! 2024-04-22T20:14:18.909135367+00:00 [src/module_file_manager.rs:83] TRACE imbriqua_structure_loader::module_file_manager: Path "tests/module_file_manager/module_flm_04_copy_folder/to" is a existing directory 
! UNIT_TEST ! 2024-04-22T20:14:18.909150497+00:00 [src/module_file_manager.rs:83] TRACE imbriqua_structure_loader::module_file_manager: Path "tests/module_file_manager/module_flm_04_copy_folder/to" is a existing directory 
! UNIT_TEST ! 2024-04-22T20:14:18.909165347+00:00 [src/module_file_manager.rs:83] TRACE imbriqua_structure_loader::module_file_manager: Path "tests/module_file_manager/module_flm_04_copy_folder/from" is a existing directory 
! UNIT_TEST ! 2024-04-22T20:14:18.909223608+00:00 [src/module_file_manager.rs:109] TRACE imbriqua_structure_loader::module_file_manager: Path "tests/module_file_manager/module_flm_04_copy_folder/from" content provided  
! UNIT_TEST ! 2024-04-22T20:14:18.909580046+00:00 [src/module_file_manager.rs:158] TRACE imbriqua_structure_loader::module_file_manager: File "tests/module_file_manager/module_flm_04_copy_folder/from" copied 
! UNIT_TEST ! 2024-04-22T20:14:18.909602382+00:00 [src/module_file_manager.rs:83] TRACE imbriqua_structure_loader::module_file_manager: Path "tests/module_file_manager/module_flm_04_copy_folder/to" is a existing directory 
! UNIT_TEST ! 2024-04-22T20:14:18.909651264+00:00 [src/module_file_manager.rs:109] TRACE imbriqua_structure_loader::module_file_manager: Path "tests/module_file_manager/module_flm_04_copy_folder/to" content provided  
! UNIT_TEST ! 2024-04-22T20:14:18.909672289+00:00 [src/module_file_manager.rs:83] TRACE imbriqua_structure_loader::module_file_manager: Path "tests/module_file_manager/module_flm_04_copy_folder/to/random_folder_01" is a existing directory 
! UNIT_TEST ! 2024-04-22T20:14:18.909715008+00:00 [src/module_file_manager.rs:109] TRACE imbriqua_structure_loader::module_file_manager: Path "tests/module_file_manager/module_flm_04_copy_folder/to/random_folder_01" content provided  
! UNIT_TEST ! 2024-04-22T20:14:18.909735533+00:00 [src/module_file_manager.rs:83] TRACE imbriqua_structure_loader::module_file_manager: Path "tests/module_file_manager/module_flm_04_copy_folder/to/random_folder_01/random_folder_03" is a existing directory 
! UNIT_TEST ! 2024-04-22T20:14:18.909839639+00:00 [src/module_file_manager.rs:109] TRACE imbriqua_structure_loader::module_file_manager: Path "tests/module_file_manager/module_flm_04_copy_folder/to/random_folder_01/random_folder_03" content provided  
! UNIT_TEST ! 2024-04-22T20:14:18.909915970+00:00 [src/module_file_manager.rs:83] TRACE imbriqua_structure_loader::module_file_manager: Path "tests/module_file_manager/module_flm_04_copy_folder/to/random_folder_02" is a existing directory 
! UNIT_TEST ! 2024-04-22T20:14:18.909960662+00:00 [src/module_file_manager.rs:109] TRACE imbriqua_structure_loader::module_file_manager: Path "tests/module_file_manager/module_flm_04_copy_folder/to/random_folder_02" content provided  
! UNIT_TEST ! 2024-04-22T20:14:18.910059173+00:00 [src/module_file_manager.rs:203] TRACE imbriqua_structure_loader::module_file_manager: Folder "tests/module_file_manager/module_flm_05_move_folder/to" deleted 
! UNIT_TEST ! 2024-04-22T20:14:18.910084615+00:00 [src/module_file_manager.rs:83] TRACE imbriqua_structure_loader::module_file_manager: Path "tests/module_file_manager/module_flm_05_move_folder/from_template" is a existing directory 
! UNIT_TEST ! 2024-04-22T20:14:18.910138729+00:00 [src/module_file_manager.rs:134] TRACE imbriqua_structure_loader::module_file_manager: Folder "tests/module_file_manager/module_flm_05_move_folder/from" created 
! UNIT_TEST ! 2024-04-22T20:14:18.910158168+00:00 [src/module_file_manager.rs:83] TRACE imbriqua_structure_loader::module_file_manager: Path "tests/module_file_manager/module_flm_05_move_folder/from" is a existing directory 
! UNIT_TEST ! 2024-04-22T20:14:18.910173937+00:00 [src/module_file_manager.rs:83] TRACE imbriqua_structure_loader::module_file_manager: Path "tests/module_file_manager/module_flm_05_move_folder/from" is a existing directory 
! UNIT_TEST ! 2024-04-22T20:14:18.910188744+00:00 [src/module_file_manager.rs:83] TRACE imbriqua_structure_loader::module_file_manager: Path "tests/module_file_manager/module_flm_05_move_folder/from_template" is a existing directory 
! UNIT_TEST ! 2024-04-22T20:14:18.910247432+00:00 [src/module_file_manager.rs:109] TRACE imbriqua_structure_loader::module_file_manager: Path "tests/module_file_manager/module_flm_05_move_folder/from_template" content provided  
! UNIT_TEST ! 2024-04-22T20:14:18.910605513+00:00 [src/module_file_manager.rs:158] TRACE imbriqua_structure_loader::module_file_manager: File "tests/module_file_manager/module_flm_05_move_folder/from_template" copied 
! UNIT_TEST ! 2024-04-22T20:14:18.910628325+00:00 [src/module_file_manager.rs:83] TRACE imbriqua_structure_loader::module_file_manager: Path "tests/module_file_manager/module_flm_05_move_folder/from" is a existing directory 
! UNIT_TEST ! 2024-04-22T20:14:18.910677640+00:00 [src/module_file_manager.rs:109] TRACE imbriqua_structure_loader::module_file_manager: Path "tests/module_file_manager/module_flm_05_move_folder/from" content provided  
! UNIT_TEST ! 2024-04-22T20:14:18.910698204+00:00 [src/module_file_manager.rs:83] TRACE imbriqua_structure_loader::module_file_manager: Path "tests/module_file_manager/module_flm_05_move_folder/from/random_folder_01" is a existing directory 
! UNIT_TEST ! 2024-04-22T20:14:18.910740149+00:00 [src/module_file_manager.rs:109] TRACE imbriqua_structure_loader::module_file_manager: Path "tests/module_file_manager/module_flm_05_move_folder/from/random_folder_01" content provided  
! UNIT_TEST ! 2024-04-22T20:14:18.910760567+00:00 [src/module_file_manager.rs:83] TRACE imbriqua_structure_loader::module_file_manager: Path "tests/module_file_manager/module_flm_05_move_folder/from/random_folder_01/random_folder_03" is a existing directory 
! UNIT_TEST ! 2024-04-22T20:14:18.910798067+00:00 [src/module_file_manager.rs:109] TRACE imbriqua_structure_loader::module_file_manager: Path "tests/module_file_manager/module_flm_05_move_folder/from/random_folder_01/random_folder_03" content provided  
! UNIT_TEST ! 2024-04-22T20:14:18.910817613+00:00 [src/module_file_manager.rs:83] TRACE imbriqua_structure_loader::module_file_manager: Path "tests/module_file_manager/module_flm_05_move_folder/from/random_folder_02" is a existing directory 
! UNIT_TEST ! 2024-04-22T20:14:18.913249910+00:00 [src/module_file_manager.rs:235] TRACE imbriqua_structure_loader::module_file_manager: Path "tests/module_file_manager/module_flm_08_check_is_file/file_to_check" is a existing file 
! UNIT_TEST ! 2024-04-22T20:14:18.913459685+00:00 [src/module_file_manager.rs:83] TRACE imbriqua_structure_loader::module_file_manager: Path "tests/module_file_manager/module_flm_07_purge_folder/not_empty_folder_to_purge" is a existing directory 
! UNIT_TEST ! 2024-04-22T20:14:18.913534617+00:00 [src/module_file_manager.rs:109] TRACE imbriqua_structure_loader::module_file_manager: Path "tests/module_file_manager/module_flm_07_purge_folder/not_empty_folder_to_purge" content provided  
! UNIT_TEST ! 2024-04-22T20:14:18.913565968+00:00 [src/module_file_manager.rs:83] TRACE imbriqua_structure_loader::module_file_manager: Path "tests/module_file_manager/module_flm_07_purge_folder/from" is a existing directory 
! UNIT_TEST ! 2024-04-22T20:14:18.913582796+00:00 [src/module_file_manager.rs:126] TRACE imbriqua_structure_loader::module_file_manager: Folder "tests/module_file_manager/module_flm_07_purge_folder/not_empty_folder_to_purge" already exist (don't create) 
! UNIT_TEST ! 2024-04-22T20:14:18.913598766+00:00 [src/module_file_manager.rs:83] TRACE imbriqua_structure_loader::module_file_manager: Path "tests/module_file_manager/module_flm_07_purge_folder/not_empty_folder_to_purge" is a existing directory 
! UNIT_TEST ! 2024-04-22T20:14:18.913613112+00:00 [src/module_file_manager.rs:83] TRACE imbriqua_structure_loader::module_file_manager: Path "tests/module_file_manager/module_flm_07_purge_folder/not_empty_folder_to_purge" is a existing directory 
! UNIT_TEST ! 2024-04-22T20:14:18.913627424+00:00 [src/module_file_manager.rs:83] TRACE imbriqua_structure_loader::module_file_manager: Path "tests/module_file_manager/module_flm_07_purge_folder/from" is a existing directory 
! UNIT_TEST ! 2024-04-22T20:14:18.913679361+00:00 [src/module_file_manager.rs:109] TRACE imbriqua_structure_loader::module_file_manager: Path "tests/module_file_manager/module_flm_07_purge_folder/from" content provided  
! UNIT_TEST ! 2024-04-22T20:14:18.913948095+00:00 [src/module_file_manager.rs:109] TRACE imbriqua_structure_loader::module_file_manager: Path "tests/module_file_manager/module_flm_05_move_folder/from/random_folder_02" content provided  
! UNIT_TEST ! 2024-04-22T20:14:18.913988470+00:00 [src/module_file_manager.rs:83] TRACE imbriqua_structure_loader::module_file_manager: Path "tests/module_file_manager/module_flm_05_move_folder/from" is a existing directory 
! UNIT_TEST ! 2024-04-22T20:14:18.914031455+00:00 [src/module_file_manager.rs:238] ERROR imbriqua_structure_loader::module_file_manager: PANIC_FLM08 - The 'file' isn't a file (or don't exist) : "tests/module_file_manager/module_flm_08_check_is_file_panic_01/file_to_check" 
! UNIT_TEST ! 2024-04-22T20:14:18.914138449+00:00 [src/module_file_manager.rs:134] TRACE imbriqua_structure_loader::module_file_manager: Folder "tests/module_file_manager/module_flm_05_move_folder/to" created 
! UNIT_TEST ! 2024-04-22T20:14:18.914283537+00:00 [src/module_file_manager.rs:83] TRACE imbriqua_structure_loader::module_file_manager: Path "tests/module_file_manager/module_flm_05_move_folder/to" is a existing directory 
! UNIT_TEST ! 2024-04-22T20:14:18.914301219+00:00 [src/module_file_manager.rs:83] TRACE imbriqua_structure_loader::module_file_manager: Path "tests/module_file_manager/module_flm_05_move_folder/to" is a existing directory 
! UNIT_TEST ! 2024-04-22T20:14:18.914317700+00:00 [src/module_file_manager.rs:83] TRACE imbriqua_structure_loader::module_file_manager: Path "tests/module_file_manager/module_flm_05_move_folder/from" is a existing directory 
! UNIT_TEST ! 2024-04-22T20:14:18.914342567+00:00 [src/module_file_manager.rs:235] TRACE imbriqua_structure_loader::module_file_manager: Path "tests/module_file_manager/module_flm_09_write_new_file/writing_file.txt" is a existing file 
! UNIT_TEST ! 2024-04-22T20:14:18.914378309+00:00 [src/module_file_manager.rs:109] TRACE imbriqua_structure_loader::module_file_manager: Path "tests/module_file_manager/module_flm_05_move_folder/from" content provided  
! UNIT_TEST ! 2024-04-22T20:14:18.914419653+00:00 [src/module_file_manager.rs:347] TRACE imbriqua_structure_loader::module_file_manager: File "tests/module_file_manager/module_flm_09_write_new_file/writing_file.txt" deleted 
! UNIT_TEST ! 2024-04-22T20:14:18.914462778+00:00 [src/module_file_manager.rs:254] TRACE imbriqua_structure_loader::module_file_manager: The 'file' was created : "tests/module_file_manager/module_flm_09_write_new_file/writing_file.txt" 
! UNIT_TEST ! 2024-04-22T20:14:18.914487896+00:00 [src/module_file_manager.rs:235] TRACE imbriqua_structure_loader::module_file_manager: Path "tests/module_file_manager/module_flm_09_write_new_file/writing_file.txt" is a existing file 
! UNIT_TEST ! 2024-04-22T20:14:18.914723263+00:00 [src/module_file_manager.rs:235] TRACE imbriqua_structure_loader::module_file_manager: Path "tests/module_file_manager/module_flm_10_get_file_content/file_to_read.txt" is a existing file 
! UNIT_TEST ! 2024-04-22T20:14:18.914766647+00:00 [src/module_file_manager.rs:273] TRACE imbriqua_structure_loader::module_file_manager: The 'file' is readable : "tests/module_file_manager/module_flm_10_get_file_content/file_to_read.txt" 
! UNIT_TEST ! 2024-04-22T20:14:18.914888141+00:00 [src/module_file_manager.rs:158] TRACE imbriqua_structure_loader::module_file_manager: File "tests/module_file_manager/module_flm_07_purge_folder/from" copied 
! UNIT_TEST ! 2024-04-22T20:14:18.914922739+00:00 [src/module_file_manager.rs:83] TRACE imbriqua_structure_loader::module_file_manager: Path "tests/module_file_manager/module_flm_07_purge_folder/not_empty_folder_to_purge" is a existing directory 
! UNIT_TEST ! 2024-04-22T20:14:18.914984659+00:00 [src/module_file_manager.rs:109] TRACE imbriqua_structure_loader::module_file_manager: Path "tests/module_file_manager/module_flm_07_purge_folder/not_empty_folder_to_purge" content provided  
! UNIT_TEST ! 2024-04-22T20:14:18.915000538+00:00 [src/module_file_manager.rs:235] TRACE imbriqua_structure_loader::module_file_manager: Path "tests/module_file_manager/module_flm_11_get_file_content_as_element/file_to_read.txt" is a existing file 
! UNIT_TEST ! 2024-04-22T20:14:18.915042138+00:00 [src/module_file_manager.rs:83] TRACE imbriqua_structure_loader::module_file_manager: Path "tests/module_file_manager/module_flm_07_purge_folder/not_empty_folder_to_purge" is a existing directory 
! UNIT_TEST ! 2024-04-22T20:14:18.915076881+00:00 [src/module_file_manager.rs:83] TRACE imbriqua_structure_loader::module_file_manager: Path "tests/module_file_manager/module_flm_07_purge_folder/not_empty_folder_to_purge" is a existing directory 
! UNIT_TEST ! 2024-04-22T20:14:18.915106175+00:00 [src/module_file_manager.rs:235] TRACE imbriqua_structure_loader::module_file_manager: Path "tests/module_file_manager/module_flm_11_get_file_content_as_element/file_to_read.txt" is a existing file 
! UNIT_TEST ! 2024-04-22T20:14:18.915139456+00:00 [src/module_file_manager.rs:109] TRACE imbriqua_structure_loader::module_file_manager: Path "tests/module_file_manager/module_flm_07_purge_folder/not_empty_folder_to_purge" content provided  
! UNIT_TEST ! 2024-04-22T20:14:18.915155244+00:00 [src/module_file_manager.rs:273] TRACE imbriqua_structure_loader::module_file_manager: The 'file' is readable : "tests/module_file_manager/module_flm_11_get_file_content_as_element/file_to_read.txt" 
! UNIT_TEST ! 2024-04-22T20:14:18.915192662+00:00 [src/module_file_manager.rs:180] TRACE imbriqua_structure_loader::module_file_manager: File "tests/module_file_manager/module_flm_05_move_folder/from" moved 
! UNIT_TEST ! 2024-04-22T20:14:18.915218383+00:00 [src/module_file_manager.rs:83] TRACE imbriqua_structure_loader::module_file_manager: Path "tests/module_file_manager/module_flm_05_move_folder/from" is a existing directory 
! UNIT_TEST ! 2024-04-22T20:14:18.915234007+00:00 [src/module_file_manager.rs:83] TRACE imbriqua_structure_loader::module_file_manager: Path "tests/module_file_manager/module_flm_05_move_folder/from" is a existing directory 
! UNIT_TEST ! 2024-04-22T20:14:18.915265857+00:00 [src/module_file_manager.rs:292] TRACE imbriqua_structure_loader::module_file_manager: Parsing Element : "tests/module_file_manager/module_flm_11_get_file_content_as_element/file_to_read.txt" 
! UNIT_TEST ! 2024-04-22T20:14:18.915291103+00:00 [src/module_file_manager.rs:109] TRACE imbriqua_structure_loader::module_file_manager: Path "tests/module_file_manager/module_flm_05_move_folder/from" content provided  
! UNIT_TEST ! 2024-04-22T20:14:18.915360684+00:00 [src/module_file_manager.rs:221] TRACE imbriqua_structure_loader::module_file_manager: Purging content of "tests/module_file_manager/module_flm_07_purge_folder/not_empty_folder_to_purge" 
! UNIT_TEST ! 2024-04-22T20:14:18.915393341+00:00 [src/module_file_manager.rs:83] TRACE imbriqua_structure_loader::module_file_manager: Path "tests/module_file_manager/module_flm_07_purge_folder/not_empty_folder_to_purge" is a existing directory 
! UNIT_TEST ! 2024-04-22T20:14:18.919179635+00:00 [src/module_file_manager.rs:203] TRACE imbriqua_structure_loader::module_file_manager: Folder "tests/module_file_manager/module_flm_05_move_folder/from" deleted 
! UNIT_TEST ! 2024-04-22T20:14:18.919243784+00:00 [src/module_file_manager.rs:109] TRACE imbriqua_structure_loader::module_file_manager: Path "tests/module_file_manager/module_flm_07_purge_folder/not_empty_folder_to_purge" content provided  
! UNIT_TEST ! 2024-04-22T20:14:18.919329134+00:00 [src/module_file_manager.rs:235] TRACE imbriqua_structure_loader::module_file_manager: Path "tests/module_file_manager/module_flm_12_copy_file/to_file.txt" is a existing file 
! UNIT_TEST ! 2024-04-22T20:14:18.919388533+00:00 [src/module_file_manager.rs:83] TRACE imbriqua_structure_loader::module_file_manager: Path "tests/module_file_manager/module_flm_05_move_folder/to" is a existing directory 
! UNIT_TEST ! 2024-04-22T20:14:18.919426887+00:00 [src/module_file_manager.rs:347] TRACE imbriqua_structure_loader::module_file_manager: File "tests/module_file_manager/module_flm_12_copy_file/to_file.txt" deleted 
! UNIT_TEST ! 2024-04-22T20:14:18.919453079+00:00 [src/module_file_manager.rs:235] TRACE imbriqua_structure_loader::module_file_manager: Path "tests/module_file_manager/module_flm_12_copy_file/from_file.txt" is a existing file 
! UNIT_TEST ! 2024-04-22T20:14:18.919469516+00:00 [src/module_file_manager.rs:109] TRACE imbriqua_structure_loader::module_file_manager: Path "tests/module_file_manager/module_flm_05_move_folder/to" content provided  
! UNIT_TEST ! 2024-04-22T20:14:18.919495227+00:00 [src/module_file_manager.rs:83] TRACE imbriqua_structure_loader::module_file_manager: Path "tests/module_file_manager/module_flm_05_move_folder/to/random_folder_01" is a existing directory 
! UNIT_TEST ! 2024-04-22T20:14:18.919533556+00:00 [src/module_file_manager.rs:313] TRACE imbriqua_structure_loader::module_file_manager: File "tests/module_file_manager/module_flm_12_copy_file/from_file.txt" copied 
! UNIT_TEST ! 2024-04-22T20:14:18.919549736+00:00 [src/module_file_manager.rs:109] TRACE imbriqua_structure_loader::module_file_manager: Path "tests/module_file_manager/module_flm_05_move_folder/to/random_folder_01" content provided  
! UNIT_TEST ! 2024-04-22T20:14:18.919564377+00:00 [src/module_file_manager.rs:235] TRACE imbriqua_structure_loader::module_file_manager: Path "tests/module_file_manager/module_flm_12_copy_file/to_file.txt" is a existing file 
! UNIT_TEST ! 2024-04-22T20:14:18.919576381+00:00 [src/module_file_manager.rs:83] TRACE imbriqua_structure_loader::module_file_manager: Path "tests/module_file_manager/module_flm_05_move_folder/to/random_folder_01/random_folder_03" is a existing directory 
! UNIT_TEST ! 2024-04-22T20:14:18.919594387+00:00 [src/module_file_manager.rs:273] TRACE imbriqua_structure_loader::module_file_manager: The 'file' is readable : "tests/module_file_manager/module_flm_12_copy_file/to_file.txt" 
! UNIT_TEST ! 2024-04-22T20:14:18.919641208+00:00 [src/module_file_manager.rs:109] TRACE imbriqua_structure_loader::module_file_manager: Path "tests/module_file_manager/module_flm_05_move_folder/to/random_folder_01/random_folder_03" content provided  
! UNIT_TEST ! 2024-04-22T20:14:18.919780276+00:00 [src/module_file_manager.rs:83] TRACE imbriqua_structure_loader::module_file_manager: Path "tests/module_file_manager/module_flm_05_move_folder/to/random_folder_02" is a existing directory 
! UNIT_TEST ! 2024-04-22T20:14:18.919825863+00:00 [src/module_file_manager.rs:109] TRACE imbriqua_structure_loader::module_file_manager: Path "tests/module_file_manager/module_flm_05_move_folder/to/random_folder_02" content provided  
! UNIT_TEST ! 2024-04-22T20:14:18.920279501+00:00 [src/module_file_manager.rs:235] TRACE imbriqua_structure_loader::module_file_manager: Path "tests/module_log/module_log_02_check_configuration_by_file/config_log.yml" is a existing file 
! UNIT_TEST ! 2024-04-22T20:14:18.920326064+00:00 [src/module_file_manager.rs:273] TRACE imbriqua_structure_loader::module_file_manager: The 'file' is readable : "tests/module_log/module_log_02_check_configuration_by_file/config_log.yml" 
! UNIT_TEST ! 2024-04-22T20:14:18.920921647+00:00 [src/module_file_manager.rs:235] TRACE imbriqua_structure_loader::module_file_manager: Path "tests/module_file_manager/module_flm_13_move_file/to_file.txt" is a existing file 
! UNIT_TEST ! 2024-04-22T20:14:18.921001514+00:00 [src/module_file_manager.rs:347] TRACE imbriqua_structure_loader::module_file_manager: File "tests/module_file_manager/module_flm_13_move_file/to_file.txt" deleted 
! UNIT_TEST ! 2024-04-22T20:14:18.921024876+00:00 [src/module_file_manager.rs:235] TRACE imbriqua_structure_loader::module_file_manager: Path "tests/module_file_manager/module_flm_13_move_file/from_template_file.txt" is a existing file 
! UNIT_TEST ! 2024-04-22T20:14:18.921096518+00:00 [src/module_file_manager.rs:313] TRACE imbriqua_structure_loader::module_file_manager: File "tests/module_file_manager/module_flm_13_move_file/from_template_file.txt" copied 
! UNIT_TEST ! 2024-04-22T20:14:18.921116330+00:00 [src/module_file_manager.rs:235] TRACE imbriqua_structure_loader::module_file_manager: Path "tests/module_file_manager/module_flm_13_move_file/from_file.txt" is a existing file 
! UNIT_TEST ! 2024-04-22T20:14:18.921144729+00:00 [src/module_file_manager.rs:273] TRACE imbriqua_structure_loader::module_file_manager: The 'file' is readable : "tests/module_file_manager/module_flm_13_move_file/from_file.txt" 
! UNIT_TEST ! 2024-04-22T20:14:18.921160773+00:00 [src/module_file_manager.rs:235] TRACE imbriqua_structure_loader::module_file_manager: Path "tests/module_file_manager/module_flm_13_move_file/from_file.txt" is a existing file 
! UNIT_TEST ! 2024-04-22T20:14:18.921240364+00:00 [src/module_file_manager.rs:331] TRACE imbriqua_structure_loader::module_file_manager: File "tests/module_file_manager/module_flm_13_move_file/from_file.txt" moved 
! UNIT_TEST ! 2024-04-22T20:14:18.921262965+00:00 [src/module_file_manager.rs:235] TRACE imbriqua_structure_loader::module_file_manager: Path "tests/module_file_manager/module_flm_13_move_file/to_file.txt" is a existing file 
! UNIT_TEST ! 2024-04-22T20:14:18.921290951+00:00 [src/module_file_manager.rs:273] TRACE imbriqua_structure_loader::module_file_manager: The 'file' is readable : "tests/module_file_manager/module_flm_13_move_file/to_file.txt" 
! UNIT_TEST ! 2024-04-22T20:22:49.958567907+00:00 [src/module_log.rs:65] INFO imbriqua_structure_loader::module_log: Log handle loaded 
! UNIT_TEST ! 2024-04-22T20:22:49.958616655+00:00 [src/module_file_manager.rs:83] TRACE imbriqua_structure_loader::module_file_manager: Path "tests/module_file_manager/module_flm_01_check_is_dir/folder_to_check" is a existing directory 
! UNIT_TEST ! 2024-04-22T20:22:49.958686974+00:00 [src/module_file_manager.rs:86] ERROR imbriqua_structure_loader::module_file_manager: PANIC_FLM01 - The 'folder' isn't a directory (or don't exist) : "tests/module_file_manager/module_flm_01_check_is_dir_panic_01/folder_to_check" 
! UNIT_TEST ! 2024-04-22T20:22:49.958882757+00:00 [src/module_file_manager.rs:83] TRACE imbriqua_structure_loader::module_file_manager: Path "tests/module_file_manager/module_flm_02_get_folder_content" is a existing directory 
! UNIT_TEST ! 2024-04-22T20:22:49.958996396+00:00 [src/module_file_manager.rs:109] TRACE imbriqua_structure_loader::module_file_manager: Path "tests/module_file_manager/module_flm_02_get_folder_content" content provided  
! UNIT_TEST ! 2024-04-22T20:22:49.959030978+00:00 [src/module_file_manager.rs:83] TRACE imbriqua_structure_loader::module_file_manager: Path "tests/module_file_manager/module_flm_02_get_folder_content/random_folder_01" is a existing directory 
! UNIT_TEST ! 2024-04-22T20:22:49.959068192+00:00 [src/module_file_manager.rs:83] TRACE imbriqua_structure_loader::module_file_manager: Path "tests/module_file_manager/module_flm_03_create_folder/folder_to_create" is a existing directory 
! UNIT_TEST ! 2024-04-22T20:22:49.959149824+00:00 [src/module_file_manager.rs:109] TRACE imbriqua_structure_loader::module_file_manager: Path "tests/module_file_manager/module_flm_02_get_folder_content/random_folder_01" content provided  
! UNIT_TEST ! 2024-04-22T20:22:49.959178032+00:00 [src/module_file_manager.rs:83] TRACE imbriqua_structure_loader::module_file_manager: Path "tests/module_file_manager/module_flm_02_get_folder_content/random_folder_01/random_folder_03" is a existing directory 
! UNIT_TEST ! 2024-04-22T20:22:49.959230445+00:00 [src/module_file_manager.rs:109] TRACE imbriqua_structure_loader::module_file_manager: Path "tests/module_file_manager/module_flm_02_get_folder_content/random_folder_01/random_folder_03" content provided  
! UNIT_TEST ! 2024-04-22T20:22:49.959251841+00:00 [src/module_file_manager.rs:83] TRACE imbriqua_structure_loader::module_file_manager: Path "tests/module_file_manager/module_flm_02_get_folder_content/random_folder_02" is a existing directory 
! UNIT_TEST ! 2024-04-22T20:22:49.959291249+00:00 [src/module_file_manager.rs:109] TRACE imbriqua_structure_loader::module_file_manager: Path "tests/module_file_manager/module_flm_02_get_folder_content/random_folder_02" content provided  
! UNIT_TEST ! 2024-04-22T20:22:49.959380194+00:00 [src/module_file_manager.rs:83] TRACE imbriqua_structure_loader::module_file_manager: Path "tests/module_file_manager/module_flm_04_copy_folder/to" is a existing directory 
! UNIT_TEST ! 2024-04-22T20:22:49.959657386+00:00 [src/module_file_manager.rs:203] TRACE imbriqua_structure_loader::module_file_manager: Folder "tests/module_file_manager/module_flm_04_copy_folder/to" deleted 
! UNIT_TEST ! 2024-04-22T20:22:49.959682458+00:00 [src/module_file_manager.rs:83] TRACE imbriqua_structure_loader::module_file_manager: Path "tests/module_file_manager/module_flm_04_copy_folder/from" is a existing directory 
! UNIT_TEST ! 2024-04-22T20:22:49.959737525+00:00 [src/module_file_manager.rs:134] TRACE imbriqua_structure_loader::module_file_manager: Folder "tests/module_file_manager/module_flm_04_copy_folder/to" created 
! UNIT_TEST ! 2024-04-22T20:22:49.959755860+00:00 [src/module_file_manager.rs:83] TRACE imbriqua_structure_loader::module_file_manager: Path "tests/module_file_manager/module_flm_04_copy_folder/to" is a existing directory 
! UNIT_TEST ! 2024-04-22T20:22:49.959770560+00:00 [src/module_file_manager.rs:83] TRACE imbriqua_structure_loader::module_file_manager: Path "tests/module_file_manager/module_flm_04_copy_folder/to" is a existing directory 
! UNIT_TEST ! 2024-04-22T20:22:49.959784589+00:00 [src/module_file_manager.rs:83] TRACE imbriqua_structure_loader::module_file_manager: Path "tests/module_file_manager/module_flm_04_copy_folder/from" is a existing directory 
! UNIT_TEST ! 2024-04-22T20:22:49.959834916+00:00 [src/module_file_manager.rs:109] TRACE imbriqua_structure_loader::module_file_manager: Path "tests/module_file_manager/module_flm_04_copy_folder/from" content provided  
! UNIT_TEST ! 2024-04-22T20:22:49.960220898+00:00 [src/module_file_manager.rs:158] TRACE imbriqua_structure_loader::module_file_manager: File "tests/module_file_manager/module_flm_04_copy_folder/from" copied 
! UNIT_TEST ! 2024-04-22T20:22:49.960243421+00:00 [src/module_file_manager.rs:83] TRACE imbriqua_structure_loader::module_file_manager: Path "tests/module_file_manager/module_flm_04_copy_folder/to" is a existing directory 
! UNIT_TEST ! 2024-04-22T20:22:49.960294579+00:00 [src/module_file_manager.rs:109] TRACE imbriqua_structure_loader::module_file_manager: Path "tests/module_file_manager/module_flm_04_copy_folder/to" content provided  
! UNIT_TEST ! 2024-04-22T20:22:49.960315347+00:00 [src/module_file_manager.rs:83] TRACE imbriqua_structure_loader::module_file_manager: Path "tests/module_file_manager/module_flm_04_copy_folder/to/random_folder_01" is a existing directory 
! UNIT_TEST ! 2024-04-22T20:22:49.960365345+00:00 [src/module_file_manager.rs:109] TRACE imbriqua_structure_loader::module_file_manager: Path "tests/module_file_manager/module_flm_04_copy_folder/to/random_folder_01" content provided  
! UNIT_TEST ! 2024-04-22T20:22:49.960386606+00:00 [src/module_file_manager.rs:83] TRACE imbriqua_structure_loader::module_file_manager: Path "tests/module_file_manager/module_flm_04_copy_folder/to/random_folder_01/random_folder_03" is a existing directory 
! UNIT_TEST ! 2024-04-22T20:22:49.960408243+00:00 [src/module_file_manager.rs:203] TRACE imbriqua_structure_loader::module_file_manager: Folder "tests/module_file_manager/module_flm_03_create_folder/folder_to_create" deleted 
! UNIT_TEST ! 2024-04-22T20:22:49.960432365+00:00 [src/module_file_manager.rs:109] TRACE imbriqua_structure_loader::module_file_manager: Path "tests/module_file_manager/module_flm_04_copy_folder/to/random_folder_01/random_folder_03" content provided  
! UNIT_TEST ! 2024-04-22T20:22:49.960454374+00:00 [src/module_file_manager.rs:83] TRACE imbriqua_structure_loader::module_file_manager: Path "tests/module_file_manager/module_flm_04_copy_folder/to/random_folder_02" is a existing directory 
! UNIT_TEST ! 2024-04-22T20:22:49.960478769+00:00 [src/module_file_manager.rs:134] TRACE imbriqua_structure_loader::module_file_manager: Folder "tests/module_file_manager/module_flm_03_create_folder/folder_to_create" created 
! UNIT_TEST ! 2024-04-22T20:22:49.960495003+00:00 [src/module_file_manager.rs:109] TRACE imbriqua_structure_loader::module_file_manager: Path "tests/module_file_manager/module_flm_04_copy_folder/to/random_folder_02" content provided  
! UNIT_TEST ! 2024-04-22T20:22:49.960630390+00:00 [src/module_file_manager.rs:83] TRACE imbriqua_structure_loader::module_file_manager: Path "tests/module_file_manager/module_flm_03_create_folder/folder_to_create" is a existing directory 
! UNIT_TEST ! 2024-04-22T20:22:49.960730547+00:00 [src/module_file_manager.rs:83] TRACE imbriqua_structure_loader::module_file_manager: Path "tests/module_file_manager/module_flm_05_move_folder/to" is a existing directory 
! UNIT_TEST ! 2024-04-22T20:22:49.960950781+00:00 [src/module_file_manager.rs:83] TRACE imbriqua_structure_loader::module_file_manager: Path "tests/module_file_manager/module_flm_07_purge_folder/not_empty_folder_to_purge" is a existing directory 
! UNIT_TEST ! 2024-04-22T20:22:49.961000063+00:00 [src/module_file_manager.rs:109] TRACE imbriqua_structure_loader::module_file_manager: Path "tests/module_file_manager/module_flm_07_purge_folder/not_empty_folder_to_purge" content provided  
! UNIT_TEST ! 2024-04-22T20:22:49.961020775+00:00 [src/module_file_manager.rs:83] TRACE imbriqua_structure_loader::module_file_manager: Path "tests/module_file_manager/module_flm_07_purge_folder/from" is a existing directory 
! UNIT_TEST ! 2024-04-22T20:22:49.961036575+00:00 [src/module_file_manager.rs:126] TRACE imbriqua_structure_loader::module_file_manager: Folder "tests/module_file_manager/module_flm_07_purge_folder/not_empty_folder_to_purge" already exist (don't create) 
! UNIT_TEST ! 2024-04-22T20:22:49.961051798+00:00 [src/module_file_manager.rs:83] TRACE imbriqua_structure_loader::module_file_manager: Path "tests/module_file_manager/module_flm_07_purge_folder/not_empty_folder_to_purge" is a existing directory 
! UNIT_TEST ! 2024-04-22T20:22:49.961067163+00:00 [src/module_file_manager.rs:83] TRACE imbriqua_structure_loader::module_file_manager: Path "tests/module_file_manager/module_flm_07_purge_folder/not_empty_folder_to_purge" is a existing directory 
! UNIT_TEST ! 2024-04-22T20:22:49.961082192+00:00 [src/module_file_manager.rs:83] TRACE imbriqua_structure_loader::module_file_manager: Path "tests/module_file_manager/module_flm_07_purge_folder/from" is a existing directory 
! UNIT_TEST ! 2024-04-22T20:22:49.961136363+00:00 [src/module_file_manager.rs:109] TRACE imbriqua_structure_loader::module_file_manager: Path "tests/module_file_manager/module_flm_07_purge_folder/from" content provided  
! UNIT_TEST ! 2024-04-22T20:22:49.961508163+00:00 [src/module_file_manager.rs:158] TRACE imbriqua_structure_loader::module_file_manager: File "tests/module_file_manager/module_flm_07_purge_folder/from" copied 
! UNIT_TEST ! 2024-04-22T20:22:49.961537293+00:00 [src/module_file_manager.rs:83] TRACE imbriqua_structure_loader::module_file_manager: Path "tests/module_file_manager/module_flm_07_purge_folder/not_empty_folder_to_purge" is a existing directory 
! UNIT_TEST ! 2024-04-22T20:22:49.961591272+00:00 [src/module_file_manager.rs:109] TRACE imbriqua_structure_loader::module_file_manager: Path "tests/module_file_manager/module_flm_07_purge_folder/not_empty_folder_to_purge" content provided  
! UNIT_TEST ! 2024-04-22T20:22:49.961612851+00:00 [src/module_file_manager.rs:83] TRACE imbriqua_structure_loader::module_file_manager: Path "tests/module_file_manager/module_flm_07_purge_folder/not_empty_folder_to_purge" is a existing directory 
! UNIT_TEST ! 2024-04-22T20:22:49.961628987+00:00 [src/module_file_manager.rs:83] TRACE imbriqua_structure_loader::module_file_manager: Path "tests/module_file_manager/module_flm_07_purge_folder/not_empty_folder_to_purge" is a existing directory 
! UNIT_TEST ! 2024-04-22T20:22:49.961675490+00:00 [src/module_file_manager.rs:109] TRACE imbriqua_structure_loader::module_file_manager: Path "tests/module_file_manager/module_flm_07_purge_folder/not_empty_folder_to_purge" content provided  
! UNIT_TEST ! 2024-04-22T20:22:49.961895690+00:00 [src/module_file_manager.rs:221] TRACE imbriqua_structure_loader::module_file_manager: Purging content of "tests/module_file_manager/module_flm_07_purge_folder/not_empty_folder_to_purge" 
! UNIT_TEST ! 2024-04-22T20:22:49.961922929+00:00 [src/module_file_manager.rs:83] TRACE imbriqua_structure_loader::module_file_manager: Path "tests/module_file_manager/module_flm_07_purge_folder/not_empty_folder_to_purge" is a existing directory 
! UNIT_TEST ! 2024-04-22T20:22:49.961958196+00:00 [src/module_file_manager.rs:109] TRACE imbriqua_structure_loader::module_file_manager: Path "tests/module_file_manager/module_flm_07_purge_folder/not_empty_folder_to_purge" content provided  
! UNIT_TEST ! 2024-04-22T20:22:49.962059569+00:00 [src/module_file_manager.rs:83] TRACE imbriqua_structure_loader::module_file_manager: Path "tests/module_file_manager/module_flm_06_delete_folder/from" is a existing directory 
! UNIT_TEST ! 2024-04-22T20:22:49.962138030+00:00 [src/module_file_manager.rs:134] TRACE imbriqua_structure_loader::module_file_manager: Folder "tests/module_file_manager/module_flm_06_delete_folder/empty_folder_to_delete" created 
! UNIT_TEST ! 2024-04-22T20:22:49.962160574+00:00 [src/module_file_manager.rs:83] TRACE imbriqua_structure_loader::module_file_manager: Path "tests/module_file_manager/module_flm_06_delete_folder/empty_folder_to_delete" is a existing directory 
! UNIT_TEST ! 2024-04-22T20:22:49.962176740+00:00 [src/module_file_manager.rs:83] TRACE imbriqua_structure_loader::module_file_manager: Path "tests/module_file_manager/module_flm_06_delete_folder/empty_folder_to_delete" is a existing directory 
! UNIT_TEST ! 2024-04-22T20:22:49.962191956+00:00 [src/module_file_manager.rs:83] TRACE imbriqua_structure_loader::module_file_manager: Path "tests/module_file_manager/module_flm_06_delete_folder/from" is a existing directory 
! UNIT_TEST ! 2024-04-22T20:22:49.962203214+00:00 [src/module_file_manager.rs:203] TRACE imbriqua_structure_loader::module_file_manager: Folder "tests/module_file_manager/module_flm_05_move_folder/to" deleted 
! UNIT_TEST ! 2024-04-22T20:22:49.962228913+00:00 [src/module_file_manager.rs:83] TRACE imbriqua_structure_loader::module_file_manager: Path "tests/module_file_manager/module_flm_05_move_folder/from_template" is a existing directory 
! UNIT_TEST ! 2024-04-22T20:22:49.962248410+00:00 [src/module_file_manager.rs:109] TRACE imbriqua_structure_loader::module_file_manager: Path "tests/module_file_manager/module_flm_06_delete_folder/from" content provided  
! UNIT_TEST ! 2024-04-22T20:22:49.962276961+00:00 [src/module_file_manager.rs:134] TRACE imbriqua_structure_loader::module_file_manager: Folder "tests/module_file_manager/module_flm_05_move_folder/from" created 
! UNIT_TEST ! 2024-04-22T20:22:49.962300796+00:00 [src/module_file_manager.rs:83] TRACE imbriqua_structure_loader::module_file_manager: Path "tests/module_file_manager/module_flm_05_move_folder/from" is a existing directory 
! UNIT_TEST ! 2024-04-22T20:22:49.962316327+00:00 [src/module_file_manager.rs:83] TRACE imbriqua_structure_loader::module_file_manager: Path "tests/module_file_manager/module_flm_05_move_folder/from" is a existing directory 
! UNIT_TEST ! 2024-04-22T20:22:49.962330412+00:00 [src/module_file_manager.rs:83] TRACE imbriqua_structure_loader::module_file_manager: Path "tests/module_file_manager/module_flm_05_move_folder/from_template" is a existing directory 
! UNIT_TEST ! 2024-04-22T20:22:49.962386829+00:00 [src/module_file_manager.rs:109] TRACE imbriqua_structure_loader::module_file_manager: Path "tests/module_file_manager/module_flm_05_move_folder/from_template" content provided  
! UNIT_TEST ! 2024-04-22T20:22:49.962401642+00:00 [src/module_file_manager.rs:235] TRACE imbriqua_structure_loader::module_file_manager: Path "tests/module_file_manager/module_flm_08_check_is_file/file_to_check" is a existing file 
! UNIT_TEST ! 2024-04-22T20:22:49.962607027+00:00 [src/module_file_manager.rs:158] TRACE imbriqua_structure_loader::module_file_manager: File "tests/module_file_manager/module_flm_06_delete_folder/from" copied 
! UNIT_TEST ! 2024-04-22T20:22:49.962636324+00:00 [src/module_file_manager.rs:83] TRACE imbriqua_structure_loader::module_file_manager: Path "tests/module_file_manager/module_flm_06_delete_folder/empty_folder_to_delete" is a existing directory 
! UNIT_TEST ! 2024-04-22T20:22:49.962735858+00:00 [src/module_file_manager.rs:158] TRACE imbriqua_structure_loader::module_file_manager: File "tests/module_file_manager/module_flm_05_move_folder/from_template" copied 
! UNIT_TEST ! 2024-04-22T20:22:49.962758676+00:00 [src/module_file_manager.rs:83] TRACE imbriqua_structure_loader::module_file_manager: Path "tests/module_file_manager/module_flm_05_move_folder/from" is a existing directory 
! UNIT_TEST ! 2024-04-22T20:22:49.962807407+00:00 [src/module_file_manager.rs:109] TRACE imbriqua_structure_loader::module_file_manager: Path "tests/module_file_manager/module_flm_05_move_folder/from" content provided  
! UNIT_TEST ! 2024-04-22T20:22:49.962828656+00:00 [src/module_file_manager.rs:83] TRACE imbriqua_structure_loader::module_file_manager: Path "tests/module_file_manager/module_flm_05_move_folder/from/random_folder_01" is a existing directory 
! UNIT_TEST ! 2024-04-22T20:22:49.962893448+00:00 [src/module_file_manager.rs:109] TRACE imbriqua_structure_loader::module_file_manager: Path "tests/module_file_manager/module_flm_05_move_folder/from/random_folder_01" content provided  
! UNIT_TEST ! 2024-04-22T20:22:49.962918276+00:00 [src/module_file_manager.rs:83] TRACE imbriqua_structure_loader::module_file_manager: Path "tests/module_file_manager/module_flm_05_move_folder/from/random_folder_01/random_folder_03" is a existing directory 
! UNIT_TEST ! 2024-04-22T20:22:49.962958521+00:00 [src/module_file_manager.rs:109] TRACE imbriqua_structure_loader::module_file_manager: Path "tests/module_file_manager/module_flm_05_move_folder/from/random_folder_01/random_folder_03" content provided  
! UNIT_TEST ! 2024-04-22T20:22:49.962978624+00:00 [src/module_file_manager.rs:83] TRACE imbriqua_structure_loader::module_file_manager: Path "tests/module_file_manager/module_flm_05_move_folder/from/random_folder_02" is a existing directory 
! UNIT_TEST ! 2024-04-22T20:22:49.963017317+00:00 [src/module_file_manager.rs:109] TRACE imbriqua_structure_loader::module_file_manager: Path "tests/module_file_manager/module_flm_05_move_folder/from/random_folder_02" content provided  
! UNIT_TEST ! 2024-04-22T20:22:49.963037285+00:00 [src/module_file_manager.rs:83] TRACE imbriqua_structure_loader::module_file_manager: Path "tests/module_file_manager/module_flm_05_move_folder/from" is a existing directory 
! UNIT_TEST ! 2024-04-22T20:22:49.963085345+00:00 [src/module_file_manager.rs:134] TRACE imbriqua_structure_loader::module_file_manager: Folder "tests/module_file_manager/module_flm_05_move_folder/to" created 
! UNIT_TEST ! 2024-04-22T20:22:49.963109005+00:00 [src/module_file_manager.rs:83] TRACE imbriqua_structure_loader::module_file_manager: Path "tests/module_file_manager/module_flm_05_move_folder/to" is a existing directory 
! UNIT_TEST ! 2024-04-22T20:22:49.963124780+00:00 [src/module_file_manager.rs:83] TRACE imbriqua_structure_loader::module_file_manager: Path "tests/module_file_manager/module_flm_05_move_folder/to" is a existing directory 
! UNIT_TEST ! 2024-04-22T20:22:49.963139069+00:00 [src/module_file_manager.rs:83] TRACE imbriqua_structure_loader::module_file_manager: Path "tests/module_file_manager/module_flm_05_move_folder/from" is a existing directory 
! UNIT_TEST ! 2024-04-22T20:22:49.963188769+00:00 [src/module_file_manager.rs:109] TRACE imbriqua_structure_loader::module_file_manager: Path "tests/module_file_manager/module_flm_05_move_folder/from" content provided  
! UNIT_TEST ! 2024-04-22T20:22:49.963752067+00:00 [src/module_file_manager.rs:180] TRACE imbriqua_structure_loader::module_file_manager: File "tests/module_file_manager/module_flm_05_move_folder/from" moved 
! UNIT_TEST ! 2024-04-22T20:22:49.963774906+00:00 [src/module_file_manager.rs:83] TRACE imbriqua_structure_loader::module_file_manager: Path "tests/module_file_manager/module_flm_05_move_folder/from" is a existing directory 
! UNIT_TEST ! 2024-04-22T20:22:49.963790303+00:00 [src/module_file_manager.rs:83] TRACE imbriqua_structure_loader::module_file_manager: Path "tests/module_file_manager/module_flm_05_move_folder/from" is a existing directory 
! UNIT_TEST ! 2024-04-22T20:22:49.963821111+00:00 [src/module_file_manager.rs:109] TRACE imbriqua_structure_loader::module_file_manager: Path "tests/module_file_manager/module_flm_05_move_folder/from" content provided  
! UNIT_TEST ! 2024-04-22T20:22:49.963965839+00:00 [src/module_file_manager.rs:238] ERROR imbriqua_structure_loader::module_file_manager: PANIC_FLM08 - The 'file' isn't a file (or don't exist) : "tests/module_file_manager/module_flm_08_check_is_file_panic_01/file_to_check" 
! UNIT_TEST ! 2024-04-22T20:22:49.964033660+00:00 [src/module_file_manager.rs:203] TRACE imbriqua_structure_loader::module_file_manager: Folder "tests/module_file_manager/module_flm_06_delete_folder/empty_folder_to_delete" deleted 
! UNIT_TEST ! 2024-04-22T20:22:49.964075692+00:00 [src/module_file_manager.rs:83] TRACE imbriqua_structure_loader::module_file_manager: Path "tests/module_file_manager/module_flm_06_delete_folder/not_empty_folder_to_delete" is a existing directory 
! UNIT_TEST ! 2024-04-22T20:22:49.964093079+00:00 [src/module_file_manager.rs:83] TRACE imbriqua_structure_loader::module_file_manager: Path "tests/module_file_manager/module_flm_06_delete_folder/not_empty_folder_to_delete" is a existing directory 
! UNIT_TEST ! 2024-04-22T20:22:49.964150615+00:00 [src/module_file_manager.rs:109] TRACE imbriqua_structure_loader::module_file_manager: Path "tests/module_file_manager/module_flm_06_delete_folder/not_empty_folder_to_delete" content provided  
! UNIT_TEST ! 2024-04-22T20:22:49.964170537+00:00 [src/module_file_manager.rs:197] TRACE imbriqua_structure_loader::module_file_manager: Folder "tests/module_file_manager/module_flm_06_delete_folder/not_empty_folder_to_delete" isn't empty (don't delete) 
! UNIT_TEST ! 2024-04-22T20:22:49.964211747+00:00 [src/module_file_manager.rs:203] TRACE imbriqua_structure_loader::module_file_manager: Folder "tests/module_file_manager/module_flm_05_move_folder/from" deleted 
! UNIT_TEST ! 2024-04-22T20:22:49.964243099+00:00 [src/module_file_manager.rs:83] TRACE imbriqua_structure_loader::module_file_manager: Path "tests/module_file_manager/module_flm_05_move_folder/to" is a existing directory 
! UNIT_TEST ! 2024-04-22T20:22:49.964301377+00:00 [src/module_file_manager.rs:109] TRACE imbriqua_structure_loader::module_file_manager: Path "tests/module_file_manager/module_flm_05_move_folder/to" content provided  
! UNIT_TEST ! 2024-04-22T20:22:49.964323583+00:00 [src/module_file_manager.rs:83] TRACE imbriqua_structure_loader::module_file_manager: Path "tests/module_file_manager/module_flm_05_move_folder/to/random_folder_01" is a existing directory 
! UNIT_TEST ! 2024-04-22T20:22:49.964376077+00:00 [src/module_file_manager.rs:109] TRACE imbriqua_structure_loader::module_file_manager: Path "tests/module_file_manager/module_flm_05_move_folder/to/random_folder_01" content provided  
! UNIT_TEST ! 2024-04-22T20:22:49.964397780+00:00 [src/module_file_manager.rs:83] TRACE imbriqua_structure_loader::module_file_manager: Path "tests/module_file_manager/module_flm_05_move_folder/to/random_folder_01/random_folder_03" is a existing directory 
! UNIT_TEST ! 2024-04-22T20:22:49.964438652+00:00 [src/module_file_manager.rs:109] TRACE imbriqua_structure_loader::module_file_manager: Path "tests/module_file_manager/module_flm_05_move_folder/to/random_folder_01/random_folder_03" content provided  
! UNIT_TEST ! 2024-04-22T20:22:49.964458778+00:00 [src/module_file_manager.rs:83] TRACE imbriqua_structure_loader::module_file_manager: Path "tests/module_file_manager/module_flm_05_move_folder/to/random_folder_02" is a existing directory 
! UNIT_TEST ! 2024-04-22T20:22:49.964498640+00:00 [src/module_file_manager.rs:109] TRACE imbriqua_structure_loader::module_file_manager: Path "tests/module_file_manager/module_flm_05_move_folder/to/random_folder_02" content provided  
! UNIT_TEST ! 2024-04-22T20:22:49.964586132+00:00 [src/module_file_manager.rs:235] TRACE imbriqua_structure_loader::module_file_manager: Path "tests/module_file_manager/module_flm_10_get_file_content/file_to_read.txt" is a existing file 
! UNIT_TEST ! 2024-04-22T20:22:49.964624574+00:00 [src/module_file_manager.rs:273] TRACE imbriqua_structure_loader::module_file_manager: The 'file' is readable : "tests/module_file_manager/module_flm_10_get_file_content/file_to_read.txt" 
! UNIT_TEST ! 2024-04-22T20:22:49.964830486+00:00 [src/module_file_manager.rs:235] TRACE imbriqua_structure_loader::module_file_manager: Path "tests/module_file_manager/module_flm_12_copy_file/to_file.txt" is a existing file 
! UNIT_TEST ! 2024-04-22T20:22:49.964979727+00:00 [src/module_file_manager.rs:347] TRACE imbriqua_structure_loader::module_file_manager: File "tests/module_file_manager/module_flm_12_copy_file/to_file.txt" deleted 
! UNIT_TEST ! 2024-04-22T20:22:49.965006649+00:00 [src/module_file_manager.rs:235] TRACE imbriqua_structure_loader::module_file_manager: Path "tests/module_file_manager/module_flm_12_copy_file/from_file.txt" is a existing file 
! UNIT_TEST ! 2024-04-22T20:22:49.965080745+00:00 [src/module_file_manager.rs:313] TRACE imbriqua_structure_loader::module_file_manager: File "tests/module_file_manager/module_flm_12_copy_file/from_file.txt" copied 
! UNIT_TEST ! 2024-04-22T20:22:49.965100885+00:00 [src/module_file_manager.rs:235] TRACE imbriqua_structure_loader::module_file_manager: Path "tests/module_file_manager/module_flm_12_copy_file/to_file.txt" is a existing file 
! UNIT_TEST ! 2024-04-22T20:22:49.965129340+00:00 [src/module_file_manager.rs:273] TRACE imbriqua_structure_loader::module_file_manager: The 'file' is readable : "tests/module_file_manager/module_flm_12_copy_file/to_file.txt" 
! UNIT_TEST ! 2024-04-22T20:22:49.965188450+00:00 [src/module_file_manager.rs:235] TRACE imbriqua_structure_loader::module_file_manager: Path "tests/module_file_manager/module_flm_09_write_new_file/writing_file.txt" is a existing file 
! UNIT_TEST ! 2024-04-22T20:22:49.965246849+00:00 [src/module_file_manager.rs:347] TRACE imbriqua_structure_loader::module_file_manager: File "tests/module_file_manager/module_flm_09_write_new_file/writing_file.txt" deleted 
! UNIT_TEST ! 2024-04-22T20:22:49.965285676+00:00 [src/module_file_manager.rs:254] TRACE imbriqua_structure_loader::module_file_manager: The 'file' was created : "tests/module_file_manager/module_flm_09_write_new_file/writing_file.txt" 
! UNIT_TEST ! 2024-04-22T20:22:49.965303981+00:00 [src/module_file_manager.rs:235] TRACE imbriqua_structure_loader::module_file_manager: Path "tests/module_file_manager/module_flm_09_write_new_file/writing_file.txt" is a existing file 
! UNIT_TEST ! 2024-04-22T20:22:49.965791161+00:00 [src/module_file_manager.rs:235] TRACE imbriqua_structure_loader::module_file_manager: Path "tests/module_file_manager/module_flm_13_move_file/to_file.txt" is a existing file 
! UNIT_TEST ! 2024-04-22T20:22:49.965885483+00:00 [src/module_file_manager.rs:347] TRACE imbriqua_structure_loader::module_file_manager: File "tests/module_file_manager/module_flm_13_move_file/to_file.txt" deleted 
! UNIT_TEST ! 2024-04-22T20:22:49.965911921+00:00 [src/module_file_manager.rs:235] TRACE imbriqua_structure_loader::module_file_manager: Path "tests/module_file_manager/module_flm_13_move_file/from_template_file.txt" is a existing file 
! UNIT_TEST ! 2024-04-22T20:22:49.965980347+00:00 [src/module_file_manager.rs:313] TRACE imbriqua_structure_loader::module_file_manager: File "tests/module_file_manager/module_flm_13_move_file/from_template_file.txt" copied 
! UNIT_TEST ! 2024-04-22T20:22:49.966000448+00:00 [src/module_file_manager.rs:235] TRACE imbriqua_structure_loader::module_file_manager: Path "tests/module_file_manager/module_flm_13_move_file/from_file.txt" is a existing file 
! UNIT_TEST ! 2024-04-22T20:22:49.966031237+00:00 [src/module_file_manager.rs:273] TRACE imbriqua_structure_loader::module_file_manager: The 'file' is readable : "tests/module_file_manager/module_flm_13_move_file/from_file.txt" 
! UNIT_TEST ! 2024-04-22T20:22:49.966048414+00:00 [src/module_file_manager.rs:235] TRACE imbriqua_structure_loader::module_file_manager: Path "tests/module_file_manager/module_flm_13_move_file/from_file.txt" is a existing file 
! UNIT_TEST ! 2024-04-22T20:22:49.966130688+00:00 [src/module_file_manager.rs:331] TRACE imbriqua_structure_loader::module_file_manager: File "tests/module_file_manager/module_flm_13_move_file/from_file.txt" moved 
! UNIT_TEST ! 2024-04-22T20:22:49.966153972+00:00 [src/module_file_manager.rs:235] TRACE imbriqua_structure_loader::module_file_manager: Path "tests/module_file_manager/module_flm_13_move_file/to_file.txt" is a existing file 
! UNIT_TEST ! 2024-04-22T20:22:49.966182288+00:00 [src/module_file_manager.rs:273] TRACE imbriqua_structure_loader::module_file_manager: The 'file' is readable : "tests/module_file_manager/module_flm_13_move_file/to_file.txt" 
! UNIT_TEST ! 2024-04-22T20:22:49.966539244+00:00 [src/module_file_manager.rs:235] TRACE imbriqua_structure_loader::module_file_manager: Path "tests/module_file_manager/module_flm_14_delete_file/template_file_to_delete.txt" is a existing file 
! UNIT_TEST ! 2024-04-22T20:22:49.966616882+00:00 [src/module_file_manager.rs:313] TRACE imbriqua_structure_loader::module_file_manager: File "tests/module_file_manager/module_flm_14_delete_file/template_file_to_delete.txt" copied 
! UNIT_TEST ! 2024-04-22T20:22:49.966639895+00:00 [src/module_file_manager.rs:235] TRACE imbriqua_structure_loader::module_file_manager: Path "tests/module_file_manager/module_flm_14_delete_file/file_to_delete.txt" is a existing file 
! UNIT_TEST ! 2024-04-22T20:22:49.966668718+00:00 [src/module_file_manager.rs:273] TRACE imbriqua_structure_loader::module_file_manager: The 'file' is readable : "tests/module_file_manager/module_flm_14_delete_file/file_to_delete.txt" 
! UNIT_TEST ! 2024-04-22T20:22:49.966685582+00:00 [src/module_file_manager.rs:235] TRACE imbriqua_structure_loader::module_file_manager: Path "tests/module_file_manager/module_flm_14_delete_file/file_to_delete.txt" is a existing file 
! UNIT_TEST ! 2024-04-22T20:22:49.966723578+00:00 [src/module_file_manager.rs:347] TRACE imbriqua_structure_loader::module_file_manager: File "tests/module_file_manager/module_flm_14_delete_file/file_to_delete.txt" deleted 
! UNIT_TEST ! 2024-04-22T20:22:49.967692813+00:00 [src/module_file_manager.rs:235] TRACE imbriqua_structure_loader::module_file_manager: Path "tests/module_log/module_log_02_check_configuration_by_file/config_log.yml" is a existing file 
! UNIT_TEST ! 2024-04-22T20:22:49.968150781+00:00 [src/module_file_manager.rs:235] TRACE imbriqua_structure_loader::module_file_manager: Path "tests/module_file_manager/module_flm_11_get_file_content_as_element/file_to_read.txt" is a existing file 
! UNIT_TEST ! 2024-04-22T20:22:49.968218482+00:00 [src/module_file_manager.rs:235] TRACE imbriqua_structure_loader::module_file_manager: Path "tests/module_file_manager/module_flm_11_get_file_content_as_element/file_to_read.txt" is a existing file 
! UNIT_TEST ! 2024-04-22T20:22:49.968256785+00:00 [src/module_file_manager.rs:273] TRACE imbriqua_structure_loader::module_file_manager: The 'file' is readable : "tests/module_file_manager/module_flm_11_get_file_content_as_element/file_to_read.txt" 
! UNIT_TEST ! 2024-04-22T20:22:49.968320692+00:00 [src/module_file_manager.rs:273] TRACE imbriqua_structure_loader::module_file_manager: The 'file' is readable : "tests/module_log/module_log_02_check_configuration_by_file/config_log.yml" 
! UNIT_TEST ! 2024-04-22T20:22:49.968354593+00:00 [src/module_file_manager.rs:292] TRACE imbriqua_structure_loader::module_file_manager: Parsing Element : "tests/module_file_manager/module_flm_11_get_file_content_as_element/file_to_read.txt" 
